###############################################################################
#
# IAR ELF Linker V9.40.1.364/W64 for ARM                  29/May/2024  19:15:55
# Copyright 2007-2023 IAR Systems AB.
#
#    Output file  =  C:\IAR\iar\Debug_m7_0\Exe\cyt4bb7_cm_7_0.out
#    Map file     =  C:\IAR\iar\Debug_m7_0\List\cyt4bb7_cm_7_0.map
#    Command line =
#        -f C:\IAR\iar\Debug_m7_0\Exe\cyt4bb7_cm_7_0.out.rsp
#        (C:\IAR\iar\Debug_m7_0\Obj\code_17896468042025673432.dir\Algorithm.o
#        C:\IAR\iar\Debug_m7_0\Obj\user_8514941877209965082.dir\cm7_0_isr.o
#        C:\IAR\iar\Debug_m7_0\Obj\code_17896468042025673432.dir\Common_Peripherals.o
#        C:\IAR\iar\Debug_m7_0\Obj\adc_11722776235721520015.dir\cy_adc.o
#        C:\IAR\iar\Debug_m7_0\Obj\button_4990804375159372270.dir\cy_button.o
#        C:\IAR\iar\Debug_m7_0\Obj\canfd_1800690984773873875.dir\cy_canfd.o
#        C:\IAR\iar\Debug_m7_0\Obj\cpu_15938736945165268644.dir\cy_cpu.o
#        C:\IAR\iar\Debug_m7_0\Obj\crypto_1190170608956581615.dir\cy_crypto_config.o
#        C:\IAR\iar\Debug_m7_0\Obj\eth_phy_18133017486186456677.dir\cy_dp83867.o
#        C:\IAR\iar\Debug_m7_0\Obj\ethernet_6029839089178797009.dir\cy_ethif.o
#        C:\IAR\iar\Debug_m7_0\Obj\evtgen_3404189088603873129.dir\cy_evtgen.o
#        C:\IAR\iar\Debug_m7_0\Obj\flash_8529866181315662935.dir\cy_flash.o
#        C:\IAR\iar\Debug_m7_0\Obj\gpio_3999404635324069351.dir\cy_gpio.o
#        C:\IAR\iar\Debug_m7_0\Obj\audioss_1346650047966882938.dir\cy_i2s.o
#        C:\IAR\iar\Debug_m7_0\Obj\rev_b_6162237342861132223.dir\cy_interrupt_map.o
#        C:\IAR\iar\Debug_m7_0\Obj\ipc_10145506163450686023.dir\cy_ipc_drv.o
#        C:\IAR\iar\Debug_m7_0\Obj\ipc_10145506163450686023.dir\cy_ipc_pipe.o
#        C:\IAR\iar\Debug_m7_0\Obj\ipc_10145506163450686023.dir\cy_ipc_sema.o
#        C:\IAR\iar\Debug_m7_0\Obj\lin_18429031207028094880.dir\cy_lin.o
#        C:\IAR\iar\Debug_m7_0\Obj\lvd_6353935867039560245.dir\cy_lvd.o
#        C:\IAR\iar\Debug_m7_0\Obj\mcwdt_4052485907822033969.dir\cy_mcwdt.o
#        C:\IAR\iar\Debug_m7_0\Obj\dma_12106025507578611576.dir\cy_mdma.o
#        C:\IAR\iar\Debug_m7_0\Obj\mpu_5663187252346826382.dir\cy_mpu.o
#        C:\IAR\iar\Debug_m7_0\Obj\flash_864493325053435817.dir\cy_mw_flash.o
#        C:\IAR\iar\Debug_m7_0\Obj\dma_12106025507578611576.dir\cy_pdma.o
#        C:\IAR\iar\Debug_m7_0\Obj\power_14453085144426420577.dir\cy_power.o
#        C:\IAR\iar\Debug_m7_0\Obj\prot_10722960861768657883.dir\cy_prot.o
#        C:\IAR\iar\Debug_m7_0\Obj\scb_15490842639181808494.dir\cy_scb_common.o
#        C:\IAR\iar\Debug_m7_0\Obj\scb_15490842639181808494.dir\cy_scb_ezi2c.o
#        C:\IAR\iar\Debug_m7_0\Obj\scb_15490842639181808494.dir\cy_scb_i2c.o
#        C:\IAR\iar\Debug_m7_0\Obj\scb_15490842639181808494.dir\cy_scb_spi.o
#        C:\IAR\iar\Debug_m7_0\Obj\scb_15490842639181808494.dir\cy_scb_uart.o
#        C:\IAR\iar\Debug_m7_0\Obj\sd_host_2982766354293506895.dir\cy_sd_host.o
#        C:\IAR\iar\Debug_m7_0\Obj\semihosting_143864889731838620.dir\cy_semihosting.o
#        C:\IAR\iar\Debug_m7_0\Obj\smartio_5451710003740070188.dir\cy_smartio.o
#        C:\IAR\iar\Debug_m7_0\Obj\smif_427648126384146252.dir\cy_smif.o
#        C:\IAR\iar\Debug_m7_0\Obj\smif_mem_6470536964353725183.dir\cy_smif_device_common.o
#        C:\IAR\iar\Debug_m7_0\Obj\smif_mem_6470536964353725183.dir\cy_smif_hb_flash.o
#        C:\IAR\iar\Debug_m7_0\Obj\smif_427648126384146252.dir\cy_smif_memslot.o
#        C:\IAR\iar\Debug_m7_0\Obj\smif_mem_6470536964353725183.dir\cy_smif_s25fl.o
#        C:\IAR\iar\Debug_m7_0\Obj\smif_mem_6470536964353725183.dir\cy_smif_s25fs.o
#        C:\IAR\iar\Debug_m7_0\Obj\smif_mem_6470536964353725183.dir\cy_smif_semp.o
#        C:\IAR\iar\Debug_m7_0\Obj\smif_427648126384146252.dir\cy_smif_ver_specific.o
#        C:\IAR\iar\Debug_m7_0\Obj\srom_13018798572330080582.dir\cy_srom.o
#        C:\IAR\iar\Debug_m7_0\Obj\sw_timer_4215635015939382130.dir\cy_sw_tmr.o
#        C:\IAR\iar\Debug_m7_0\Obj\sysclk_16149231235676103872.dir\cy_sysclk.o
#        C:\IAR\iar\Debug_m7_0\Obj\sysflt_12293435975120599261.dir\cy_sysflt.o
#        C:\IAR\iar\Debug_m7_0\Obj\sysint_7435970359207984181.dir\cy_sysint.o
#        C:\IAR\iar\Debug_m7_0\Obj\syslib_16330585751512546975.dir\cy_syslib.o
#        C:\IAR\iar\Debug_m7_0\Obj\syslib_16330585751512546975.dir\cy_syslib_iar.o
#        C:\IAR\iar\Debug_m7_0\Obj\syspm_10887939769544754770.dir\cy_syspm.o
#        C:\IAR\iar\Debug_m7_0\Obj\sysreghc_17676636058511625587.dir\cy_sysreghc.o
#        C:\IAR\iar\Debug_m7_0\Obj\sysreset_14586141425677365288.dir\cy_sysreset.o
#        C:\IAR\iar\Debug_m7_0\Obj\sysrtc_10747768817563771611.dir\cy_sysrtc.o
#        C:\IAR\iar\Debug_m7_0\Obj\systick_16016591671695740695.dir\cy_systick.o
#        C:\IAR\iar\Debug_m7_0\Obj\syswdt_9118657615806274156.dir\cy_syswdt.o
#        C:\IAR\iar\Debug_m7_0\Obj\tcpwm_422923530147891246.dir\cy_tcpwm.o
#        C:\IAR\iar\Debug_m7_0\Obj\tcpwm_422923530147891246.dir\cy_tcpwm_counter.o
#        C:\IAR\iar\Debug_m7_0\Obj\tcpwm_422923530147891246.dir\cy_tcpwm_pwm.o
#        C:\IAR\iar\Debug_m7_0\Obj\tcpwm_422923530147891246.dir\cy_tcpwm_quaddec.o
#        C:\IAR\iar\Debug_m7_0\Obj\tcpwm_422923530147891246.dir\cy_tcpwm_sr.o
#        C:\IAR\iar\Debug_m7_0\Obj\trigmux_9729677290734583340.dir\cy_trigmux.o
#        C:\IAR\iar\Debug_m7_0\Obj\ethernet_6029839089178797009.dir\edd.o
#        C:\IAR\iar\Debug_m7_0\Obj\ethernet_6029839089178797009.dir\edd_rx.o
#        C:\IAR\iar\Debug_m7_0\Obj\ethernet_6029839089178797009.dir\edd_tx.o
#        C:\IAR\iar\Debug_m7_0\Obj\code_17896468042025673432.dir\GL_CRC.o
#        C:\IAR\iar\Debug_m7_0\Obj\code_17896468042025673432.dir\GL_Math.o
#        C:\IAR\iar\Debug_m7_0\Obj\code_17896468042025673432.dir\GPS.o
#        C:\IAR\iar\Debug_m7_0\Obj\code_17896468042025673432.dir\IMU.o
#        C:\IAR\iar\Debug_m7_0\Obj\user_8514941877209965082.dir\main_cm7_0.o
#        C:\IAR\iar\Debug_m7_0\Obj\code_17896468042025673432.dir\Math_self.o
#        C:\IAR\iar\Debug_m7_0\Obj\code_17896468042025673432.dir\Menu.o
#        C:\IAR\iar\Debug_m7_0\Obj\code_17896468042025673432.dir\Position_Calculation.o
#        C:\IAR\iar\Debug_m7_0\Obj\zf_components_14936052685886095442.dir\seekfree_assistant.o
#        C:\IAR\iar\Debug_m7_0\Obj\zf_components_14936052685886095442.dir\seekfree_assistant_interface.o
#        C:\IAR\iar\Debug_m7_0\Obj\startup_479057977785470282.dir\startup.o
#        C:\IAR\iar\Debug_m7_0\Obj\startup_479057977785470282.dir\startup_cm7.o
#        C:\IAR\iar\Debug_m7_0\Obj\rev_b_4986922561640112550.dir\system_tviibh4m_cm7.o
#        C:\IAR\iar\Debug_m7_0\Obj\zf_common_1201165462030747823.dir\zf_common_clock.o
#        C:\IAR\iar\Debug_m7_0\Obj\zf_common_1201165462030747823.dir\zf_common_debug.o
#        C:\IAR\iar\Debug_m7_0\Obj\zf_common_1201165462030747823.dir\zf_common_fifo.o
#        C:\IAR\iar\Debug_m7_0\Obj\zf_common_1201165462030747823.dir\zf_common_font.o
#        C:\IAR\iar\Debug_m7_0\Obj\zf_common_1201165462030747823.dir\zf_common_function.o
#        C:\IAR\iar\Debug_m7_0\Obj\zf_common_1201165462030747823.dir\zf_common_interrupt.o
#        C:\IAR\iar\Debug_m7_0\Obj\zf_device_6570275422786408770.dir\zf_device_absolute_encoder.o
#        C:\IAR\iar\Debug_m7_0\Obj\zf_device_6570275422786408770.dir\zf_device_bluetooth_ch9141.o
#        C:\IAR\iar\Debug_m7_0\Obj\zf_device_6570275422786408770.dir\zf_device_dl1a.o
#        C:\IAR\iar\Debug_m7_0\Obj\zf_device_6570275422786408770.dir\zf_device_dl1b.o
#        C:\IAR\iar\Debug_m7_0\Obj\zf_device_6570275422786408770.dir\zf_device_gnss.o
#        C:\IAR\iar\Debug_m7_0\Obj\zf_device_6570275422786408770.dir\zf_device_icm20602.o
#        C:\IAR\iar\Debug_m7_0\Obj\zf_device_6570275422786408770.dir\zf_device_imu660ra.o
#        C:\IAR\iar\Debug_m7_0\Obj\zf_device_6570275422786408770.dir\zf_device_imu963ra.o
#        C:\IAR\iar\Debug_m7_0\Obj\zf_device_6570275422786408770.dir\zf_device_ips114.o
#        C:\IAR\iar\Debug_m7_0\Obj\zf_device_6570275422786408770.dir\zf_device_ips200.o
#        C:\IAR\iar\Debug_m7_0\Obj\zf_device_6570275422786408770.dir\zf_device_key.o
#        C:\IAR\iar\Debug_m7_0\Obj\zf_device_6570275422786408770.dir\zf_device_mpu6050.o
#        C:\IAR\iar\Debug_m7_0\Obj\zf_device_6570275422786408770.dir\zf_device_oled.o
#        C:\IAR\iar\Debug_m7_0\Obj\zf_device_6570275422786408770.dir\zf_device_tft180.o
#        C:\IAR\iar\Debug_m7_0\Obj\zf_device_6570275422786408770.dir\zf_device_tsl1401.o
#        C:\IAR\iar\Debug_m7_0\Obj\zf_device_6570275422786408770.dir\zf_device_type.o
#        C:\IAR\iar\Debug_m7_0\Obj\zf_device_6570275422786408770.dir\zf_device_uart_receiver.o
#        C:\IAR\iar\Debug_m7_0\Obj\zf_device_6570275422786408770.dir\zf_device_virtual_oscilloscope.o
#        C:\IAR\iar\Debug_m7_0\Obj\zf_device_6570275422786408770.dir\zf_device_wifi_spi.o
#        C:\IAR\iar\Debug_m7_0\Obj\zf_device_6570275422786408770.dir\zf_device_wifi_uart.o
#        C:\IAR\iar\Debug_m7_0\Obj\zf_device_6570275422786408770.dir\zf_device_wireless_uart.o
#        C:\IAR\iar\Debug_m7_0\Obj\zf_driver_11922370083829174090.dir\zf_driver_adc.o
#        C:\IAR\iar\Debug_m7_0\Obj\zf_driver_11922370083829174090.dir\zf_driver_delay.o
#        C:\IAR\iar\Debug_m7_0\Obj\zf_driver_11922370083829174090.dir\zf_driver_dma.o
#        C:\IAR\iar\Debug_m7_0\Obj\zf_driver_11922370083829174090.dir\zf_driver_encoder.o
#        C:\IAR\iar\Debug_m7_0\Obj\zf_driver_11922370083829174090.dir\zf_driver_exti.o
#        C:\IAR\iar\Debug_m7_0\Obj\zf_driver_11922370083829174090.dir\zf_driver_flash.o
#        C:\IAR\iar\Debug_m7_0\Obj\zf_driver_11922370083829174090.dir\zf_driver_gpio.o
#        C:\IAR\iar\Debug_m7_0\Obj\zf_driver_11922370083829174090.dir\zf_driver_ipc.o
#        C:\IAR\iar\Debug_m7_0\Obj\zf_driver_11922370083829174090.dir\zf_driver_pit.o
#        C:\IAR\iar\Debug_m7_0\Obj\zf_driver_11922370083829174090.dir\zf_driver_pwm.o
#        C:\IAR\iar\Debug_m7_0\Obj\zf_driver_11922370083829174090.dir\zf_driver_soft_iic.o
#        C:\IAR\iar\Debug_m7_0\Obj\zf_driver_11922370083829174090.dir\zf_driver_soft_spi.o
#        C:\IAR\iar\Debug_m7_0\Obj\zf_driver_11922370083829174090.dir\zf_driver_spi.o
#        C:\IAR\iar\Debug_m7_0\Obj\zf_driver_11922370083829174090.dir\zf_driver_timer.o
#        C:\IAR\iar\Debug_m7_0\Obj\zf_driver_11922370083829174090.dir\zf_driver_uart.o
#        --no_out_extension -o C:\IAR\iar\Debug_m7_0\Exe\cyt4bb7_cm_7_0.out
#        --config_def _CORE_cm7_0_=0 --config_def _LINK_flash_=0 --map
#        C:\IAR\iar\Debug_m7_0\List\cyt4bb7_cm_7_0.map --config
#        C:\IAR\iar\project_config\..\icf\linker_directives_tviibh.icf
#        --semihosting
#        C:\IAR\iar\project_config\..\..\..\libraries\sdk\tviibh4m\src\drivers\crypto\libs\libcrypto_server_cm0plus_iar.a
#        C:\IAR\iar\project_config\..\..\..\libraries\zf_device\zf_device_config.a
#        C:\IAR\iar\project_config\..\..\..\libraries\sdk\common\hdr\cmsis\dsp\iar_cortexM7lf_math.a
#        --entry __iar_program_start --vfe --text_out locale --cpu=Cortex-M7
#        --fpu=VFPv5_d16) --dependencies=n
#        C:\IAR\iar\Debug_m7_0\Exe\cyt4bb7_cm_7_0.out.iar_deps
#
###############################################################################

*******************************************************************************
*** RUNTIME MODEL ATTRIBUTES
***

CppFlavor       = *
__CPP_Runtime   = 1
__SystemLibrary = DLib
__dlib_version  = 6


*******************************************************************************
*** HEAP SELECTION
***

The basic heap was selected because --advanced_heap
was not specified and the application did not appear to
be primarily optimized for speed.


*******************************************************************************
*** PLACEMENT SUMMARY
***

"A0":  place at start of [from 0x1008'0000 to 0x1027'ffff] { section .intvec };
"P1":  place in [from 0x1008'0000 to 0x1027'ffff] { ro };
"P2":  place in [from 0x2802'0000 to 0x2807'ffff] { rw };
define block HEAP with size = 1K, alignment = 8 { };
define block CSTACK with size = 8K, alignment = 8 { };
define block HEAP_STACK { block HEAP, last block CSTACK };
"A1":  place at end of [from 0x2802'0000 to 0x2807'ffff] { block HEAP_STACK };
do not initialize { section .intvec_ram };
initialize by copy { rw };

No sections matched the following patterns:

  ro section .sflash_app_prot  in "P6"
  ro section .sflash_nar       in "P4"
  ro section .sflash_pkey      in "P5"
  ro section .sflash_toc2      in "P7"
  ro section .sflash_uf_rows   in "P3"
  ro section .work_flash       in "P8"


  Section            Kind         Address    Size  Object
  -------            ----         -------    ----  ------
"A0":                                        0x80
  .intvec            ro code  0x1008'0000    0x80  startup_cm7.o [31]
                            - 0x1008'0080    0x80

"P1":                                      0xbeba
  .rodata            const    0x1008'0080  0x2000  zf_device_config.o [54]
  .text              ro code  0x1008'2080   0xe18  zf_driver_pwm.o [49]
  .text              ro code  0x1008'2e98   0x454  zf_common_debug.o [46]
  .text              ro code  0x1008'32ec    0x66  ABImemset.o [52]
  .text              ro code  0x1008'3352    0x7e  lz77_init_single.o [52]
  .text              ro code  0x1008'33d0   0x194  cy_gpio.o [14]
  .text              ro code  0x1008'3564   0x20a  cy_tcpwm_pwm.o [43]
  .text              ro code  0x1008'376e     0xc  cy_tcpwm.o [43]
  .text              ro code  0x1008'377a     0xa  xsprout.o [50]
  .text              ro code  0x1008'3784   0x820  zf_driver_uart.o [49]
  .text              ro code  0x1008'3fa4    0x36  strlen.o [52]
  .text              ro code  0x1008'3fdc    0x40  sprintf.o [50]
  .text              ro code  0x1008'401c   0x3d4  zf_common_fifo.o [46]
  .text              ro code  0x1008'43f0    0xe2  zf_common_interrupt.o [46]
  .text              ro code  0x1008'44d4     0x6  ABImemclr4.o [52]
  .text              ro code  0x1008'44dc   0x230  I64DivMod.o [52]
  .text              ro code  0x1008'470c   0x314  cy_scb_uart.o [24]
  .text              ro code  0x1008'4a20   0xd12  xprintflarge_nomb.o [50]
  .text              ro code  0x1008'5734    0xa6  ABImemcpy.o [52]
  .text              ro code  0x1008'57dc    0xac  cy_sysint.o [35]
  .text              ro code  0x1008'5888    0x32  ABImemset48.o [52]
  .text              ro code  0x1008'58bc     0x2  I64DivZer.o [52]
  .text              ro code  0x1008'58c0    0x16  strchr.o [52]
  .text              ro code  0x1008'58d8    0x40  xfail_s.o [50]
  .text              ro code  0x1008'5918    0x58  memchr.o [52]
  .text              ro code  0x1008'5970    0x70  frexp.o [51]
  .text              ro code  0x1008'59e0    0x12  DblDiv.o [51]
  .text              ro code  0x1008'59f2     0xe  DblToU32.o [51]
  .text              ro code  0x1008'5a00     0xe  U32ToDbl.o [51]
  .text              ro code  0x1008'5a0e    0x12  DblSub.o [51]
  .text              ro code  0x1008'5a20    0x12  DblMul.o [51]
  .text              ro code  0x1008'5a32     0x6  abort.o [50]
  .text              ro code  0x1008'5a38    0x14  exit.o [53]
  .text              ro code  0x1008'5a4c   0xbe8  zf_device_ips200.o [48]
  .text              ro code  0x1008'6634   0xba4  zf_driver_spi.o [49]
  .text              ro code  0x1008'71d8   0x208  zf_common_function.o [46]
  .text              ro code  0x1008'73e0   0x110  zf_driver_gpio.o [49]
  .text              ro code  0x1008'74f0   0x284  zf_driver_delay.o [49]
  .text              ro code  0x1008'7774   0x1f0  cy_scb_spi.o [24]
  .text              ro code  0x1008'7964   0x1ae  cy_tcpwm_counter.o [43]
  .text              ro code  0x1008'7b14   0x8e8  cy_sysclk.o [33]
  .text              ro code  0x1008'83fc    0x70  strncpy.o [52]
  .text              ro code  0x1008'846c    0xa8  cy_syslib.o [36]
  .text              ro code  0x1008'8514     0x2  cy_syslib.o [36]
  .text              ro code  0x1008'8518   0x684  Position_Calculation.o [5]
  .text              ro code  0x1008'8b9c   0x3b8  zf_device_gnss.o [48]
  .text              ro code  0x1008'8f54    0x28  printf.o [50]
  .text              ro code  0x1008'8f7c   0x100  Algorithm.o [5]
  .text              ro code  0x1008'907c   0x404  Common_Peripherals.o [5]
  .text              ro code  0x1008'9480   0x2f8  cos_sin64.o [51]
  .text              ro code  0x1008'9778    0x1e  sqrt.o [51]
  .text              ro code  0x1008'9798    0x88  asin.o [51]
  .text              ro code  0x1008'9820    0x7e  atan2.o [51]
  .text              ro code  0x1008'98a0   0x3b4  IMU.o [5]
  .rodata            const    0x1008'9c54    0x3c  cy_sysclk.o [33]
  .text              ro code  0x1008'9c90   0x118  xatan.o [51]
  .text              ro code  0x1008'9da8   0x210  zf_device_imu660ra.o [48]
  .text              ro code  0x1008'9fb8   0x274  zf_driver_pit.o [49]
  .rodata            const    0x1008'a22c   0x5f0  zf_common_font.o [46]
  .text              ro code  0x1008'a81c   0x260  zf_device_ips114.o [48]
  .rodata            const    0x1008'aa7c   0x228  zf_common_font.o [46]
  .text              ro code  0x1008'aca4   0x204  startup.o [31]
  .text              ro code  0x1008'aea8   0x150  system_tviibh4m_cm7.o [22]
  .text              ro code  0x1008'aff8     0x8  startup_cm7.o [31]
  .text              ro code  0x1008'b000     0x6  startup_cm7.o [31]
  .text              ro code  0x1008'b008   0x1d0  cm7_0_isr.o [45]
  .text              ro code  0x1008'b1d8   0x1c8  GL_CRC.o [5]
  .text              ro code  0x1008'b3a0   0x198  cy_interrupt_map.o [23]
  .text              ro code  0x1008'b538    0xb0  startup_cm7.o [31]
  .text              ro code  0x1008'b5e8    0x74  main_cm7_0.o [45]
  .text              ro code  0x1008'b65c    0x1c  zf_common_clock.o [46]
  .rodata            const    0x1008'b678    0x3c  cy_sysclk.o [33]
  .rodata            const    0x1008'b6b4    0x3c  system_tviibh4m_cm7.o [22]
  .text              ro code  0x1008'b6f0    0x38  zero_init3.o [52]
  .rodata            const    0x1008'b728    0x34  GL_CRC.o [5]
  .rodata            const    0x1008'b75c    0x2c  zf_common_function.o [46]
  .rodata            const    0x1008'b788    0x2c  zf_device_imu660ra.o [48]
  .rodata            const    0x1008'b7b4    0x2c  zf_device_ips114.o [48]
  .rodata            const    0x1008'b7e0    0x2c  zf_device_ips200.o [48]
  .rodata            const    0x1008'b80c    0x28  Position_Calculation.o [5]
  .rodata            const    0x1008'b834    0x28  zf_common_fifo.o [46]
  .rodata            const    0x1008'b85c    0x28  zf_driver_pwm.o [49]
  .rodata            const    0x1008'b884    0x28  zf_driver_spi.o [49]
  .rodata            const    0x1008'b8ac    0x28  zf_driver_uart.o [49]
  .text              ro code  0x1008'b8d4    0x28  data_init.o [52]
  .rodata            const    0x1008'b8fc    0x24  Common_Peripherals.o [5]
  .rodata            const    0x1008'b920    0x24  Position_Calculation.o [5]
  .text              ro code  0x1008'b944    0x22  fpinit_M.o [51]
  .iar.init_table    const    0x1008'b968    0x20  - Linker created -
  .rodata            const    0x1008'b988    0x20  Common_Peripherals.o [5]
  .text              ro code  0x1008'b9a8    0x20  startup_cm7.o [31]
  .text              ro code  0x1008'b9c8    0x20  putchar.o [50]
  .text              ro code  0x1008'b9f0    0x1e  cy_syslib_iar.o [36]
  .text              ro code  0x1008'ba10    0x1e  cmain.o [52]
  .text              ro code  0x1008'ba30     0x4  startup_cm7.o [31]
  .text              ro code  0x1008'ba34     0x4  exit.o [50]
  .text              ro code  0x1008'ba38     0xa  cexit.o [52]
  .rodata            const    0x1008'ba44    0x1c  Common_Peripherals.o [5]
  .rodata            const    0x1008'ba60    0x1c  Common_Peripherals.o [5]
  .rodata            const    0x1008'ba7c    0x1c  zf_common_debug.o [46]
  .rodata            const    0x1008'ba98    0x1c  zf_device_gnss.o [48]
  .rodata            const    0x1008'bab4    0x1c  zf_device_imu660ra.o [48]
  .text              ro code  0x1008'bad0    0x1c  startup_cm7.o [31]
  .text              ro code  0x1008'baec    0x1c  cstartup_M.o [52]
  .rodata            const    0x1008'bb08    0x18  Common_Peripherals.o [5]
  .rodata            const    0x1008'bb20    0x18  Common_Peripherals.o [5]
  .rodata            const    0x1008'bb38    0x18  startup.o [31]
  .rodata            const    0x1008'bb50    0x18  system_tviibh4m_cm7.o [22]
  .rodata            const    0x1008'bb68    0x18  zf_common_debug.o [46]
  .rodata            const    0x1008'bb80    0x18  zf_device_imu660ra.o [48]
  .text              ro code  0x1008'bb98    0x16  xprout.o [50]
  .rodata            const    0x1008'bbb0    0x14  GL_CRC.o [5]
  .rodata            const    0x1008'bbc4    0x14  GL_CRC.o [5]
  .rodata            const    0x1008'bbd8    0x14  Position_Calculation.o [5]
  .rodata            const    0x1008'bbec    0x14  Position_Calculation.o [5]
  .rodata            const    0x1008'bc00    0x14  Position_Calculation.o [5]
  .rodata            const    0x1008'bc14    0x10  Position_Calculation.o [5]
  .rodata            const    0x1008'bc24    0x10  zf_common_debug.o [46]
  .rodata            const    0x1008'bc34    0x10  zf_common_debug.o [46]
  .rodata            const    0x1008'bc44     0xc  zf_common_debug.o [46]
  .rodata            const    0x1008'bc50     0xc  zf_common_debug.o [46]
  .rodata            const    0x1008'bc5c     0xc  zf_common_debug.o [46]
  .rodata            const    0x1008'bc68     0xc  zf_device_gnss.o [48]
  .rodata            const    0x1008'bc74     0xc  zf_device_gnss.o [48]
  .rodata            const    0x1008'bc80     0xc  zf_device_gnss.o [48]
  .rodata            const    0x1008'bc8c     0xc  zf_device_gnss.o [48]
  .rodata            const    0x1008'bc98     0xc  zf_device_gnss.o [48]
  .rodata            const    0x1008'bca4     0xc  zf_device_gnss.o [48]
  .rodata            const    0x1008'bcb0     0xc  zf_device_gnss.o [48]
  .rodata            const    0x1008'bcbc     0xc  zf_device_gnss.o [48]
  .rodata            const    0x1008'bcc8     0xc  zf_device_gnss.o [48]
  .rodata            const    0x1008'bcd4     0xc  zf_device_gnss.o [48]
  .rodata            const    0x1008'bce0     0xc  zf_device_gnss.o [48]
  .text              ro code  0x1008'bcec     0xc  cy_syslib.o [36]
  .rodata            const    0x1008'bcf8     0x8  cy_sysclk.o [33]
  .rodata            const    0x1008'bd00     0x4  cy_interrupt_map.o [23]
  .rodata            const    0x1008'bd04     0x4  cy_interrupt_map.o [23]
  .rodata            const    0x1008'bd08     0x4  cy_interrupt_map.o [23]
  .rodata            const    0x1008'bd0c     0x4  cy_interrupt_map.o [23]
  .rodata            const    0x1008'bd10     0x4  cy_interrupt_map.o [23]
  .rodata            const    0x1008'bd14     0x4  cy_interrupt_map.o [23]
  .rodata            const    0x1008'bd18     0x4  cy_interrupt_map.o [23]
  .rodata            const    0x1008'bd1c     0x4  cy_interrupt_map.o [23]
  .rodata            const    0x1008'bd20     0x4  cy_scb_spi.o [24]
  .rodata            const    0x1008'bd24     0x4  cy_scb_spi.o [24]
  .rodata            const    0x1008'bd28     0x4  cy_scb_spi.o [24]
  .rodata            const    0x1008'bd2c     0x4  cy_scb_spi.o [24]
  .rodata            const    0x1008'bd30     0x4  cy_scb_uart.o [24]
  .rodata            const    0x1008'bd34     0x4  cy_scb_uart.o [24]
  .rodata            const    0x1008'bd38     0x4  cy_scb_uart.o [24]
  .rodata            const    0x1008'bd3c     0x4  cy_scb_uart.o [24]
  .rodata            const    0x1008'bd40     0x4  cy_scb_uart.o [24]
  .rodata            const    0x1008'bd44     0x4  cy_scb_uart.o [24]
  .rodata            const    0x1008'bd48     0x4  cy_scb_uart.o [24]
  .rodata            const    0x1008'bd4c     0x4  cy_scb_uart.o [24]
  .rodata            const    0x1008'bd50     0x4  cy_scb_uart.o [24]
  .rodata            const    0x1008'bd54     0x4  cy_scb_uart.o [24]
  .rodata            const    0x1008'bd58     0x4  cy_sysint.o [35]
  .rodata            const    0x1008'bd5c     0x4  cy_sysint.o [35]
  .rodata            const    0x1008'bd60     0x4  cy_tcpwm_counter.o [43]
  .rodata            const    0x1008'bd64     0x4  cy_tcpwm_counter.o [43]
  .rodata            const    0x1008'bd68     0x4  cy_tcpwm_counter.o [43]
  .rodata            const    0x1008'bd6c     0x4  cy_tcpwm_counter.o [43]
  .rodata            const    0x1008'bd70     0x4  cy_tcpwm_counter.o [43]
  .rodata            const    0x1008'bd74     0x4  cy_tcpwm_pwm.o [43]
  .rodata            const    0x1008'bd78     0x4  cy_tcpwm_pwm.o [43]
  .rodata            const    0x1008'bd7c     0x4  cy_tcpwm_pwm.o [43]
  .rodata            const    0x1008'bd80     0x4  cy_tcpwm_pwm.o [43]
  .rodata            const    0x1008'bd84     0x4  cy_tcpwm_pwm.o [43]
  .rodata            const    0x1008'bd88     0x4  cy_tcpwm_pwm.o [43]
  .rodata            const    0x1008'bd8c     0x4  cy_tcpwm_pwm.o [43]
  .text              ro code  0x1008'bd90     0x4  startup_cm7.o [31]
  .text              ro code  0x1008'bd94     0x4  startup_cm7.o [31]
  .text              ro code  0x1008'bd98     0x4  startup_cm7.o [31]
  .text              ro code  0x1008'bd9c     0x4  startup_cm7.o [31]
  .text              ro code  0x1008'bda0     0x4  startup_cm7.o [31]
  .text              ro code  0x1008'bda4     0x4  startup_cm7.o [31]
  .text              ro code  0x1008'bda8     0x4  startup_cm7.o [31]
  .text              ro code  0x1008'bdac     0x4  startup_cm7.o [31]
  .text              ro code  0x1008'bdb0     0x4  startup_cm7.o [31]
  .text              ro code  0x1008'bdb4     0x4  startup_cm7.o [31]
  .text              ro code  0x1008'bdb8     0x4  startup_cm7.o [31]
  .text              ro code  0x1008'bdbc     0x4  startup_cm7.o [31]
  .text              ro code  0x1008'bdc0     0x4  startup_cm7.o [31]
  .text              ro code  0x1008'bdc4     0x4  startup_cm7.o [31]
  .text              ro code  0x1008'bdc8     0x4  startup_cm7.o [31]
  .text              ro code  0x1008'bdcc     0x2  zf_device_type.o [48]
  .rodata            const    0x1008'bdce     0x0  zero_init3.o [52]
  .rodata            const    0x1008'bdce     0x0  lz77_init_single.o [52]
  Initializer bytes  const    0x1008'bdce    0x8e  <for P2-1>
                            - 0x1008'be5c  0xbddc

"P2", part 1 of 3:                          0x76a
  P2-1                        0x2802'0000   0x76a  <Init block>
    .data            inited   0x2802'0000     0xc  Common_Peripherals.o [5]
    .data            inited   0x2802'000c   0x6ec  cy_interrupt_map.o [23]
    .data            inited   0x2802'06f8     0x4  cy_interrupt_map.o [23]
    .data            inited   0x2802'06fc     0x4  Position_Calculation.o [5]
    .data            inited   0x2802'0700     0x8  zf_device_imu660ra.o [48]
    .data            inited   0x2802'0708     0x4  zf_device_type.o [48]
    .data            inited   0x2802'070c     0x4  zf_device_type.o [48]
    .data            inited   0x2802'0710     0x4  zf_device_type.o [48]
    .data            inited   0x2802'0714     0xc  zf_driver_pit.o [49]
    .data            inited   0x2802'0720     0xc  zf_driver_spi.o [49]
    .data            inited   0x2802'072c    0x14  zf_driver_uart.o [49]
    .data            inited   0x2802'0740    0x14  zf_driver_uart.o [49]
    .data            inited   0x2802'0754     0x2  zf_device_ips114.o [48]
    .data            inited   0x2802'0756     0x2  zf_device_ips114.o [48]
    .data            inited   0x2802'0758     0x2  zf_device_ips114.o [48]
    .data            inited   0x2802'075a     0x2  zf_device_ips200.o [48]
    .data            inited   0x2802'075c     0x2  zf_device_ips200.o [48]
    .data            inited   0x2802'075e     0x2  zf_device_ips200.o [48]
    .data            inited   0x2802'0760     0x2  zf_device_ips200.o [48]
    .data            inited   0x2802'0762     0x2  zf_driver_delay.o [49]
    .data            inited   0x2802'0764     0x1  zf_common_debug.o [46]
    .data            inited   0x2802'0765     0x1  zf_device_ips200.o [48]
    .data            inited   0x2802'0766     0x1  zf_device_ips200.o [48]
    .data            inited   0x2802'0767     0x1  zf_device_ips200.o [48]
    .data            inited   0x2802'0768     0x1  zf_device_ips200.o [48]
    .data            inited   0x2802'0769     0x1  zf_driver_delay.o [49]
                            - 0x2802'076a   0x76a

"P2", part 2 of 3:                          0x950
  .bss               zero     0x2802'076c   0x1e0  zf_device_ips114.o [48]
  .bss               zero     0x2802'0950   0x140  GL_CRC.o [5]
  .bss               zero     0x2802'0a90   0x140  GL_CRC.o [5]
  .bss               zero     0x2802'0bd0   0x118  zf_driver_uart.o [49]
  .bss               zero     0x2802'0ce8    0x80  zf_device_gnss.o [48]
  .bss               zero     0x2802'0d68    0x70  cy_syslib.o [36]
  .bss               zero     0x2802'0dd8    0x48  zf_device_gnss.o [48]
  .bss               zero     0x2802'0e20    0x40  Common_Peripherals.o [5]
  .bss               zero     0x2802'0e60    0x40  Common_Peripherals.o [5]
  .bss               zero     0x2802'0ea0    0x40  zf_common_debug.o [46]
  .bss               zero     0x2802'0ee0    0x30  Algorithm.o [5]
  .bss               zero     0x2802'0f10    0x30  Algorithm.o [5]
  .bss               zero     0x2802'0f40    0x30  Algorithm.o [5]
  .bss               zero     0x2802'0f70    0x18  Common_Peripherals.o [5]
  .bss               zero     0x2802'0f88    0x18  cy_sysclk.o [33]
  .bss               zero     0x2802'0fa0    0x18  cy_syslib.o [36]
  .bss               zero     0x2802'0fb8    0x18  IMU.o [5]
  .bss               zero     0x2802'0fd0    0x18  zf_common_debug.o [46]
  .bss               zero     0x2802'0fe8    0x18  zf_device_gnss.o [48]
  .bss               zero     0x2802'1000    0x14  zf_common_debug.o [46]
  .bss               zero     0x2802'1014     0xc  Common_Peripherals.o [5]
  .bss               zero     0x2802'1020     0xc  Common_Peripherals.o [5]
  .bss               zero     0x2802'102c     0xc  IMU.o [5]
  .bss               zero     0x2802'1038     0x8  Position_Calculation.o [5]
  .bss               zero     0x2802'1040     0x8  Position_Calculation.o [5]
  .bss               zero     0x2802'1048     0x8  Position_Calculation.o [5]
  .bss               zero     0x2802'1050     0x4  Common_Peripherals.o [5]
  .bss               zero     0x2802'1054     0x4  cy_syslib.o [36]
  .bss               zero     0x2802'1058     0x4  GL_CRC.o [5]
  .bss               zero     0x2802'105c     0x4  GL_CRC.o [5]
  .bss               zero     0x2802'1060     0x4  IMU.o [5]
  .bss               zero     0x2802'1064     0x4  IMU.o [5]
  .bss               zero     0x2802'1068     0x4  IMU.o [5]
  .bss               zero     0x2802'106c     0x4  IMU.o [5]
  .bss               zero     0x2802'1070     0x4  IMU.o [5]
  .bss               zero     0x2802'1074     0x4  Position_Calculation.o [5]
  .bss               zero     0x2802'1078     0x4  system_tviibh4m_cm7.o [22]
  .bss               zero     0x2802'107c     0x4  system_tviibh4m_cm7.o [22]
  .bss               zero     0x2802'1080     0x4  system_tviibh4m_cm7.o [22]
  .bss               zero     0x2802'1084     0x4  system_tviibh4m_cm7.o [22]
  .bss               zero     0x2802'1088     0x4  system_tviibh4m_cm7.o [22]
  .bss               zero     0x2802'108c     0x4  zf_common_clock.o [46]
  .bss               zero     0x2802'1090     0x4  zf_common_interrupt.o [46]
  .bss               zero     0x2802'1094     0x4  zf_driver_spi.o [49]
  .bss               zero     0x2802'1098     0x4  xfail_s.o [50]
  .bss               zero     0x2802'109c     0x2  Common_Peripherals.o [5]
  .bss               zero     0x2802'109e     0x2  Position_Calculation.o [5]
  .bss               zero     0x2802'10a0     0x2  zf_device_imu660ra.o [48]
  .bss               zero     0x2802'10a2     0x2  zf_device_imu660ra.o [48]
  .bss               zero     0x2802'10a4     0x2  zf_device_imu660ra.o [48]
  .bss               zero     0x2802'10a6     0x2  zf_device_imu963ra.o [48]
  .bss               zero     0x2802'10a8     0x2  zf_device_imu963ra.o [48]
  .bss               zero     0x2802'10aa     0x2  zf_device_imu963ra.o [48]
  .bss               zero     0x2802'10ac     0x1  Common_Peripherals.o [5]
  .bss               zero     0x2802'10ad     0x1  Common_Peripherals.o [5]
  .bss               zero     0x2802'10ae     0x1  Common_Peripherals.o [5]
  .bss               zero     0x2802'10af     0x1  Common_Peripherals.o [5]
  .bss               zero     0x2802'10b0     0x1  cy_sysclk.o [33]
  .bss               zero     0x2802'10b1     0x1  zf_common_debug.o [46]
  .bss               zero     0x2802'10b2     0x1  zf_common_debug.o [46]
  .bss               zero     0x2802'10b3     0x1  zf_common_debug.o [46]
  .bss               zero     0x2802'10b4     0x1  zf_device_gnss.o [48]
  .bss               zero     0x2802'10b5     0x1  zf_device_gnss.o [48]
  .bss               zero     0x2802'10b6     0x1  zf_device_ips114.o [48]
  .bss               zero     0x2802'10b7     0x1  zf_device_ips200.o [48]
  .bss               zero     0x2802'10b8     0x1  zf_device_ips200.o [48]
                            - 0x2802'10b9   0x94d

"P2", part 3 of 3:                           0x80
  .intvec_ram        uninit   0x2802'1100    0x80  startup_cm7.o [31]
                            - 0x2802'1180    0x80

"A1":                                      0x2000
  HEAP_STACK                  0x2807'e000  0x2000  <Block>
    CSTACK                    0x2807'e000  0x2000  <Block>
      CSTACK         uninit   0x2807'e000  0x2000  <Block tail>
                            - 0x2808'0000  0x2000

Unused ranges:

         From           To       Size
         ----           --       ----
  0x1008'bf3a  0x1027'ffff  0x1f'40c6
  0x2802'076a  0x2802'076b        0x2
  0x2802'10bc  0x2802'10ff       0x44
  0x2802'1180  0x2807'dfff   0x5'ce80


*******************************************************************************
*** INIT TABLE
***

          Address      Size
          -------      ----
Zero (__iar_zero_init3)
    1 destination range, total size 0x94d:
          0x2802'076c  0x94d

Copy/lz77 (__iar_lz77_init_single3)
    1 source range, total size 0x8e (7% of destination):
          0x1008'bdce   0x8e
    1 destination range, total size 0x76a:
          0x2802'0000  0x76a



*******************************************************************************
*** MODULE SUMMARY
***

    Module                  ro code  ro data  rw data
    ------                  -------  -------  -------
command line/config:
    -------------------------------------------------
    Total:

C:\IAR\iar\Debug_m7_0\Obj\adc_11722776235721520015.dir: [1]
    -------------------------------------------------
    Total:

C:\IAR\iar\Debug_m7_0\Obj\audioss_1346650047966882938.dir: [2]
    -------------------------------------------------
    Total:

C:\IAR\iar\Debug_m7_0\Obj\button_4990804375159372270.dir: [3]
    -------------------------------------------------
    Total:

C:\IAR\iar\Debug_m7_0\Obj\canfd_1800690984773873875.dir: [4]
    -------------------------------------------------
    Total:

C:\IAR\iar\Debug_m7_0\Obj\code_17896468042025673432.dir: [5]
    Algorithm.o                 256               144
    Common_Peripherals.o      1'028      172      198
    GL_CRC.o                    456       92      648
    IMU.o                       948                56
    Position_Calculation.o    1'668      153       34
    -------------------------------------------------
    Total:                    4'356      417    1'080

C:\IAR\iar\Debug_m7_0\Obj\cpu_15938736945165268644.dir: [6]
    -------------------------------------------------
    Total:

C:\IAR\iar\Debug_m7_0\Obj\crypto_1190170608956581615.dir: [7]
    -------------------------------------------------
    Total:

C:\IAR\iar\Debug_m7_0\Obj\dma_12106025507578611576.dir: [8]
    -------------------------------------------------
    Total:

C:\IAR\iar\Debug_m7_0\Obj\eth_phy_18133017486186456677.dir: [9]
    -------------------------------------------------
    Total:

C:\IAR\iar\Debug_m7_0\Obj\ethernet_6029839089178797009.dir: [10]
    -------------------------------------------------
    Total:

C:\IAR\iar\Debug_m7_0\Obj\evtgen_3404189088603873129.dir: [11]
    -------------------------------------------------
    Total:

C:\IAR\iar\Debug_m7_0\Obj\flash_8529866181315662935.dir: [12]
    -------------------------------------------------
    Total:

C:\IAR\iar\Debug_m7_0\Obj\flash_864493325053435817.dir: [13]
    -------------------------------------------------
    Total:

C:\IAR\iar\Debug_m7_0\Obj\gpio_3999404635324069351.dir: [14]
    cy_gpio.o                   404
    -------------------------------------------------
    Total:                      404

C:\IAR\iar\Debug_m7_0\Obj\ipc_10145506163450686023.dir: [15]
    -------------------------------------------------
    Total:

C:\IAR\iar\Debug_m7_0\Obj\lin_18429031207028094880.dir: [16]
    -------------------------------------------------
    Total:

C:\IAR\iar\Debug_m7_0\Obj\lvd_6353935867039560245.dir: [17]
    -------------------------------------------------
    Total:

C:\IAR\iar\Debug_m7_0\Obj\mcwdt_4052485907822033969.dir: [18]
    -------------------------------------------------
    Total:

C:\IAR\iar\Debug_m7_0\Obj\mpu_5663187252346826382.dir: [19]
    -------------------------------------------------
    Total:

C:\IAR\iar\Debug_m7_0\Obj\power_14453085144426420577.dir: [20]
    -------------------------------------------------
    Total:

C:\IAR\iar\Debug_m7_0\Obj\prot_10722960861768657883.dir: [21]
    -------------------------------------------------
    Total:

C:\IAR\iar\Debug_m7_0\Obj\rev_b_4986922561640112550.dir: [22]
    system_tviibh4m_cm7.o       336       84       20
    -------------------------------------------------
    Total:                      336       84       20

C:\IAR\iar\Debug_m7_0\Obj\rev_b_6162237342861132223.dir: [23]
    cy_interrupt_map.o          408      165    1'776
    -------------------------------------------------
    Total:                      408      165    1'776

C:\IAR\iar\Debug_m7_0\Obj\scb_15490842639181808494.dir: [24]
    cy_scb_spi.o                496       16
    cy_scb_uart.o               788       40
    -------------------------------------------------
    Total:                    1'284       56

C:\IAR\iar\Debug_m7_0\Obj\sd_host_2982766354293506895.dir: [25]
    -------------------------------------------------
    Total:

C:\IAR\iar\Debug_m7_0\Obj\semihosting_143864889731838620.dir: [26]
    -------------------------------------------------
    Total:

C:\IAR\iar\Debug_m7_0\Obj\smartio_5451710003740070188.dir: [27]
    -------------------------------------------------
    Total:

C:\IAR\iar\Debug_m7_0\Obj\smif_427648126384146252.dir: [28]
    -------------------------------------------------
    Total:

C:\IAR\iar\Debug_m7_0\Obj\smif_mem_6470536964353725183.dir: [29]
    -------------------------------------------------
    Total:

C:\IAR\iar\Debug_m7_0\Obj\srom_13018798572330080582.dir: [30]
    -------------------------------------------------
    Total:

C:\IAR\iar\Debug_m7_0\Obj\startup_479057977785470282.dir: [31]
    startup.o                   516       24
    startup_cm7.o               442               128
    -------------------------------------------------
    Total:                      958       24      128

C:\IAR\iar\Debug_m7_0\Obj\sw_timer_4215635015939382130.dir: [32]
    -------------------------------------------------
    Total:

C:\IAR\iar\Debug_m7_0\Obj\sysclk_16149231235676103872.dir: [33]
    cy_sysclk.o               2'280      128       25
    -------------------------------------------------
    Total:                    2'280      128       25

C:\IAR\iar\Debug_m7_0\Obj\sysflt_12293435975120599261.dir: [34]
    -------------------------------------------------
    Total:

C:\IAR\iar\Debug_m7_0\Obj\sysint_7435970359207984181.dir: [35]
    cy_sysint.o                 172        8
    -------------------------------------------------
    Total:                      172        8

C:\IAR\iar\Debug_m7_0\Obj\syslib_16330585751512546975.dir: [36]
    cy_syslib.o                 182               140
    cy_syslib_iar.o              30
    -------------------------------------------------
    Total:                      212               140

C:\IAR\iar\Debug_m7_0\Obj\syspm_10887939769544754770.dir: [37]
    -------------------------------------------------
    Total:

C:\IAR\iar\Debug_m7_0\Obj\sysreghc_17676636058511625587.dir: [38]
    -------------------------------------------------
    Total:

C:\IAR\iar\Debug_m7_0\Obj\sysreset_14586141425677365288.dir: [39]
    -------------------------------------------------
    Total:

C:\IAR\iar\Debug_m7_0\Obj\sysrtc_10747768817563771611.dir: [40]
    -------------------------------------------------
    Total:

C:\IAR\iar\Debug_m7_0\Obj\systick_16016591671695740695.dir: [41]
    -------------------------------------------------
    Total:

C:\IAR\iar\Debug_m7_0\Obj\syswdt_9118657615806274156.dir: [42]
    -------------------------------------------------
    Total:

C:\IAR\iar\Debug_m7_0\Obj\tcpwm_422923530147891246.dir: [43]
    cy_tcpwm.o                   12
    cy_tcpwm_counter.o          430       20
    cy_tcpwm_pwm.o              522       28
    -------------------------------------------------
    Total:                      964       48

C:\IAR\iar\Debug_m7_0\Obj\trigmux_9729677290734583340.dir: [44]
    -------------------------------------------------
    Total:

C:\IAR\iar\Debug_m7_0\Obj\user_8514941877209965082.dir: [45]
    cm7_0_isr.o                 464
    main_cm7_0.o                116
    -------------------------------------------------
    Total:                      580

C:\IAR\iar\Debug_m7_0\Obj\zf_common_1201165462030747823.dir: [46]
    zf_common_clock.o            28                 4
    zf_common_debug.o         1'108      120      112
    zf_common_fifo.o            980       40
    zf_common_font.o                   2'072
    zf_common_function.o        520       44
    zf_common_interrupt.o       226                 4
    -------------------------------------------------
    Total:                    2'862    2'276      120

C:\IAR\iar\Debug_m7_0\Obj\zf_components_14936052685886095442.dir: [47]
    -------------------------------------------------
    Total:

C:\IAR\iar\Debug_m7_0\Obj\zf_device_6570275422786408770.dir: [48]
    zf_device_gnss.o            952      160      226
    zf_device_imu660ra.o        528       96       14
    zf_device_imu963ra.o                            6
    zf_device_ips114.o          608       44      487
    zf_device_ips200.o        3'048       45       14
    zf_device_type.o              2        1       12
    -------------------------------------------------
    Total:                    5'138      346      759

C:\IAR\iar\Debug_m7_0\Obj\zf_driver_11922370083829174090.dir: [49]
    zf_driver_delay.o           644        1        3
    zf_driver_gpio.o            272
    zf_driver_pit.o             628        1       12
    zf_driver_pwm.o           3'608       40
    zf_driver_spi.o           2'980       41       16
    zf_driver_uart.o          2'080       43      320
    -------------------------------------------------
    Total:                   10'212      126      351

dl7M_tln.a: [50]
    abort.o                       6
    exit.o                        4
    printf.o                     40
    putchar.o                    32
    sprintf.o                    64
    xfail_s.o                    64                 4
    xprintflarge_nomb.o       3'346
    xprout.o                     22
    xsprout.o                    10
    -------------------------------------------------
    Total:                    3'588                 4

m7M_tlv.a: [51]
    DblDiv.o                     18
    DblMul.o                     18
    DblSub.o                     18
    DblToU32.o                   14
    U32ToDbl.o                   14
    asin.o                      136
    atan2.o                     126
    cos_sin64.o                 760
    fpinit_M.o                   34
    frexp.o                     112
    sqrt.o                       30
    xatan.o                     280
    -------------------------------------------------
    Total:                    1'560

rt7M_tl.a: [52]
    ABImemclr4.o                  6
    ABImemcpy.o                 166
    ABImemset.o                 102
    ABImemset48.o                50
    I64DivMod.o                 560
    I64DivZer.o                   2
    cexit.o                      10
    cmain.o                      30
    cstartup_M.o                 28
    data_init.o                  40
    lz77_init_single.o          126
    memchr.o                     88
    strchr.o                     22
    strlen.o                     54
    strncpy.o                   112
    zero_init3.o                 56
    -------------------------------------------------
    Total:                    1'452

shb_l.a: [53]
    exit.o                       20
    -------------------------------------------------
    Total:                       20

zf_device_config.a: [54]
    zf_device_config.o                 8'192
    -------------------------------------------------
    Total:                             8'192

    Gaps                         38        6        4
    Linker created                        32    8'192
-----------------------------------------------------
    Grand Total:             36'824   11'908   12'599


*******************************************************************************
*** ENTRY LIST
***

Entry                       Address    Size  Type      Object
-----                       -------    ----  ----      ------
.iar.init_table$$Base   0x1008'b968           --   Gb  - Linker created -
.iar.init_table$$Limit  0x1008'b988           --   Gb  - Linker created -
?main                   0x1008'ba11          Code  Gb  cmain.o [52]
ALL_Init                0x1008'9455    0x2c  Code  Gb  Common_Peripherals.o [5]
BLDC_ctrl               0x1008'9279    0x32  Code  Gb  Common_Peripherals.o [5]
BLDC_init               0x1008'9255    0x24  Code  Gb  Common_Peripherals.o [5]
BusFault_Handler        0x1008'bd99          Code  Wk  startup_cm7.o [31]
Buzzer_check            0x1008'908d    0x1c  Code  Gb  Common_Peripherals.o [5]
Buzzer_init             0x1008'907d    0x10  Code  Gb  Common_Peripherals.o [5]
CSTACK$$Base            0x2807'e000           --   Gb  - Linker created -
CSTACK$$Limit           0x2808'0000           --   Gb  - Linker created -
Control_FLAG            0x2802'06fc     0x4  Data  Gb  Position_Calculation.o [5]
Control_Program         0x1008'9395     0x8  Code  Gb  Common_Peripherals.o [5]
Control_init            0x1008'9303    0x4c  Code  Gb  Common_Peripherals.o [5]
CopyVectorTable         0x1008'ae45    0x34  Code  Lc  startup.o [31]
CpuUserInt0_Handler     0x1008'b3bf    0x26  Code  Gb  cy_interrupt_map.o [23]
CpuUserInt10_Handler    0x1008'bdb5          Code  Wk  startup_cm7.o [31]
CpuUserInt11_Handler    0x1008'bdb9          Code  Wk  startup_cm7.o [31]
CpuUserInt12_Handler    0x1008'bdbd          Code  Wk  startup_cm7.o [31]
CpuUserInt13_Handler    0x1008'bdc1          Code  Wk  startup_cm7.o [31]
CpuUserInt14_Handler    0x1008'bdc5          Code  Wk  startup_cm7.o [31]
CpuUserInt15_Handler    0x1008'bdc9          Code  Wk  startup_cm7.o [31]
CpuUserInt1_Handler     0x1008'b3e5    0x26  Code  Gb  cy_interrupt_map.o [23]
CpuUserInt2_Handler     0x1008'b40b    0x26  Code  Gb  cy_interrupt_map.o [23]
CpuUserInt3_Handler     0x1008'b431    0x26  Code  Gb  cy_interrupt_map.o [23]
CpuUserInt4_Handler     0x1008'b457    0x26  Code  Gb  cy_interrupt_map.o [23]
CpuUserInt5_Handler     0x1008'b47d    0x26  Code  Gb  cy_interrupt_map.o [23]
CpuUserInt6_Handler     0x1008'b4a3    0x26  Code  Gb  cy_interrupt_map.o [23]
CpuUserInt7_Handler     0x1008'b4c9    0x26  Code  Gb  cy_interrupt_map.o [23]
CpuUserInt8_Handler     0x1008'bdad          Code  Wk  startup_cm7.o [31]
CpuUserInt9_Handler     0x1008'bdb1          Code  Wk  startup_cm7.o [31]
Cy_DefaultUserHandler   0x1008'b3bd     0x2  Code  Gb  cy_interrupt_map.o [23]
Cy_GPIO_ClearInterrupt  0x1008'34a3     0xe  Code  Lc  cy_gpio.o [14]
Cy_GPIO_Clr             0x1008'73f5     0xa  Code  Lc  zf_driver_gpio.o [49]
Cy_GPIO_Pin_Init        0x1008'34e7    0x72  Code  Gb  cy_gpio.o [14]
Cy_GPIO_Read            0x1008'73e1     0xa  Code  Lc  zf_driver_gpio.o [49]
Cy_GPIO_Set             0x1008'73eb     0xa  Code  Lc  zf_driver_gpio.o [49]
Cy_GPIO_SetDriveSel     0x1008'3485    0x1e  Code  Lc  cy_gpio.o [14]
Cy_GPIO_SetDrivemode    0x1008'3435    0x1c  Code  Lc  cy_gpio.o [14]
Cy_GPIO_SetHSIOM        0x1008'33d1    0x4c  Code  Lc  cy_gpio.o [14]
Cy_GPIO_SetInterruptEdge
                        0x1008'34cb    0x1c  Code  Lc  cy_gpio.o [14]
Cy_GPIO_SetInterruptMask
                        0x1008'34b1    0x1a  Code  Lc  cy_gpio.o [14]
Cy_GPIO_SetSlewRate     0x1008'346b    0x1a  Code  Lc  cy_gpio.o [14]
Cy_GPIO_SetVtrip        0x1008'3451    0x1a  Code  Lc  cy_gpio.o [14]
Cy_GPIO_Write           0x1008'341d    0x18  Code  Lc  cy_gpio.o [14]
Cy_RestoreIRQ           0x1008'b001          Code  Gb  startup_cm7.o [31]
Cy_SCB_ClearRxFifo      0x1008'663f    0x1e  Code  Lc  zf_driver_spi.o [49]
Cy_SCB_ClearRxInterrupt
                        0x1008'b00f     0xa  Code  Lc  cm7_0_isr.o [45]
Cy_SCB_ClearTxInterrupt
                        0x1008'b01f     0xa  Code  Lc  cm7_0_isr.o [45]
Cy_SCB_GetFifoSize      0x1008'6699    0x12  Code  Lc  zf_driver_spi.o [49]
Cy_SCB_GetNumInRxFifo   0x1008'6635     0xa  Code  Lc  zf_driver_spi.o [49]
Cy_SCB_GetNumInRxFifo   0x1008'392f     0xa  Code  Lc  zf_driver_uart.o [49]
Cy_SCB_GetNumInTxFifo   0x1008'6663     0xa  Code  Lc  zf_driver_spi.o [49]
Cy_SCB_GetNumInTxFifo   0x1008'393f     0xa  Code  Lc  zf_driver_uart.o [49]
Cy_SCB_GetRxInterruptMask
                        0x1008'b009     0x6  Code  Lc  cm7_0_isr.o [45]
Cy_SCB_GetRxInterruptMask
                        0x1008'397b     0x6  Code  Lc  zf_driver_uart.o [49]
Cy_SCB_GetTxInterruptMask
                        0x1008'b019     0x6  Code  Lc  cm7_0_isr.o [45]
Cy_SCB_GetTxInterruptMask
                        0x1008'3987     0x6  Code  Lc  zf_driver_uart.o [49]
Cy_SCB_GetTxSrValid     0x1008'666d     0xa  Code  Lc  zf_driver_spi.o [49]
Cy_SCB_GetTxSrValid     0x1008'3949     0xa  Code  Lc  zf_driver_uart.o [49]
Cy_SCB_IsTxComplete     0x1008'6677    0x22  Code  Lc  zf_driver_spi.o [49]
Cy_SCB_IsTxComplete     0x1008'3953    0x22  Code  Lc  zf_driver_uart.o [49]
Cy_SCB_ReadRxFifo       0x1008'3929     0x6  Code  Lc  zf_driver_uart.o [49]
Cy_SCB_SPI_ClearRxFifo  0x1008'66c9     0x8  Code  Lc  zf_driver_spi.o [49]
Cy_SCB_SPI_Enable       0x1008'66ab     0xa  Code  Lc  zf_driver_spi.o [49]
Cy_SCB_SPI_GetNumInRxFifo
                        0x1008'66c1     0x8  Code  Lc  zf_driver_spi.o [49]
Cy_SCB_SPI_Init         0x1008'7775   0x1d8  Code  Gb  cy_scb_spi.o [24]
Cy_SCB_SPI_SetActiveSlaveSelect
                        0x1008'66b5     0xc  Code  Lc  zf_driver_spi.o [49]
Cy_SCB_SetRxInterruptMask
                        0x1008'3975     0x6  Code  Lc  zf_driver_uart.o [49]
Cy_SCB_SetTxInterruptMask
                        0x1008'3981     0x6  Code  Lc  zf_driver_uart.o [49]
Cy_SCB_UART_DeInit      0x1008'4991    0x5c  Code  Gb  cy_scb_uart.o [24]
Cy_SCB_UART_Enable      0x1008'398d     0xa  Code  Lc  zf_driver_uart.o [49]
Cy_SCB_UART_Init        0x1008'470d   0x284  Code  Gb  cy_scb_uart.o [24]
Cy_SCB_WriteTxFifo      0x1008'665d     0x6  Code  Lc  zf_driver_spi.o [49]
Cy_SCB_WriteTxFifo      0x1008'3939     0x6  Code  Lc  zf_driver_uart.o [49]
Cy_SaveIRQ              0x1008'aff9          Code  Gb  startup_cm7.o [31]
Cy_SysClk_CheckDividerExisting
                        0x1008'74f1    0x2a  Code  Lc  zf_driver_delay.o [49]
Cy_SysClk_CheckDividerExisting
                        0x1008'9fb9    0x2a  Code  Lc  zf_driver_pit.o [49]
Cy_SysClk_CheckDividerExisting
                        0x1008'2081    0x2c  Code  Lc  zf_driver_pwm.o [49]
Cy_SysClk_CheckDividerExisting
                        0x1008'66d1    0x2c  Code  Lc  zf_driver_spi.o [49]
Cy_SysClk_CheckDividerExisting
                        0x1008'3785    0x2c  Code  Lc  zf_driver_uart.o [49]
Cy_SysClk_ClkPathGetSource
                        0x1008'7c89    0x54  Code  Gb  cy_sysclk.o [33]
Cy_SysClk_EcoGetStatus  0x1008'7b15    0x1a  Code  Lc  cy_sysclk.o [33]
Cy_SysClk_Fast0ClkGetDivider
                        0x1008'7c5d    0x16  Code  Lc  cy_sysclk.o [33]
Cy_SysClk_Fast1ClkGetDivider
                        0x1008'7c73    0x16  Code  Lc  cy_sysclk.o [33]
Cy_SysClk_FllGetConfiguration
                        0x1008'7ce5    0x7e  Code  Gb  cy_sysclk.o [33]
Cy_SysClk_FllGetLockStatus
                        0x1008'7b2f     0xc  Code  Lc  cy_sysclk.o [33]
Cy_SysClk_GetClockGroup
                        0x1008'7599     0x8  Code  Lc  zf_driver_delay.o [49]
Cy_SysClk_GetClockGroup
                        0x1008'a061     0x8  Code  Lc  zf_driver_pit.o [49]
Cy_SysClk_GetClockGroup
                        0x1008'212f     0x8  Code  Lc  zf_driver_pwm.o [49]
Cy_SysClk_GetClockGroup
                        0x1008'67b5     0x8  Code  Lc  zf_driver_spi.o [49]
Cy_SysClk_GetClockGroup
                        0x1008'3869     0x8  Code  Lc  zf_driver_uart.o [49]
Cy_SysClk_GetCoreFrequency
                        0x1008'83a9    0x2a  Code  Gb  cy_sysclk.o [33]
Cy_SysClk_GetEcoFrequency
                        0x1008'7eb1    0x32  Code  Gb  cy_sysclk.o [33]
Cy_SysClk_GetExtFrequency
                        0x1008'7ee5    0x1e  Code  Gb  cy_sysclk.o [33]
Cy_SysClk_GetFast0Frequency
                        0x1008'82fd    0x56  Code  Gb  cy_sysclk.o [33]
Cy_SysClk_GetFast1Frequency
                        0x1008'8353    0x56  Code  Gb  cy_sysclk.o [33]
Cy_SysClk_GetFllInputFrequency
                        0x1008'8005     0xc  Code  Gb  cy_sysclk.o [33]
Cy_SysClk_GetFllOutputFrequency
                        0x1008'802d    0x78  Code  Gb  cy_sysclk.o [33]
Cy_SysClk_GetHfClkFrequency
                        0x1008'827f    0x7a  Code  Gb  cy_sysclk.o [33]
Cy_SysClk_GetIlo0Frequency
                        0x1008'7f03    0x32  Code  Gb  cy_sysclk.o [33]
Cy_SysClk_GetIlo1Frequency
                        0x1008'7f35    0x32  Code  Gb  cy_sysclk.o [33]
Cy_SysClk_GetImoFrequency
                        0x1008'7e7f    0x32  Code  Gb  cy_sysclk.o [33]
Cy_SysClk_GetPathFrequency
                        0x1008'824d    0x32  Code  Gb  cy_sysclk.o [33]
Cy_SysClk_GetPathSourceFrequency
                        0x1008'7fa1    0x64  Code  Gb  cy_sysclk.o [33]
Cy_SysClk_GetPll400MNo  0x1008'7b79    0x14  Code  Lc  cy_sysclk.o [33]
Cy_SysClk_GetPllInputFrequency
                        0x1008'8011    0x1c  Code  Gb  cy_sysclk.o [33]
Cy_SysClk_GetPllNo      0x1008'7b3d    0x12  Code  Lc  cy_sysclk.o [33]
Cy_SysClk_GetPllOutputFrequency
                        0x1008'80a9   0x1a0  Code  Gb  cy_sysclk.o [33]
Cy_SysClk_GetWcoFrequency
                        0x1008'7f67    0x32  Code  Gb  cy_sysclk.o [33]
Cy_SysClk_HfClockGetDivider
                        0x1008'7c1b    0x42  Code  Lc  cy_sysclk.o [33]
Cy_SysClk_HfClockGetSource
                        0x1008'7bc7    0x54  Code  Lc  cy_sysclk.o [33]
Cy_SysClk_InitGetFreqParams
                        0x1008'7e65    0x1a  Code  Gb  cy_sysclk.o [33]
Cy_SysClk_PeriphAssignDivider
                        0x1008'75a1    0x68  Code  Lc  zf_driver_delay.o [49]
Cy_SysClk_PeriphAssignDivider
                        0x1008'a069    0x68  Code  Lc  zf_driver_pit.o [49]
Cy_SysClk_PeriphAssignDivider
                        0x1008'2137    0x6a  Code  Lc  zf_driver_pwm.o [49]
Cy_SysClk_PeriphAssignDivider
                        0x1008'67bd    0x6a  Code  Lc  zf_driver_spi.o [49]
Cy_SysClk_PeriphAssignDivider
                        0x1008'3871    0x6a  Code  Lc  zf_driver_uart.o [49]
Cy_SysClk_PeriphEnableDivider
                        0x1008'7609    0x4c  Code  Lc  zf_driver_delay.o [49]
Cy_SysClk_PeriphEnableDivider
                        0x1008'a0d1    0x4c  Code  Lc  zf_driver_pit.o [49]
Cy_SysClk_PeriphEnableDivider
                        0x1008'21a1    0x4e  Code  Lc  zf_driver_pwm.o [49]
Cy_SysClk_PeriphEnableDivider
                        0x1008'6827    0x4e  Code  Lc  zf_driver_spi.o [49]
Cy_SysClk_PeriphEnableDivider
                        0x1008'38db    0x4e  Code  Lc  zf_driver_uart.o [49]
Cy_SysClk_PeriphSetDivider
                        0x1008'751b    0x7e  Code  Lc  zf_driver_delay.o [49]
Cy_SysClk_PeriphSetDivider
                        0x1008'9fe3    0x7e  Code  Lc  zf_driver_pit.o [49]
Cy_SysClk_PeriphSetDivider
                        0x1008'20ad    0x82  Code  Lc  zf_driver_pwm.o [49]
Cy_SysClk_PeriphSetFracDivider
                        0x1008'66fd    0xb8  Code  Lc  zf_driver_spi.o [49]
Cy_SysClk_PeriphSetFracDivider
                        0x1008'37b1    0xb8  Code  Lc  zf_driver_uart.o [49]
Cy_SysClk_Pll400MGetConfiguration
                        0x1008'7dd1    0x84  Code  Gb  cy_sysclk.o [33]
Cy_SysClk_Pll400MGetLockStatus
                        0x1008'7b8d    0x2a  Code  Lc  cy_sysclk.o [33]
Cy_SysClk_PllGetConfiguration
                        0x1008'7d7d    0x48  Code  Gb  cy_sysclk.o [33]
Cy_SysClk_PllGetLockStatus
                        0x1008'7b4f    0x28  Code  Lc  cy_sysclk.o [33]
Cy_SysClk_WcoOkay       0x1008'7bb9     0xe  Code  Lc  cy_sysclk.o [33]
Cy_SysInt_InitIRQ       0x1008'57dd    0x7e  Code  Gb  cy_sysint.o [35]
Cy_SysInt_SetSystemIrqVector
                        0x1008'585b    0x12  Code  Gb  cy_sysint.o [35]
Cy_SysInt_SystemIrqUserTableRamPointer
                        0x2802'06f8     0x4  Data  Gb  cy_interrupt_map.o [23]
Cy_SysLib_DelayCycles   0x1008'b9f1          Code  Gb  cy_syslib_iar.o [36]
Cy_SysLib_EnterCriticalSection
                        0x1008'ba01          Code  Gb  cy_syslib_iar.o [36]
Cy_SysLib_ExitCriticalSection
                        0x1008'ba09          Code  Gb  cy_syslib_iar.o [36]
Cy_SysLib_FaultHandler  0x1008'8471    0x90  Code  Gb  cy_syslib.o [36]
Cy_SysLib_Halt          0x1008'846d     0x4  Code  Gb  cy_syslib.o [36]
Cy_SysLib_ProcessingFault
                        0x1008'8515     0x2  Code  Wk  cy_syslib.o [36]
Cy_SysLib_SvcHandler    0x1008'bced     0xc  Code  Wk  cy_syslib.o [36]
Cy_SystemInitFpuEnable  0x1008'af99    0x1e  Code  Gb  system_tviibh4m_cm7.o [22]
Cy_SystemIrqUserTable   0x2802'000c   0x6ec  Data  Gb  cy_interrupt_map.o [23]
Cy_Tcpwm_Counter_ClearTC_Intr
                        0x1008'7b03    0x10  Code  Gb  cy_tcpwm_counter.o [43]
Cy_Tcpwm_Counter_Enable
                        0x1008'7ae5     0xa  Code  Gb  cy_tcpwm_counter.o [43]
Cy_Tcpwm_Counter_GetCounter
                        0x1008'7af3     0x4  Code  Gb  cy_tcpwm_counter.o [43]
Cy_Tcpwm_Counter_Init   0x1008'7965   0x16c  Code  Gb  cy_tcpwm_counter.o [43]
Cy_Tcpwm_Counter_SetCounter
                        0x1008'7aef     0x4  Code  Gb  cy_tcpwm_counter.o [43]
Cy_Tcpwm_Counter_SetTC_IntrMask
                        0x1008'7af7     0xc  Code  Gb  cy_tcpwm_counter.o [43]
Cy_Tcpwm_Pwm_Enable     0x1008'3765     0xa  Code  Gb  cy_tcpwm_pwm.o [43]
Cy_Tcpwm_Pwm_Init       0x1008'3565   0x1e4  Code  Gb  cy_tcpwm_pwm.o [43]
Cy_Tcpwm_TriggerStart   0x1008'376f     0xc  Code  Gb  cy_tcpwm.o [43]
Cy_u32StartupStackEndAddress
                        0x1008'b5e4          Data  Gb  startup_cm7.o [31]
Cy_u32StartupStackStartAddress
                        0x1008'b5e0          Data  Gb  startup_cm7.o [31]
Daty_Z                  0x2802'1064     0x4  Data  Gb  IMU.o [5]
DebugMon_Handler        0x1008'bda1          Code  Wk  startup_cm7.o [31]
Double_layer_feedback_0
                        0x1008'8779   0x174  Code  Gb  Position_Calculation.o [5]
Error                   0x2802'1048     0x8  Data  Gb  Position_Calculation.o [5]
Follow_Track            0x1008'8519   0x1a4  Code  Gb  Position_Calculation.o [5]
GL_CRC                  0x1008'b293    0xd0  Code  Gb  GL_CRC.o [5]
GL_IMU_Flag             0x2802'1070     0x4  Data  Gb  IMU.o [5]
GL_NUM                  0x2802'1058     0x4  Data  Gb  GL_CRC.o [5]
GPS_GET_LAT             0x2802'0950   0x140  Data  Gb  GL_CRC.o [5]
GPS_GET_LOT             0x2802'0a90   0x140  Data  Gb  GL_CRC.o [5]
GPS_GL_GET              0x1008'b1d9    0xba  Code  Gb  GL_CRC.o [5]
Gyro_Offset             0x2802'102c     0xc  Data  Gb  IMU.o [5]
HEAP_STACK$$Base        0x2807'e000           --   Gb  - Linker created -
HEAP_STACK$$Limit       0x2808'0000           --   Gb  - Linker created -
HIP4082_Motor_ctrl      0x1008'9227    0x2e  Code  Gb  Common_Peripherals.o [5]
HardFault_Handler       0x1008'b9a9          Code  Wk  startup_cm7.o [31]
IMU_Data                0x2802'0fb8    0x18  Data  Gb  IMU.o [5]
IMU_GetValues           0x1008'995d    0x9e  Code  Gb  IMU.o [5]
IMU_Handle_0            0x1008'9bc5    0x3a  Code  Gb  IMU.o [5]
IMU_Handle_180          0x1008'9a71    0xe6  Code  Gb  IMU.o [5]
IMU_Handle_360          0x1008'9b5d    0x62  Code  Gb  IMU.o [5]
IMU_Navigation_0        0x1008'8a5f    0x12  Code  Gb  Position_Calculation.o [5]
IMU_Navigation_180_N    0x1008'8a71    0x1a  Code  Gb  Position_Calculation.o [5]
IMU_Navigation_180_S    0x1008'8a8d    0x1a  Code  Gb  Position_Calculation.o [5]
IMU_YAW_integral        0x1008'99fd    0x46  Code  Gb  IMU.o [5]
IMU_gyro_Offset_Init    0x1008'98a1    0xbc  Code  Gb  IMU.o [5]
IMU_init                0x1008'9a43    0x16  Code  Gb  IMU.o [5]
InitRamEcc              0x1008'ad33   0x100  Code  Lc  startup.o [31]
InitRamEccClearArea     0x1008'ae33    0x12  Code  Lc  startup.o [31]
Key_init                0x1008'90a9    0x7c  Code  Gb  Common_Peripherals.o [5]
LORA_Send_TXT           0x1008'9125    0x88  Code  Gb  Common_Peripherals.o [5]
LORA_init               0x1008'91ad    0x2e  Code  Gb  Common_Peripherals.o [5]
LORA_work               0x1008'91db    0x4c  Code  Gb  Common_Peripherals.o [5]
MemManage_Handler       0x1008'bd95          Code  Wk  startup_cm7.o [31]
NMI_Handler             0x1008'bd91          Code  Wk  startup_cm7.o [31]
Navigation_mode         0x1008'8b69    0x34  Code  Gb  Position_Calculation.o [5]
PID_GPS                 0x2802'0ee0    0x30  Data  Gb  Algorithm.o [5]
PID_IMU                 0x2802'0f10    0x30  Data  Gb  Algorithm.o [5]
PID_Init                0x2802'0f40    0x30  Data  Gb  Algorithm.o [5]
PendSV_Handler          0x1008'bda5          Code  Wk  startup_cm7.o [31]
PidInit                 0x1008'8f9f    0x32  Code  Gb  Algorithm.o [5]
PidLocCtrl              0x1008'8fd1    0x98  Code  Gb  Algorithm.o [5]
Region$$Table$$Base     0x1008'b968           --   Gb  - Linker created -
Region$$Table$$Limit    0x1008'b988           --   Gb  - Linker created -
Reset_Handler           0x1008'b539          Code  Wk  startup_cm7.o [31]
Retardation             0x1008'8aa7    0x16  Code  Gb  Position_Calculation.o [5]
SPEED_Value             0x2802'109e     0x2  Data  Gb  Position_Calculation.o [5]
STOP                    0x1008'8abd    0x2a  Code  Gb  Position_Calculation.o [5]
SVC_Handler             0x1008'bad1          Code  Wk  startup_cm7.o [31]
Single_layer_feedback   0x1008'8915   0x14a  Code  Gb  Position_Calculation.o [5]
Startup_Init            0x1008'aca5    0x8e  Code  Gb  startup.o [31]
Steer_init              0x1008'92ab    0x16  Code  Gb  Common_Peripherals.o [5]
Steer_set               0x1008'92c1    0x42  Code  Gb  Common_Peripherals.o [5]
Switching_point_D       0x1008'86bd    0xba  Code  Gb  Position_Calculation.o [5]
SysTick_Handler         0x1008'bda9          Code  Wk  startup_cm7.o [31]
SystemCoreClock         0x2802'1078     0x4  Data  Gb  system_tviibh4m_cm7.o [22]
SystemCoreClockUpdate   0x1008'af05    0x94  Code  Gb  system_tviibh4m_cm7.o [22]
SystemInit              0x1008'aea9    0x5c  Code  Gb  system_tviibh4m_cm7.o [22]
T_M                     0x2802'1068     0x4  Data  Gb  IMU.o [5]
T_N                     0x2802'106c     0x4  Data  Gb  IMU.o [5]
UsageFault_Handler      0x1008'bd9d          Code  Wk  startup_cm7.o [31]
WX_CTRL                 0x1008'939d    0x6c  Code  Gb  Common_Peripherals.o [5]
_LC                     0x1008'4a21     0x6  Code  Lc  xprintflarge_nomb.o [50]
_LitobLargeNoMb         0x1008'552b   0x114  Code  Lc  xprintflarge_nomb.o [50]
_PrintfLargeNoMb        0x1008'4a27   0xafe  Code  Gb  xprintflarge_nomb.o [50]
_Prout                  0x1008'bb99    0x16  Code  Gb  xprout.o [50]
_PutcharsLargeNoMb      0x1008'5699    0x2e  Code  Lc  xprintflarge_nomb.o [50]
_SProut                 0x1008'377b     0xa  Code  Gb  xsprout.o [50]
__NVIC_ClearPendingIRQ  0x1008'b3a1    0x1c  Code  Lc  cy_interrupt_map.o [23]
__NVIC_ClearPendingIRQ  0x1008'440d    0x1c  Code  Lc  zf_common_interrupt.o [46]
__NVIC_EnableIRQ        0x1008'43f1    0x1c  Code  Lc  zf_common_interrupt.o [46]
__NVIC_SetPriority      0x1008'4429    0x24  Code  Lc  zf_common_interrupt.o [46]
__Vectors               0x1008'0000           --   Gb  startup_cm7.o [31]
__Vectors_End           0x1008'0080          Data  Gb  startup_cm7.o [31]
__Vectors_Size {Abs}           0x80           --   Gb  startup_cm7.o [31]
__aeabi_d2uiz           0x1008'59f3     0xe  Code  Gb  DblToU32.o [51]
__aeabi_ddiv            0x1008'59e1    0x12  Code  Gb  DblDiv.o [51]
__aeabi_dmul            0x1008'5a21    0x12  Code  Gb  DblMul.o [51]
__aeabi_dsub            0x1008'5a0f    0x12  Code  Gb  DblSub.o [51]
__aeabi_ldiv0           0x1008'58bd          Code  Gb  I64DivZer.o [52]
__aeabi_memclr4         0x1008'44d5          Code  Gb  ABImemclr4.o [52]
__aeabi_memcpy          0x1008'5735          Code  Gb  ABImemcpy.o [52]
__aeabi_memcpy4         0x1008'5755          Code  Gb  ABImemcpy.o [52]
__aeabi_memcpy8         0x1008'5755          Code  Gb  ABImemcpy.o [52]
__aeabi_memset          0x1008'32ed          Code  Gb  ABImemset.o [52]
__aeabi_ui2d            0x1008'5a01     0xe  Code  Gb  U32ToDbl.o [51]
__aeabi_uldivmod        0x1008'44dd          Code  Gb  I64DivMod.o [52]
__cmain                 0x1008'ba11          Code  Gb  cmain.o [52]
__ecc_init_dtcm_end_address {Abs}
                        0x2000'3fff          Data  Gb  <internal module>
__ecc_init_dtcm_start_address {Abs}
                        0x2000'0000          Data  Gb  <internal module>
__ecc_init_itcm_end_address {Abs}
                             0x3fff          Data  Gb  <internal module>
__ecc_init_itcm_start_address {Abs}
                                0x0          Data  Gb  <internal module>
__ecc_init_sram_end_address {Abs}
                        0x2807'ffff          Data  Gb  <internal module>
__ecc_init_sram_start_address {Abs}
                        0x2802'0000          Data  Gb  <internal module>
__exit                  0x1008'5a39    0x14  Code  Gb  exit.o [53]
__iar_Fail_s            0x1008'58d9    0x1c  Code  Gb  xfail_s.o [50]
__iar_Memchr            0x1008'5919          Code  Gb  memchr.o [52]
__iar_Memset            0x1008'32ed          Code  Gb  ABImemset.o [52]
__iar_Memset4_word      0x1008'5889          Code  Gb  ABImemset48.o [52]
__iar_Memset8_word      0x1008'5889          Code  Gb  ABImemset48.o [52]
__iar_Memset_word       0x1008'32f5          Code  Gb  ABImemset.o [52]
__iar_Sin64             0x1008'9481   0x240  Code  Lc  cos_sin64.o [51]
__iar_Strchr            0x1008'58c1          Code  Gb  strchr.o [52]
__iar_asin64            0x1008'9799          Code  Gb  asin.o [51]
__iar_atan2_64          0x1008'9821          Code  Gb  atan2.o [51]
__iar_cos64             0x1008'9771     0x4  Code  Gb  cos_sin64.o [51]
__iar_cos_medium        0x1008'9771     0x4  Code  Gb  cos_sin64.o [51]
__iar_cos_medium64      0x1008'9771     0x4  Code  Gb  cos_sin64.o [51]
__iar_cos_mediuml       0x1008'9771     0x4  Code  Gb  cos_sin64.o [51]
__iar_data_init3        0x1008'b8d5    0x28  Code  Gb  data_init.o [52]
__iar_frexp             0x1008'597d          Code  Gb  frexp.o [51]
__iar_frexpl            0x1008'597d          Code  Gb  frexp.o [51]
__iar_init_vfp          0x1008'b945          Code  Gb  fpinit_M.o [51]
__iar_lz77_init_single3
                        0x1008'3353    0x7e  Code  Gb  lz77_init_single.o [52]
__iar_program_start     0x1008'baed          Code  Gb  cstartup_M.o [52]
__iar_sin64             0x1008'9775     0x4  Code  Gb  cos_sin64.o [51]
__iar_sin_medium        0x1008'9775     0x4  Code  Gb  cos_sin64.o [51]
__iar_sin_medium64      0x1008'9775     0x4  Code  Gb  cos_sin64.o [51]
__iar_sin_mediuml       0x1008'9775     0x4  Code  Gb  cos_sin64.o [51]
__iar_softfp___iar_frexp64
                        0x1008'5971          Code  Gb  frexp.o [51]
__iar_softfp_frexp      0x1008'5971          Code  Gb  frexp.o [51]
__iar_softfp_frexpl     0x1008'5971          Code  Gb  frexp.o [51]
__iar_sqrt64            0x1008'9779          Code  Gb  sqrt.o [51]
__iar_xatan             0x1008'9c91          Code  Gb  xatan.o [51]
__iar_zero_init3        0x1008'b6f1    0x38  Code  Gb  zero_init3.o [52]
__low_level_init        0x1008'ba31          Code  Gb  startup_cm7.o [31]
__ramVectors            0x2802'1100          Data  Gb  startup_cm7.o [31]
__vector_table          0x1008'0000          Data  Gb  startup_cm7.o [31]
__vector_table_0x1c     0x1008'001c          Data  Gb  startup_cm7.o [31]
__write                 0x1008'31b7    0x12  Code  Gb  zf_common_debug.o [46]
_call_main              0x1008'ba1d          Code  Gb  cmain.o [52]
_exit                   0x1008'ba39          Code  Gb  cexit.o [52]
abort                   0x1008'5a33     0x6  Code  Gb  abort.o [50]
ascii_font_6x8          0x1008'aa7c   0x228  Data  Gb  zf_common_font.o [46]
ascii_font_8x16         0x1008'a22c   0x5f0  Data  Gb  zf_common_font.o [46]
asin                    0x1008'9799          Code  Gb  asin.o [51]
asinl                   0x1008'9799          Code  Gb  asin.o [51]
assert_interrupt_config
                        0x1008'4485     0xc  Code  Gb  zf_common_interrupt.o [46]
atan2                   0x1008'9821          Code  Gb  atan2.o [51]
atan2l                  0x1008'9821          Code  Gb  atan2.o [51]
azimuth                 0x2802'1040     0x8  Data  Gb  Position_Calculation.o [5]
camera_uart_handler     0x2802'0708     0x4  Data  Gb  zf_device_type.o [48]
clock_init              0x1008'b65d    0x16  Code  Gb  zf_common_clock.o [46]
constrain_float         0x1008'8f7d    0x22  Code  Gb  Algorithm.o [5]
cos                     0x1008'9771     0x4  Code  Gb  cos_sin64.o [51]
cosl                    0x1008'9771     0x4  Code  Gb  cos_sin64.o [51]
cs_pin_save             0x2802'1094     0x4  Data  Gb  zf_driver_spi.o [49]
cy_assertFileName       0x2802'0fa0    0x18  Data  Gb  cy_syslib.o [36]
cy_assertLine           0x2802'1054     0x4  Data  Gb  cy_syslib.o [36]
cy_delay32kMs           0x2802'1088     0x4  Data  Gb  system_tviibh4m_cm7.o [22]
cy_delayFreqHz          0x2802'107c     0x4  Data  Gb  system_tviibh4m_cm7.o [22]
cy_delayFreqKhz         0x2802'1080     0x4  Data  Gb  system_tviibh4m_cm7.o [22]
cy_delayFreqMhz         0x2802'1084     0x4  Data  Gb  system_tviibh4m_cm7.o [22]
cy_faultFrame           0x2802'0d68    0x70  Data  Gb  cy_syslib.o [36]
data_buffer             0x2802'076c   0x1e0  Data  Lc  zf_device_ips114.o [48]
debug_assert_handler    0x1008'31c9    0x3c  Code  Gb  zf_common_debug.o [46]
debug_assert_handler::assert_nest_index
                        0x2802'10b3     0x1  Data  Lc  zf_common_debug.o [46]
debug_delay             0x1008'2e99    0x36  Code  Lc  zf_common_debug.o [46]
debug_info_init         0x1008'326f    0x18  Code  Gb  zf_common_debug.o [46]
debug_init              0x1008'3287    0x2a  Code  Gb  zf_common_debug.o [46]
debug_interrupr_handler
                        0x1008'3197    0x20  Code  Gb  zf_common_debug.o [46]
debug_log_handler       0x1008'3205    0x20  Code  Gb  zf_common_debug.o [46]
debug_output            0x1008'2edb   0x2bc  Code  Lc  zf_common_debug.o [46]
debug_output_info       0x2802'1000    0x14  Data  Lc  zf_common_debug.o [46]
debug_output_init       0x1008'3245    0x2a  Code  Gb  zf_common_debug.o [46]
debug_output_struct_init
                        0x1008'3225    0x20  Code  Gb  zf_common_debug.o [46]
debug_uart_buffer       0x2802'0ea0    0x40  Data  Gb  zf_common_debug.o [46]
debug_uart_data         0x2802'10b2     0x1  Data  Gb  zf_common_debug.o [46]
debug_uart_fifo         0x2802'0fd0    0x18  Data  Gb  zf_common_debug.o [46]
debug_uart_str_output   0x1008'2ecf     0xc  Code  Lc  zf_common_debug.o [46]
delay_clk               0x2802'0762     0x2  Data  Lc  zf_driver_delay.o [49]
distance                0x2802'1038     0x8  Data  Gb  Position_Calculation.o [5]
divNumLocator           0x1008'bcf8     0x8  Data  Gb  cy_sysclk.o [33]
encoder                 0x2802'109c     0x2  Data  Gb  Common_Peripherals.o [5]
exit                    0x1008'ba35     0x4  Code  Gb  exit.o [50]
fifo_data_count         0x2802'1050     0x4  Data  Gb  Common_Peripherals.o [5]
fifo_end_offset         0x1008'4037    0x1a  Code  Lc  zf_common_fifo.o [46]
fifo_get_data           0x2802'0e60    0x40  Data  Gb  Common_Peripherals.o [5]
fifo_head_offset        0x1008'401d    0x1a  Code  Lc  zf_common_fifo.o [46]
fifo_init               0x1008'43b3    0x3a  Code  Gb  zf_common_fifo.o [46]
fifo_read_buffer        0x1008'4213   0x1a0  Code  Gb  zf_common_fifo.o [46]
fifo_used               0x1008'4051    0x22  Code  Gb  zf_common_fifo.o [46]
fifo_write_buffer       0x1008'4073   0x1a0  Code  Gb  zf_common_fifo.o [46]
func_double_to_str      0x1008'7249   0x18a  Code  Gb  zf_common_function.o [46]
func_uint_to_str        0x1008'71d9    0x6e  Code  Gb  zf_common_function.o [46]
get_pwm_ch              0x1008'28c9   0x368  Code  Lc  zf_driver_pwm.o [49]
get_pwm_pin             0x1008'21ef   0x368  Code  Lc  zf_driver_pwm.o [49]
get_pwm_pin_hsiom       0x1008'2557   0x36a  Code  Lc  zf_driver_pwm.o [49]
get_scb_module          0x1008'3ae3    0x44  Code  Gb  zf_driver_uart.o [49]
get_two_points_azimuth  0x1008'8c61    0xc6  Code  Gb  zf_device_gnss.o [48]
get_two_points_distance
                        0x1008'8b9d    0xc4  Code  Gb  zf_device_gnss.o [48]
get_uart_config         0x1008'3997   0x14c  Code  Lc  zf_driver_uart.o [49]
gnss                    0x2802'0dd8    0x48  Data  Gb  zf_device_gnss.o [48]
gnss_flag               0x2802'10b4     0x1  Data  Gb  zf_device_gnss.o [48]
gnss_init               0x1008'8d51   0x1c8  Code  Gb  zf_device_gnss.o [48]
gnss_receiver_buffer    0x2802'0ce8    0x80  Data  Lc  zf_device_gnss.o [48]
gnss_receiver_fifo      0x2802'0fe8    0x18  Data  Lc  zf_device_gnss.o [48]
gnss_state              0x2802'10b5     0x1  Data  Lc  zf_device_gnss.o [48]
gpio_get_level          0x1008'7443    0x22  Code  Gb  zf_driver_gpio.o [49]
gpio_init               0x1008'7465    0x88  Code  Gb  zf_driver_gpio.o [49]
gpio_set_level          0x1008'73ff    0x44  Code  Gb  zf_driver_gpio.o [49]
gyro_Offset_flag        0x2802'1060     0x4  Data  Gb  IMU.o [5]
i                       0x2802'105c     0x4  Data  Gb  GL_CRC.o [5]
imu660ra_config_file    0x1008'0080  0x2000  Data  Gb  zf_device_config.o [54]
imu660ra_get_gyro       0x1008'9e77    0x3e  Code  Gb  zf_device_imu660ra.o [48]
imu660ra_gyro_x         0x2802'10a0     0x2  Data  Gb  zf_device_imu660ra.o [48]
imu660ra_gyro_y         0x2802'10a2     0x2  Data  Gb  zf_device_imu660ra.o [48]
imu660ra_gyro_z         0x2802'10a4     0x2  Data  Gb  zf_device_imu660ra.o [48]
imu660ra_init           0x1008'9eb5    0xd0  Code  Gb  zf_device_imu660ra.o [48]
imu660ra_read_register  0x1008'9de5    0x26  Code  Lc  zf_device_imu660ra.o [48]
imu660ra_read_registers
                        0x1008'9e0b    0x3a  Code  Lc  zf_device_imu660ra.o [48]
imu660ra_self_check     0x1008'9e45    0x32  Code  Lc  zf_device_imu660ra.o [48]
imu660ra_transition_factor
                        0x2802'0700     0x8  Data  Gb  zf_device_imu660ra.o [48]
imu660ra_write_register
                        0x1008'9da9    0x1e  Code  Lc  zf_device_imu660ra.o [48]
imu660ra_write_registers
                        0x1008'9dc7    0x1e  Code  Lc  zf_device_imu660ra.o [48]
imu963ra_gyro_x         0x2802'10a6     0x2  Data  Gb  zf_device_imu963ra.o [48]
imu963ra_gyro_y         0x2802'10a8     0x2  Data  Gb  zf_device_imu963ra.o [48]
imu963ra_gyro_z         0x2802'10aa     0x2  Data  Gb  zf_device_imu963ra.o [48]
intFreqInitialized      0x2802'10b0     0x1  Data  Gb  cy_sysclk.o [33]
internalBaseFreqInfo    0x2802'0f88    0x18  Data  Gb  cy_sysclk.o [33]
interrupt_global_disable
                        0x1008'445d    0x14  Code  Gb  zf_common_interrupt.o [46]
interrupt_global_enable
                        0x1008'444d    0x10  Code  Gb  zf_common_interrupt.o [46]
interrupt_global_flag   0x2802'1090     0x4  Data  Lc  zf_common_interrupt.o [46]
interrupt_init          0x1008'449d    0x36  Code  Gb  zf_common_interrupt.o [46]
interrupt_set_priority  0x1008'4491     0xc  Code  Gb  zf_common_interrupt.o [46]
ips114_bgcolor          0x2802'0758     0x2  Data  Lc  zf_device_ips114.o [48]
ips114_clear            0x1008'a9ed    0x66  Code  Gb  zf_device_ips114.o [48]
ips114_display_dir      0x2802'10b6     0x1  Data  Lc  zf_device_ips114.o [48]
ips114_height_max       0x2802'0756     0x2  Data  Gb  zf_device_ips114.o [48]
ips114_set_region       0x1008'a83b   0x1b0  Code  Lc  zf_device_ips114.o [48]
ips114_width_max        0x2802'0754     0x2  Data  Gb  zf_device_ips114.o [48]
ips114_write_index      0x1008'a81d    0x1e  Code  Lc  zf_device_ips114.o [48]
ips200_bgcolor          0x2802'0760     0x2  Data  Lc  zf_device_ips200.o [48]
ips200_clear            0x1008'5cd9    0x80  Code  Gb  zf_device_ips200.o [48]
ips200_debug_init       0x1008'5c6f    0x68  Code  Lc  zf_device_ips200.o [48]
ips200_display_dir      0x2802'10b8     0x1  Data  Lc  zf_device_ips200.o [48]
ips200_display_font     0x2802'0765     0x1  Data  Lc  zf_device_ips200.o [48]
ips200_display_type     0x2802'10b7     0x1  Data  Lc  zf_device_ips200.o [48]
ips200_height_max       0x2802'075c     0x2  Data  Gb  zf_device_ips200.o [48]
ips200_init             0x1008'62b5   0x34a  Code  Gb  zf_device_ips200.o [48]
ips200_pencolor         0x2802'075e     0x2  Data  Lc  zf_device_ips200.o [48]
ips200_set_color        0x1008'5d97     0xe  Code  Gb  zf_device_ips200.o [48]
ips200_set_dir          0x1008'5d59    0x3e  Code  Gb  zf_device_ips200.o [48]
ips200_set_region       0x1008'5ba9    0xc6  Code  Lc  zf_device_ips200.o [48]
ips200_show_char        0x1008'5da5   0x206  Code  Gb  zf_device_ips200.o [48]
ips200_show_float       0x1008'6145   0x13e  Code  Gb  zf_device_ips200.o [48]
ips200_show_string      0x1008'5fad    0xaa  Code  Gb  zf_device_ips200.o [48]
ips200_show_uint        0x1008'6057    0xdc  Code  Gb  zf_device_ips200.o [48]
ips200_width_max        0x2802'075a     0x2  Data  Gb  zf_device_ips200.o [48]
ips200_write_16bit_data
                        0x1008'5af3    0x54  Code  Gb  zf_device_ips200.o [48]
ips200_write_16bit_data_array
                        0x1008'5b47    0x62  Code  Lc  zf_device_ips200.o [48]
ips200_write_8bit_data  0x1008'5ab5    0x3e  Code  Lc  zf_device_ips200.o [48]
ips200_write_command    0x1008'5a57    0x5e  Code  Lc  zf_device_ips200.o [48]
ips200_write_data       0x1008'5a4d     0xa  Code  Lc  zf_device_ips200.o [48]
ips_bl_pin              0x2802'0767     0x1  Data  Lc  zf_device_ips200.o [48]
ips_cs_pin              0x2802'0768     0x1  Data  Lc  zf_device_ips200.o [48]
ips_rst_pin             0x2802'0766     0x1  Data  Lc  zf_device_ips200.o [48]
key1_flag               0x2802'10ac     0x1  Data  Gb  Common_Peripherals.o [5]
key2_flag               0x2802'10ad     0x1  Data  Gb  Common_Peripherals.o [5]
key3_flag               0x2802'10ae     0x1  Data  Gb  Common_Peripherals.o [5]
key4_flag               0x2802'10af     0x1  Data  Gb  Common_Peripherals.o [5]
main                    0x1008'b5e9    0x74  Code  Gb  main_cm7_0.o [45]
memchr                  0x1008'5919          Code  Gb  memchr.o [52]
next_point              0x2802'1074     0x4  Data  Gb  Position_Calculation.o [5]
pit0_ch0_isr            0x1008'b029    0x2e  Code  Gb  cm7_0_isr.o [45]
pit0_ch1_isr            0x1008'b057    0x12  Code  Gb  cm7_0_isr.o [45]
pit0_ch2_isr            0x1008'b069    0x16  Code  Gb  cm7_0_isr.o [45]
pit_init                0x1008'a12d    0xec  Code  Gb  zf_driver_pit.o [49]
pit_isr_flag_clear      0x1008'a11d    0x10  Code  Gb  zf_driver_pit.o [49]
pit_isr_func            0x2802'0714     0xc  Data  Gb  zf_driver_pit.o [49]
printf                  0x1008'8f55    0x28  Code  Gb  printf.o [50]
putchar                 0x1008'b9c9    0x20  Code  Gb  putchar.o [50]
pwm_all_channel_close   0x1008'2c31    0x1a  Code  Gb  zf_driver_pwm.o [49]
pwm_init                0x1008'2ca5   0x1e4  Code  Gb  zf_driver_pwm.o [49]
pwm_set_duty            0x1008'2c4b    0x5a  Code  Gb  zf_driver_pwm.o [49]
scale                   0x1008'563f    0x46  Code  Lc  xprintflarge_nomb.o [50]
scb_module              0x2802'0740    0x14  Data  Gb  zf_driver_uart.o [49]
sec_hand                0x2802'1098     0x4  Data  Lc  xfail_s.o [50]
sin                     0x1008'9775     0x4  Code  Gb  cos_sin64.o [51]
sinl                    0x1008'9775     0x4  Code  Gb  cos_sin64.o [51]
spi_get_clk_hsiom       0x1008'690b    0x20  Code  Lc  zf_driver_spi.o [49]
spi_get_clk_pin         0x1008'6875    0x20  Code  Lc  zf_driver_spi.o [49]
spi_get_cs_hsiom        0x1008'696b    0x36  Code  Lc  zf_driver_spi.o [49]
spi_get_cs_pin          0x1008'68d5    0x36  Code  Lc  zf_driver_spi.o [49]
spi_get_miso_hsiom      0x1008'694b    0x20  Code  Lc  zf_driver_spi.o [49]
spi_get_miso_pin        0x1008'68b5    0x20  Code  Lc  zf_driver_spi.o [49]
spi_get_mosi_hsiom      0x1008'692b    0x20  Code  Lc  zf_driver_spi.o [49]
spi_get_mosi_pin        0x1008'6895    0x20  Code  Lc  zf_driver_spi.o [49]
spi_init                0x1008'6f99   0x22c  Code  Gb  zf_driver_spi.o [49]
spi_module              0x2802'0720     0xc  Data  Gb  zf_driver_spi.o [49]
spi_read_8bit_registers
                        0x1008'6eb5    0xd2  Code  Gb  zf_driver_spi.o [49]
spi_write_16bit         0x1008'6b87    0xaa  Code  Gb  zf_driver_spi.o [49]
spi_write_16bit_array   0x1008'6c31    0xb6  Code  Gb  zf_driver_spi.o [49]
spi_write_8bit          0x1008'6add    0xaa  Code  Gb  zf_driver_spi.o [49]
spi_write_8bit_register
                        0x1008'6ce7    0xde  Code  Gb  zf_driver_spi.o [49]
spi_write_8bit_registers
                        0x1008'6dc5    0xe8  Code  Gb  zf_driver_spi.o [49]
sprintf                 0x1008'3fdd    0x40  Code  Gb  sprintf.o [50]
sqrt                    0x1008'9779          Code  Gb  sqrt.o [51]
sqrtl                   0x1008'9779          Code  Gb  sqrt.o [51]
strchr                  0x1008'58c1          Code  Gb  strchr.o [52]
strlen                  0x1008'3fa5          Code  Gb  strlen.o [52]
strncpy                 0x1008'83fd          Code  Gb  strncpy.o [52]
switch_transition_length
                        0x1008'69a1   0x13c  Code  Lc  zf_driver_spi.o [49]
system_clock            0x2802'108c     0x4  Data  Gb  zf_common_clock.o [46]
system_delay_init       0x1008'76b3    0xa6  Code  Gb  zf_driver_delay.o [49]
system_delay_ms         0x1008'7655    0x5e  Code  Gb  zf_driver_delay.o [49]
timer_ch                0x2802'0769     0x1  Data  Lc  zf_driver_delay.o [49]
type_default_callback   0x1008'bdcd     0x2  Code  Lc  zf_device_type.o [48]
uart0_isr               0x1008'b07f    0x40  Code  Gb  cm7_0_isr.o [45]
uart1_isr               0x1008'b0bf    0x42  Code  Gb  cm7_0_isr.o [45]
uart2_isr               0x1008'b101    0x42  Code  Gb  cm7_0_isr.o [45]
uart3_isr               0x1008'b143    0x3c  Code  Gb  cm7_0_isr.o [45]
uart4_isr               0x1008'b17f    0x42  Code  Gb  cm7_0_isr.o [45]
uart_context            0x2802'0bd0   0x118  Data  Gb  zf_driver_uart.o [49]
uart_data_fifo          0x2802'0f70    0x18  Data  Gb  Common_Peripherals.o [5]
uart_get_data           0x2802'0e20    0x40  Data  Gb  Common_Peripherals.o [5]
uart_init               0x1008'3dd5   0x18a  Code  Gb  zf_driver_uart.o [49]
uart_isr_func           0x2802'072c    0x14  Data  Gb  zf_driver_uart.o [49]
uart_query_byte         0x1008'3b89    0x32  Code  Gb  zf_driver_uart.o [49]
uart_receiver_handler   0x2802'0710     0x4  Data  Gb  zf_device_type.o [48]
uart_rx_interrupt       0x1008'3cd7    0xfe  Code  Gb  zf_driver_uart.o [49]
uart_tx_interrupt       0x1008'3bbb   0x11c  Code  Gb  zf_driver_uart.o [49]
uart_write_buffer       0x1008'3b4f    0x1e  Code  Gb  zf_driver_uart.o [49]
uart_write_byte         0x1008'3b27    0x28  Code  Gb  zf_driver_uart.o [49]
uart_write_string       0x1008'3b6d    0x1c  Code  Gb  zf_driver_uart.o [49]
wireless_module_uart_handler
                        0x2802'070c     0x4  Data  Gb  zf_device_type.o [48]
x6f_count               0x2802'1014     0xc  Data  Gb  Common_Peripherals.o [5]
x6f_out                 0x2802'1020     0xc  Data  Gb  Common_Peripherals.o [5]
x6f_pin_map             0x2802'0000     0xc  Data  Gb  Common_Peripherals.o [5]
x6f_scan                0x1008'934f    0x46  Code  Gb  Common_Peripherals.o [5]
zf_debug_assert_enable  0x2802'0764     0x1  Data  Lc  zf_common_debug.o [46]
zf_debug_init_flag      0x2802'10b1     0x1  Data  Lc  zf_common_debug.o [46]


[1] = C:\IAR\iar\Debug_m7_0\Obj\adc_11722776235721520015.dir
[2] = C:\IAR\iar\Debug_m7_0\Obj\audioss_1346650047966882938.dir
[3] = C:\IAR\iar\Debug_m7_0\Obj\button_4990804375159372270.dir
[4] = C:\IAR\iar\Debug_m7_0\Obj\canfd_1800690984773873875.dir
[5] = C:\IAR\iar\Debug_m7_0\Obj\code_17896468042025673432.dir
[6] = C:\IAR\iar\Debug_m7_0\Obj\cpu_15938736945165268644.dir
[7] = C:\IAR\iar\Debug_m7_0\Obj\crypto_1190170608956581615.dir
[8] = C:\IAR\iar\Debug_m7_0\Obj\dma_12106025507578611576.dir
[9] = C:\IAR\iar\Debug_m7_0\Obj\eth_phy_18133017486186456677.dir
[10] = C:\IAR\iar\Debug_m7_0\Obj\ethernet_6029839089178797009.dir
[11] = C:\IAR\iar\Debug_m7_0\Obj\evtgen_3404189088603873129.dir
[12] = C:\IAR\iar\Debug_m7_0\Obj\flash_8529866181315662935.dir
[13] = C:\IAR\iar\Debug_m7_0\Obj\flash_864493325053435817.dir
[14] = C:\IAR\iar\Debug_m7_0\Obj\gpio_3999404635324069351.dir
[15] = C:\IAR\iar\Debug_m7_0\Obj\ipc_10145506163450686023.dir
[16] = C:\IAR\iar\Debug_m7_0\Obj\lin_18429031207028094880.dir
[17] = C:\IAR\iar\Debug_m7_0\Obj\lvd_6353935867039560245.dir
[18] = C:\IAR\iar\Debug_m7_0\Obj\mcwdt_4052485907822033969.dir
[19] = C:\IAR\iar\Debug_m7_0\Obj\mpu_5663187252346826382.dir
[20] = C:\IAR\iar\Debug_m7_0\Obj\power_14453085144426420577.dir
[21] = C:\IAR\iar\Debug_m7_0\Obj\prot_10722960861768657883.dir
[22] = C:\IAR\iar\Debug_m7_0\Obj\rev_b_4986922561640112550.dir
[23] = C:\IAR\iar\Debug_m7_0\Obj\rev_b_6162237342861132223.dir
[24] = C:\IAR\iar\Debug_m7_0\Obj\scb_15490842639181808494.dir
[25] = C:\IAR\iar\Debug_m7_0\Obj\sd_host_2982766354293506895.dir
[26] = C:\IAR\iar\Debug_m7_0\Obj\semihosting_143864889731838620.dir
[27] = C:\IAR\iar\Debug_m7_0\Obj\smartio_5451710003740070188.dir
[28] = C:\IAR\iar\Debug_m7_0\Obj\smif_427648126384146252.dir
[29] = C:\IAR\iar\Debug_m7_0\Obj\smif_mem_6470536964353725183.dir
[30] = C:\IAR\iar\Debug_m7_0\Obj\srom_13018798572330080582.dir
[31] = C:\IAR\iar\Debug_m7_0\Obj\startup_479057977785470282.dir
[32] = C:\IAR\iar\Debug_m7_0\Obj\sw_timer_4215635015939382130.dir
[33] = C:\IAR\iar\Debug_m7_0\Obj\sysclk_16149231235676103872.dir
[34] = C:\IAR\iar\Debug_m7_0\Obj\sysflt_12293435975120599261.dir
[35] = C:\IAR\iar\Debug_m7_0\Obj\sysint_7435970359207984181.dir
[36] = C:\IAR\iar\Debug_m7_0\Obj\syslib_16330585751512546975.dir
[37] = C:\IAR\iar\Debug_m7_0\Obj\syspm_10887939769544754770.dir
[38] = C:\IAR\iar\Debug_m7_0\Obj\sysreghc_17676636058511625587.dir
[39] = C:\IAR\iar\Debug_m7_0\Obj\sysreset_14586141425677365288.dir
[40] = C:\IAR\iar\Debug_m7_0\Obj\sysrtc_10747768817563771611.dir
[41] = C:\IAR\iar\Debug_m7_0\Obj\systick_16016591671695740695.dir
[42] = C:\IAR\iar\Debug_m7_0\Obj\syswdt_9118657615806274156.dir
[43] = C:\IAR\iar\Debug_m7_0\Obj\tcpwm_422923530147891246.dir
[44] = C:\IAR\iar\Debug_m7_0\Obj\trigmux_9729677290734583340.dir
[45] = C:\IAR\iar\Debug_m7_0\Obj\user_8514941877209965082.dir
[46] = C:\IAR\iar\Debug_m7_0\Obj\zf_common_1201165462030747823.dir
[47] = C:\IAR\iar\Debug_m7_0\Obj\zf_components_14936052685886095442.dir
[48] = C:\IAR\iar\Debug_m7_0\Obj\zf_device_6570275422786408770.dir
[49] = C:\IAR\iar\Debug_m7_0\Obj\zf_driver_11922370083829174090.dir
[50] = dl7M_tln.a
[51] = m7M_tlv.a
[52] = rt7M_tl.a
[53] = shb_l.a
[54] = zf_device_config.a

  36'824 bytes of readonly  code memory
  11'908 bytes of readonly  data memory
  12'599 bytes of readwrite data memory

Errors: none
Warnings: none
