###############################################################################
#
# IAR ELF Linker V9.40.1.364/W64 for ARM                  29/May/2024  21:17:42
# Copyright 2007-2023 IAR Systems AB.
#
#    Output file  =  C:\IAR\iar\Debug_m7_0\Exe\cyt4bb7_cm_7_0.out
#    Map file     =  C:\IAR\iar\Debug_m7_0\List\cyt4bb7_cm_7_0.map
#    Command line =
#        -f C:\IAR\iar\Debug_m7_0\Exe\cyt4bb7_cm_7_0.out.rsp
#        (C:\IAR\iar\Debug_m7_0\Obj\code_17896468042025673432.dir\Algorithm.o
#        C:\IAR\iar\Debug_m7_0\Obj\user_8514941877209965082.dir\cm7_0_isr.o
#        C:\IAR\iar\Debug_m7_0\Obj\code_17896468042025673432.dir\Common_Peripherals.o
#        C:\IAR\iar\Debug_m7_0\Obj\adc_11722776235721520015.dir\cy_adc.o
#        C:\IAR\iar\Debug_m7_0\Obj\button_4990804375159372270.dir\cy_button.o
#        C:\IAR\iar\Debug_m7_0\Obj\canfd_1800690984773873875.dir\cy_canfd.o
#        C:\IAR\iar\Debug_m7_0\Obj\cpu_15938736945165268644.dir\cy_cpu.o
#        C:\IAR\iar\Debug_m7_0\Obj\crypto_1190170608956581615.dir\cy_crypto_config.o
#        C:\IAR\iar\Debug_m7_0\Obj\eth_phy_18133017486186456677.dir\cy_dp83867.o
#        C:\IAR\iar\Debug_m7_0\Obj\ethernet_6029839089178797009.dir\cy_ethif.o
#        C:\IAR\iar\Debug_m7_0\Obj\evtgen_3404189088603873129.dir\cy_evtgen.o
#        C:\IAR\iar\Debug_m7_0\Obj\flash_8529866181315662935.dir\cy_flash.o
#        C:\IAR\iar\Debug_m7_0\Obj\gpio_3999404635324069351.dir\cy_gpio.o
#        C:\IAR\iar\Debug_m7_0\Obj\audioss_1346650047966882938.dir\cy_i2s.o
#        C:\IAR\iar\Debug_m7_0\Obj\rev_b_6162237342861132223.dir\cy_interrupt_map.o
#        C:\IAR\iar\Debug_m7_0\Obj\ipc_10145506163450686023.dir\cy_ipc_drv.o
#        C:\IAR\iar\Debug_m7_0\Obj\ipc_10145506163450686023.dir\cy_ipc_pipe.o
#        C:\IAR\iar\Debug_m7_0\Obj\ipc_10145506163450686023.dir\cy_ipc_sema.o
#        C:\IAR\iar\Debug_m7_0\Obj\lin_18429031207028094880.dir\cy_lin.o
#        C:\IAR\iar\Debug_m7_0\Obj\lvd_6353935867039560245.dir\cy_lvd.o
#        C:\IAR\iar\Debug_m7_0\Obj\mcwdt_4052485907822033969.dir\cy_mcwdt.o
#        C:\IAR\iar\Debug_m7_0\Obj\dma_12106025507578611576.dir\cy_mdma.o
#        C:\IAR\iar\Debug_m7_0\Obj\mpu_5663187252346826382.dir\cy_mpu.o
#        C:\IAR\iar\Debug_m7_0\Obj\flash_864493325053435817.dir\cy_mw_flash.o
#        C:\IAR\iar\Debug_m7_0\Obj\dma_12106025507578611576.dir\cy_pdma.o
#        C:\IAR\iar\Debug_m7_0\Obj\power_14453085144426420577.dir\cy_power.o
#        C:\IAR\iar\Debug_m7_0\Obj\prot_10722960861768657883.dir\cy_prot.o
#        C:\IAR\iar\Debug_m7_0\Obj\scb_15490842639181808494.dir\cy_scb_common.o
#        C:\IAR\iar\Debug_m7_0\Obj\scb_15490842639181808494.dir\cy_scb_ezi2c.o
#        C:\IAR\iar\Debug_m7_0\Obj\scb_15490842639181808494.dir\cy_scb_i2c.o
#        C:\IAR\iar\Debug_m7_0\Obj\scb_15490842639181808494.dir\cy_scb_spi.o
#        C:\IAR\iar\Debug_m7_0\Obj\scb_15490842639181808494.dir\cy_scb_uart.o
#        C:\IAR\iar\Debug_m7_0\Obj\sd_host_2982766354293506895.dir\cy_sd_host.o
#        C:\IAR\iar\Debug_m7_0\Obj\semihosting_143864889731838620.dir\cy_semihosting.o
#        C:\IAR\iar\Debug_m7_0\Obj\smartio_5451710003740070188.dir\cy_smartio.o
#        C:\IAR\iar\Debug_m7_0\Obj\smif_427648126384146252.dir\cy_smif.o
#        C:\IAR\iar\Debug_m7_0\Obj\smif_mem_6470536964353725183.dir\cy_smif_device_common.o
#        C:\IAR\iar\Debug_m7_0\Obj\smif_mem_6470536964353725183.dir\cy_smif_hb_flash.o
#        C:\IAR\iar\Debug_m7_0\Obj\smif_427648126384146252.dir\cy_smif_memslot.o
#        C:\IAR\iar\Debug_m7_0\Obj\smif_mem_6470536964353725183.dir\cy_smif_s25fl.o
#        C:\IAR\iar\Debug_m7_0\Obj\smif_mem_6470536964353725183.dir\cy_smif_s25fs.o
#        C:\IAR\iar\Debug_m7_0\Obj\smif_mem_6470536964353725183.dir\cy_smif_semp.o
#        C:\IAR\iar\Debug_m7_0\Obj\smif_427648126384146252.dir\cy_smif_ver_specific.o
#        C:\IAR\iar\Debug_m7_0\Obj\srom_13018798572330080582.dir\cy_srom.o
#        C:\IAR\iar\Debug_m7_0\Obj\sw_timer_4215635015939382130.dir\cy_sw_tmr.o
#        C:\IAR\iar\Debug_m7_0\Obj\sysclk_16149231235676103872.dir\cy_sysclk.o
#        C:\IAR\iar\Debug_m7_0\Obj\sysflt_12293435975120599261.dir\cy_sysflt.o
#        C:\IAR\iar\Debug_m7_0\Obj\sysint_7435970359207984181.dir\cy_sysint.o
#        C:\IAR\iar\Debug_m7_0\Obj\syslib_16330585751512546975.dir\cy_syslib.o
#        C:\IAR\iar\Debug_m7_0\Obj\syslib_16330585751512546975.dir\cy_syslib_iar.o
#        C:\IAR\iar\Debug_m7_0\Obj\syspm_10887939769544754770.dir\cy_syspm.o
#        C:\IAR\iar\Debug_m7_0\Obj\sysreghc_17676636058511625587.dir\cy_sysreghc.o
#        C:\IAR\iar\Debug_m7_0\Obj\sysreset_14586141425677365288.dir\cy_sysreset.o
#        C:\IAR\iar\Debug_m7_0\Obj\sysrtc_10747768817563771611.dir\cy_sysrtc.o
#        C:\IAR\iar\Debug_m7_0\Obj\systick_16016591671695740695.dir\cy_systick.o
#        C:\IAR\iar\Debug_m7_0\Obj\syswdt_9118657615806274156.dir\cy_syswdt.o
#        C:\IAR\iar\Debug_m7_0\Obj\tcpwm_422923530147891246.dir\cy_tcpwm.o
#        C:\IAR\iar\Debug_m7_0\Obj\tcpwm_422923530147891246.dir\cy_tcpwm_counter.o
#        C:\IAR\iar\Debug_m7_0\Obj\tcpwm_422923530147891246.dir\cy_tcpwm_pwm.o
#        C:\IAR\iar\Debug_m7_0\Obj\tcpwm_422923530147891246.dir\cy_tcpwm_quaddec.o
#        C:\IAR\iar\Debug_m7_0\Obj\tcpwm_422923530147891246.dir\cy_tcpwm_sr.o
#        C:\IAR\iar\Debug_m7_0\Obj\trigmux_9729677290734583340.dir\cy_trigmux.o
#        C:\IAR\iar\Debug_m7_0\Obj\ethernet_6029839089178797009.dir\edd.o
#        C:\IAR\iar\Debug_m7_0\Obj\ethernet_6029839089178797009.dir\edd_rx.o
#        C:\IAR\iar\Debug_m7_0\Obj\ethernet_6029839089178797009.dir\edd_tx.o
#        C:\IAR\iar\Debug_m7_0\Obj\code_17896468042025673432.dir\GL_CRC.o
#        C:\IAR\iar\Debug_m7_0\Obj\code_17896468042025673432.dir\GL_Math.o
#        C:\IAR\iar\Debug_m7_0\Obj\code_17896468042025673432.dir\GPS.o
#        C:\IAR\iar\Debug_m7_0\Obj\code_17896468042025673432.dir\IMU.o
#        C:\IAR\iar\Debug_m7_0\Obj\user_8514941877209965082.dir\main_cm7_0.o
#        C:\IAR\iar\Debug_m7_0\Obj\code_17896468042025673432.dir\Math_self.o
#        C:\IAR\iar\Debug_m7_0\Obj\code_17896468042025673432.dir\Menu.o
#        C:\IAR\iar\Debug_m7_0\Obj\code_17896468042025673432.dir\Position_Calculation.o
#        C:\IAR\iar\Debug_m7_0\Obj\zf_components_14936052685886095442.dir\seekfree_assistant.o
#        C:\IAR\iar\Debug_m7_0\Obj\zf_components_14936052685886095442.dir\seekfree_assistant_interface.o
#        C:\IAR\iar\Debug_m7_0\Obj\startup_479057977785470282.dir\startup.o
#        C:\IAR\iar\Debug_m7_0\Obj\startup_479057977785470282.dir\startup_cm7.o
#        C:\IAR\iar\Debug_m7_0\Obj\rev_b_4986922561640112550.dir\system_tviibh4m_cm7.o
#        C:\IAR\iar\Debug_m7_0\Obj\zf_common_1201165462030747823.dir\zf_common_clock.o
#        C:\IAR\iar\Debug_m7_0\Obj\zf_common_1201165462030747823.dir\zf_common_debug.o
#        C:\IAR\iar\Debug_m7_0\Obj\zf_common_1201165462030747823.dir\zf_common_fifo.o
#        C:\IAR\iar\Debug_m7_0\Obj\zf_common_1201165462030747823.dir\zf_common_font.o
#        C:\IAR\iar\Debug_m7_0\Obj\zf_common_1201165462030747823.dir\zf_common_function.o
#        C:\IAR\iar\Debug_m7_0\Obj\zf_common_1201165462030747823.dir\zf_common_interrupt.o
#        C:\IAR\iar\Debug_m7_0\Obj\zf_device_6570275422786408770.dir\zf_device_absolute_encoder.o
#        C:\IAR\iar\Debug_m7_0\Obj\zf_device_6570275422786408770.dir\zf_device_bluetooth_ch9141.o
#        C:\IAR\iar\Debug_m7_0\Obj\zf_device_6570275422786408770.dir\zf_device_dl1a.o
#        C:\IAR\iar\Debug_m7_0\Obj\zf_device_6570275422786408770.dir\zf_device_dl1b.o
#        C:\IAR\iar\Debug_m7_0\Obj\zf_device_6570275422786408770.dir\zf_device_gnss.o
#        C:\IAR\iar\Debug_m7_0\Obj\zf_device_6570275422786408770.dir\zf_device_icm20602.o
#        C:\IAR\iar\Debug_m7_0\Obj\zf_device_6570275422786408770.dir\zf_device_imu660ra.o
#        C:\IAR\iar\Debug_m7_0\Obj\zf_device_6570275422786408770.dir\zf_device_imu963ra.o
#        C:\IAR\iar\Debug_m7_0\Obj\zf_device_6570275422786408770.dir\zf_device_ips114.o
#        C:\IAR\iar\Debug_m7_0\Obj\zf_device_6570275422786408770.dir\zf_device_ips200.o
#        C:\IAR\iar\Debug_m7_0\Obj\zf_device_6570275422786408770.dir\zf_device_key.o
#        C:\IAR\iar\Debug_m7_0\Obj\zf_device_6570275422786408770.dir\zf_device_mpu6050.o
#        C:\IAR\iar\Debug_m7_0\Obj\zf_device_6570275422786408770.dir\zf_device_oled.o
#        C:\IAR\iar\Debug_m7_0\Obj\zf_device_6570275422786408770.dir\zf_device_tft180.o
#        C:\IAR\iar\Debug_m7_0\Obj\zf_device_6570275422786408770.dir\zf_device_tsl1401.o
#        C:\IAR\iar\Debug_m7_0\Obj\zf_device_6570275422786408770.dir\zf_device_type.o
#        C:\IAR\iar\Debug_m7_0\Obj\zf_device_6570275422786408770.dir\zf_device_uart_receiver.o
#        C:\IAR\iar\Debug_m7_0\Obj\zf_device_6570275422786408770.dir\zf_device_virtual_oscilloscope.o
#        C:\IAR\iar\Debug_m7_0\Obj\zf_device_6570275422786408770.dir\zf_device_wifi_spi.o
#        C:\IAR\iar\Debug_m7_0\Obj\zf_device_6570275422786408770.dir\zf_device_wifi_uart.o
#        C:\IAR\iar\Debug_m7_0\Obj\zf_device_6570275422786408770.dir\zf_device_wireless_uart.o
#        C:\IAR\iar\Debug_m7_0\Obj\zf_driver_11922370083829174090.dir\zf_driver_adc.o
#        C:\IAR\iar\Debug_m7_0\Obj\zf_driver_11922370083829174090.dir\zf_driver_delay.o
#        C:\IAR\iar\Debug_m7_0\Obj\zf_driver_11922370083829174090.dir\zf_driver_dma.o
#        C:\IAR\iar\Debug_m7_0\Obj\zf_driver_11922370083829174090.dir\zf_driver_encoder.o
#        C:\IAR\iar\Debug_m7_0\Obj\zf_driver_11922370083829174090.dir\zf_driver_exti.o
#        C:\IAR\iar\Debug_m7_0\Obj\zf_driver_11922370083829174090.dir\zf_driver_flash.o
#        C:\IAR\iar\Debug_m7_0\Obj\zf_driver_11922370083829174090.dir\zf_driver_gpio.o
#        C:\IAR\iar\Debug_m7_0\Obj\zf_driver_11922370083829174090.dir\zf_driver_ipc.o
#        C:\IAR\iar\Debug_m7_0\Obj\zf_driver_11922370083829174090.dir\zf_driver_pit.o
#        C:\IAR\iar\Debug_m7_0\Obj\zf_driver_11922370083829174090.dir\zf_driver_pwm.o
#        C:\IAR\iar\Debug_m7_0\Obj\zf_driver_11922370083829174090.dir\zf_driver_soft_iic.o
#        C:\IAR\iar\Debug_m7_0\Obj\zf_driver_11922370083829174090.dir\zf_driver_soft_spi.o
#        C:\IAR\iar\Debug_m7_0\Obj\zf_driver_11922370083829174090.dir\zf_driver_spi.o
#        C:\IAR\iar\Debug_m7_0\Obj\zf_driver_11922370083829174090.dir\zf_driver_timer.o
#        C:\IAR\iar\Debug_m7_0\Obj\zf_driver_11922370083829174090.dir\zf_driver_uart.o
#        --no_out_extension -o C:\IAR\iar\Debug_m7_0\Exe\cyt4bb7_cm_7_0.out
#        --config_def _CORE_cm7_0_=0 --config_def _LINK_flash_=0 --map
#        C:\IAR\iar\Debug_m7_0\List\cyt4bb7_cm_7_0.map --config
#        C:\IAR\iar\project_config\..\icf\linker_directives_tviibh.icf
#        --semihosting
#        C:\IAR\iar\project_config\..\..\..\libraries\sdk\tviibh4m\src\drivers\crypto\libs\libcrypto_server_cm0plus_iar.a
#        C:\IAR\iar\project_config\..\..\..\libraries\zf_device\zf_device_config.a
#        C:\IAR\iar\project_config\..\..\..\libraries\sdk\common\hdr\cmsis\dsp\iar_cortexM7lf_math.a
#        --entry __iar_program_start --vfe --text_out locale --cpu=Cortex-M7
#        --fpu=VFPv5_d16) --dependencies=n
#        C:\IAR\iar\Debug_m7_0\Exe\cyt4bb7_cm_7_0.out.iar_deps
#
###############################################################################

*******************************************************************************
*** RUNTIME MODEL ATTRIBUTES
***

CppFlavor       = *
__CPP_Runtime   = 1
__SystemLibrary = DLib
__dlib_version  = 6


*******************************************************************************
*** HEAP SELECTION
***

The basic heap was selected because --advanced_heap
was not specified and the application did not appear to
be primarily optimized for speed.


*******************************************************************************
*** PLACEMENT SUMMARY
***

"A0":  place at start of [from 0x1008'0000 to 0x1027'ffff] { section .intvec };
"P1":  place in [from 0x1008'0000 to 0x1027'ffff] { ro };
"P2":  place in [from 0x2802'0000 to 0x2807'ffff] { rw };
define block HEAP with size = 1K, alignment = 8 { };
define block CSTACK with size = 8K, alignment = 8 { };
define block HEAP_STACK { block HEAP, last block CSTACK };
"A1":  place at end of [from 0x2802'0000 to 0x2807'ffff] { block HEAP_STACK };
do not initialize { section .intvec_ram };
initialize by copy { rw };

No sections matched the following patterns:

  ro section .sflash_app_prot  in "P6"
  ro section .sflash_nar       in "P4"
  ro section .sflash_pkey      in "P5"
  ro section .sflash_toc2      in "P7"
  ro section .sflash_uf_rows   in "P3"
  ro section .work_flash       in "P8"


  Section            Kind         Address      Size  Object
  -------            ----         -------      ----  ------
"A0":                                          0x80
  .intvec            ro code  0x1008'0000      0x80  startup_cm7.o [31]
                            - 0x1008'0080      0x80

"P1":                                      0x1'b501
  .rodata            const    0x1008'0080    0xea68  Menu.o [5]
  .rodata            const    0x1008'eae8    0x2000  zf_device_config.o [54]
  .text              ro code  0x1009'0ae8     0xe48  zf_device_ips200.o [48]
  .text              ro code  0x1009'1930     0xc5c  zf_driver_spi.o [49]
  .text              ro code  0x1009'258c     0x454  zf_common_debug.o [46]
  .text              ro code  0x1009'29e0      0x66  ABImemset.o [52]
  .text              ro code  0x1009'2a46      0x7e  lz77_init_single.o [52]
  .text              ro code  0x1009'2ac4     0x290  zf_common_function.o [46]
  .text              ro code  0x1009'2d54     0x110  zf_driver_gpio.o [49]
  .text              ro code  0x1009'2e64     0x284  zf_driver_delay.o [49]
  .text              ro code  0x1009'30e8     0x230  I64DivMod.o [52]
  .text              ro code  0x1009'3318     0x194  cy_gpio.o [14]
  .text              ro code  0x1009'34ac     0x1f0  cy_scb_spi.o [24]
  .text              ro code  0x1009'369c     0x820  zf_driver_uart.o [49]
  .text              ro code  0x1009'3ebc      0x36  strlen.o [52]
  .text              ro code  0x1009'3ef2       0xa  xsprout.o [50]
  .text              ro code  0x1009'3efc      0x40  sprintf.o [50]
  .text              ro code  0x1009'3f3c     0x3d4  zf_common_fifo.o [46]
  .text              ro code  0x1009'4310      0xe2  zf_common_interrupt.o [46]
  .text              ro code  0x1009'43f4     0x1ae  cy_tcpwm_counter.o [43]
  .text              ro code  0x1009'45a2       0xc  cy_tcpwm.o [43]
  .text              ro code  0x1009'45b0       0x2  I64DivZer.o [52]
  .text              ro code  0x1009'45b4       0x6  ABImemclr4.o [52]
  .text              ro code  0x1009'45bc     0x314  cy_scb_uart.o [24]
  .text              ro code  0x1009'48d0     0xd12  xprintflarge_nomb.o [50]
  .text              ro code  0x1009'55e4      0xa6  ABImemcpy.o [52]
  .text              ro code  0x1009'568c     0xe18  zf_driver_pwm.o [49]
  .text              ro code  0x1009'64a4      0xac  cy_sysint.o [35]
  .text              ro code  0x1009'6550      0x32  ABImemset48.o [52]
  .text              ro code  0x1009'6584      0x16  strchr.o [52]
  .text              ro code  0x1009'659c      0x40  xfail_s.o [50]
  .text              ro code  0x1009'65dc      0x58  memchr.o [52]
  .text              ro code  0x1009'6634      0x70  frexp.o [51]
  .text              ro code  0x1009'66a4      0x12  DblDiv.o [51]
  .text              ro code  0x1009'66b6       0xe  DblToU32.o [51]
  .text              ro code  0x1009'66c4       0xe  U32ToDbl.o [51]
  .text              ro code  0x1009'66d2      0x12  DblSub.o [51]
  .text              ro code  0x1009'66e4      0x12  DblMul.o [51]
  .text              ro code  0x1009'66f8     0x20a  cy_tcpwm_pwm.o [43]
  .text              ro code  0x1009'6902       0x6  abort.o [50]
  .text              ro code  0x1009'6908      0x14  exit.o [53]
  .text              ro code  0x1009'691c     0xa3c  Menu.o [5]
  .text              ro code  0x1009'7358     0x574  Common_Peripherals.o [5]
  .text              ro code  0x1009'78cc     0x1c4  zf_driver_flash.o [49]
  .text              ro code  0x1009'7a90      0x28  printf.o [50]
  .text              ro code  0x1009'7ab8     0x1b8  GPS.o [5]
  .text              ro code  0x1009'7c70      0x32  Algorithm.o [5]
  .text              ro code  0x1009'7ca4     0x204  zf_device_gnss.o [48]
  .text              ro code  0x1009'7ea8     0x3b4  IMU.o [5]
  .text              ro code  0x1009'825c     0x1e0  cy_mw_flash.o [13]
  .text              ro code  0x1009'843c     0x210  zf_device_imu660ra.o [48]
  .text              ro code  0x1009'864c     0x274  zf_driver_pit.o [49]
  .text              ro code  0x1009'88c0      0x70  strncpy.o [52]
  .text              ro code  0x1009'8930      0xf8  cy_syslib.o [36]
  .text              ro code  0x1009'8a28     0x4ac  cy_flash.o [12]
  .text              ro code  0x1009'8ed4       0x2  cy_syslib.o [36]
  .text              ro code  0x1009'8ed8     0x184  cy_srom.o [30]
  .text              ro code  0x1009'905c      0x60  cy_ipc_drv.o [15]
  .text              ro code  0x1009'90bc     0x8e8  cy_sysclk.o [33]
  .rodata            const    0x1009'99a4     0x5f0  zf_common_font.o [46]
  .rodata            const    0x1009'9f94     0x228  zf_common_font.o [46]
  .text              ro code  0x1009'a1bc     0x204  startup.o [31]
  .text              ro code  0x1009'a3c0     0x150  system_tviibh4m_cm7.o [22]
  .text              ro code  0x1009'a510       0x8  startup_cm7.o [31]
  .text              ro code  0x1009'a518       0x6  startup_cm7.o [31]
  .text              ro code  0x1009'a520     0x1d0  cm7_0_isr.o [45]
  .text              ro code  0x1009'a6f0     0x198  cy_interrupt_map.o [23]
  .text              ro code  0x1009'a888      0xb0  startup_cm7.o [31]
  .text              ro code  0x1009'a938      0x40  main_cm7_0.o [45]
  .text              ro code  0x1009'a978      0x1c  zf_common_clock.o [46]
  .rodata            const    0x1009'a994      0x3c  cy_sysclk.o [33]
  .rodata            const    0x1009'a9d0      0x3c  cy_sysclk.o [33]
  .rodata            const    0x1009'aa0c      0x3c  system_tviibh4m_cm7.o [22]
  .text              ro code  0x1009'aa48      0x38  zero_init3.o [52]
  .rodata            const    0x1009'aa80      0x34  cy_mw_flash.o [13]
  .rodata            const    0x1009'aab4      0x2c  zf_common_function.o [46]
  .rodata            const    0x1009'aae0      0x2c  zf_device_imu660ra.o [48]
  .rodata            const    0x1009'ab0c      0x2c  zf_device_ips200.o [48]
  .rodata            const    0x1009'ab38      0x2c  zf_driver_flash.o [49]
  .rodata            const    0x1009'ab64      0x28  zf_common_fifo.o [46]
  .rodata            const    0x1009'ab8c      0x28  zf_driver_pwm.o [49]
  .rodata            const    0x1009'abb4      0x28  zf_driver_spi.o [49]
  .rodata            const    0x1009'abdc      0x28  zf_driver_uart.o [49]
  .text              ro code  0x1009'ac04      0x28  data_init.o [52]
  .rodata            const    0x1009'ac2c      0x24  Common_Peripherals.o [5]
  .text              ro code  0x1009'ac50      0x22  fpinit_M.o [51]
  .iar.init_table    const    0x1009'ac74      0x20  - Linker created -
  .rodata            const    0x1009'ac94      0x20  Common_Peripherals.o [5]
  .rodata            const    0x1009'acb4      0x20  Menu.o [5]
  .text              ro code  0x1009'acd4      0x20  startup_cm7.o [31]
  .text              ro code  0x1009'acf4      0x20  putchar.o [50]
  .text              ro code  0x1009'ad20      0x1e  cy_syslib_iar.o [36]
  .text              ro code  0x1009'ad40      0x1e  cmain.o [52]
  .text              ro code  0x1009'ad60       0x4  startup_cm7.o [31]
  .text              ro code  0x1009'ad64       0x4  exit.o [50]
  .text              ro code  0x1009'ad68       0xa  cexit.o [52]
  .rodata            const    0x1009'ad74      0x1c  Common_Peripherals.o [5]
  .rodata            const    0x1009'ad90      0x1c  Common_Peripherals.o [5]
  .rodata            const    0x1009'adac      0x1c  Menu.o [5]
  .rodata            const    0x1009'adc8      0x1c  Menu.o [5]
  .rodata            const    0x1009'ade4      0x1c  Menu.o [5]
  .rodata            const    0x1009'ae00      0x1c  Menu.o [5]
  .rodata            const    0x1009'ae1c      0x1c  zf_common_debug.o [46]
  .rodata            const    0x1009'ae38      0x1c  zf_device_gnss.o [48]
  .rodata            const    0x1009'ae54      0x1c  zf_device_imu660ra.o [48]
  .text              ro code  0x1009'ae70      0x1c  startup_cm7.o [31]
  .text              ro code  0x1009'ae8c      0x1c  cstartup_M.o [52]
  .rodata            const    0x1009'aea8      0x18  Common_Peripherals.o [5]
  .rodata            const    0x1009'aec0      0x18  Common_Peripherals.o [5]
  .rodata            const    0x1009'aed8      0x18  Menu.o [5]
  .rodata            const    0x1009'aef0      0x18  Menu.o [5]
  .rodata            const    0x1009'af08      0x18  Menu.o [5]
  .rodata            const    0x1009'af20      0x18  Menu.o [5]
  .rodata            const    0x1009'af38      0x18  startup.o [31]
  .rodata            const    0x1009'af50      0x18  system_tviibh4m_cm7.o [22]
  .rodata            const    0x1009'af68      0x18  zf_common_debug.o [46]
  .rodata            const    0x1009'af80      0x18  zf_device_imu660ra.o [48]
  .text              ro code  0x1009'af98      0x16  xprout.o [50]
  .rodata            const    0x1009'afb0      0x14  cy_flash.o [12]
  .rodata            const    0x1009'afc4      0x14  GPS.o [5]
  .rodata            const    0x1009'afd8      0x14  GPS.o [5]
  .rodata            const    0x1009'afec      0x14  Menu.o [5]
  .rodata            const    0x1009'b000      0x14  Menu.o [5]
  .rodata            const    0x1009'b014      0x14  Menu.o [5]
  .rodata            const    0x1009'b028      0x14  Menu.o [5]
  .rodata            const    0x1009'b03c      0x14  Menu.o [5]
  .rodata            const    0x1009'b050      0x10  Menu.o [5]
  .rodata            const    0x1009'b060      0x10  Menu.o [5]
  .rodata            const    0x1009'b070      0x10  Menu.o [5]
  .rodata            const    0x1009'b080      0x10  Menu.o [5]
  .rodata            const    0x1009'b090      0x10  Menu.o [5]
  .rodata            const    0x1009'b0a0      0x10  Menu.o [5]
  .rodata            const    0x1009'b0b0      0x10  Menu.o [5]
  .rodata            const    0x1009'b0c0      0x10  Menu.o [5]
  .rodata            const    0x1009'b0d0      0x10  zf_common_debug.o [46]
  .rodata            const    0x1009'b0e0      0x10  zf_common_debug.o [46]
  .rodata            const    0x1009'b0f0       0xc  GPS.o [5]
  .rodata            const    0x1009'b0fc       0xc  GPS.o [5]
  .rodata            const    0x1009'b108       0xc  GPS.o [5]
  .rodata            const    0x1009'b114       0xc  Menu.o [5]
  .rodata            const    0x1009'b120       0xc  Menu.o [5]
  .rodata            const    0x1009'b12c       0xc  Menu.o [5]
  .rodata            const    0x1009'b138       0xc  Menu.o [5]
  .rodata            const    0x1009'b144       0xc  Menu.o [5]
  .rodata            const    0x1009'b150       0xc  Menu.o [5]
  .rodata            const    0x1009'b15c       0xc  Menu.o [5]
  .rodata            const    0x1009'b168       0xc  Menu.o [5]
  .rodata            const    0x1009'b174       0xc  Menu.o [5]
  .rodata            const    0x1009'b180       0xc  zf_common_debug.o [46]
  .rodata            const    0x1009'b18c       0xc  zf_common_debug.o [46]
  .rodata            const    0x1009'b198       0xc  zf_common_debug.o [46]
  .rodata            const    0x1009'b1a4       0xc  zf_device_gnss.o [48]
  .rodata            const    0x1009'b1b0       0xc  zf_device_gnss.o [48]
  .rodata            const    0x1009'b1bc       0xc  zf_device_gnss.o [48]
  .rodata            const    0x1009'b1c8       0xc  zf_device_gnss.o [48]
  .rodata            const    0x1009'b1d4       0xc  zf_device_gnss.o [48]
  .rodata            const    0x1009'b1e0       0xc  zf_device_gnss.o [48]
  .rodata            const    0x1009'b1ec       0xc  zf_device_gnss.o [48]
  .rodata            const    0x1009'b1f8       0xc  zf_device_gnss.o [48]
  .rodata            const    0x1009'b204       0xc  zf_device_gnss.o [48]
  .rodata            const    0x1009'b210       0xc  zf_device_gnss.o [48]
  .rodata            const    0x1009'b21c       0xc  zf_device_gnss.o [48]
  .text              ro code  0x1009'b228       0xc  cy_syslib.o [36]
  .rodata            const    0x1009'b234       0x8  cy_mw_flash.o [13]
  .rodata            const    0x1009'b23c       0x8  cy_sysclk.o [33]
  .rodata            const    0x1009'b244       0x8  GPS.o [5]
  .rodata            const    0x1009'b24c       0x8  GPS.o [5]
  .rodata            const    0x1009'b254       0x8  Menu.o [5]
  .rodata            const    0x1009'b25c       0x8  Menu.o [5]
  .rodata            const    0x1009'b264       0x8  Menu.o [5]
  .rodata            const    0x1009'b26c       0x8  Menu.o [5]
  .rodata            const    0x1009'b274       0x4  cy_interrupt_map.o [23]
  .rodata            const    0x1009'b278       0x4  cy_interrupt_map.o [23]
  .rodata            const    0x1009'b27c       0x4  cy_interrupt_map.o [23]
  .rodata            const    0x1009'b280       0x4  cy_interrupt_map.o [23]
  .rodata            const    0x1009'b284       0x4  cy_interrupt_map.o [23]
  .rodata            const    0x1009'b288       0x4  cy_interrupt_map.o [23]
  .rodata            const    0x1009'b28c       0x4  cy_interrupt_map.o [23]
  .rodata            const    0x1009'b290       0x4  cy_interrupt_map.o [23]
  .rodata            const    0x1009'b294       0x4  cy_ipc_drv.o [15]
  .rodata            const    0x1009'b298       0x4  cy_scb_spi.o [24]
  .rodata            const    0x1009'b29c       0x4  cy_scb_spi.o [24]
  .rodata            const    0x1009'b2a0       0x4  cy_scb_spi.o [24]
  .rodata            const    0x1009'b2a4       0x4  cy_scb_spi.o [24]
  .rodata            const    0x1009'b2a8       0x4  cy_scb_uart.o [24]
  .rodata            const    0x1009'b2ac       0x4  cy_scb_uart.o [24]
  .rodata            const    0x1009'b2b0       0x4  cy_scb_uart.o [24]
  .rodata            const    0x1009'b2b4       0x4  cy_scb_uart.o [24]
  .rodata            const    0x1009'b2b8       0x4  cy_scb_uart.o [24]
  .rodata            const    0x1009'b2bc       0x4  cy_scb_uart.o [24]
  .rodata            const    0x1009'b2c0       0x4  cy_scb_uart.o [24]
  .rodata            const    0x1009'b2c4       0x4  cy_scb_uart.o [24]
  .rodata            const    0x1009'b2c8       0x4  cy_scb_uart.o [24]
  .rodata            const    0x1009'b2cc       0x4  cy_scb_uart.o [24]
  .rodata            const    0x1009'b2d0       0x4  cy_sysint.o [35]
  .rodata            const    0x1009'b2d4       0x4  cy_sysint.o [35]
  .rodata            const    0x1009'b2d8       0x4  cy_tcpwm_counter.o [43]
  .rodata            const    0x1009'b2dc       0x4  cy_tcpwm_counter.o [43]
  .rodata            const    0x1009'b2e0       0x4  cy_tcpwm_counter.o [43]
  .rodata            const    0x1009'b2e4       0x4  cy_tcpwm_counter.o [43]
  .rodata            const    0x1009'b2e8       0x4  cy_tcpwm_counter.o [43]
  .rodata            const    0x1009'b2ec       0x4  cy_tcpwm_pwm.o [43]
  .rodata            const    0x1009'b2f0       0x4  cy_tcpwm_pwm.o [43]
  .rodata            const    0x1009'b2f4       0x4  cy_tcpwm_pwm.o [43]
  .rodata            const    0x1009'b2f8       0x4  cy_tcpwm_pwm.o [43]
  .rodata            const    0x1009'b2fc       0x4  cy_tcpwm_pwm.o [43]
  .rodata            const    0x1009'b300       0x4  cy_tcpwm_pwm.o [43]
  .rodata            const    0x1009'b304       0x4  cy_tcpwm_pwm.o [43]
  .text              ro code  0x1009'b308       0x4  startup_cm7.o [31]
  .text              ro code  0x1009'b30c       0x4  startup_cm7.o [31]
  .text              ro code  0x1009'b310       0x4  startup_cm7.o [31]
  .text              ro code  0x1009'b314       0x4  startup_cm7.o [31]
  .text              ro code  0x1009'b318       0x4  startup_cm7.o [31]
  .text              ro code  0x1009'b31c       0x4  startup_cm7.o [31]
  .text              ro code  0x1009'b320       0x4  startup_cm7.o [31]
  .text              ro code  0x1009'b324       0x4  startup_cm7.o [31]
  .text              ro code  0x1009'b328       0x4  startup_cm7.o [31]
  .text              ro code  0x1009'b32c       0x4  startup_cm7.o [31]
  .text              ro code  0x1009'b330       0x4  startup_cm7.o [31]
  .text              ro code  0x1009'b334       0x4  startup_cm7.o [31]
  .text              ro code  0x1009'b338       0x4  startup_cm7.o [31]
  .text              ro code  0x1009'b33c       0x4  startup_cm7.o [31]
  .text              ro code  0x1009'b340       0x4  startup_cm7.o [31]
  .text              ro code  0x1009'b344       0x2  zf_device_type.o [48]
  .rodata            const    0x1009'b346       0x0  zero_init3.o [52]
  .rodata            const    0x1009'b346       0x0  lz77_init_single.o [52]
  Initializer bytes  const    0x1009'b346     0x1bc  <for P2-1>
                            - 0x1009'b502  0x1'b482

"P2", part 1 of 3:                            0x9cc
  P2-1                        0x2802'0000     0x9cc  <Init block>
    .data            inited   0x2802'0000       0x4  Common_Peripherals.o [5]
    .data            inited   0x2802'0004       0xc  Common_Peripherals.o [5]
    .data            inited   0x2802'0010     0x6ec  cy_interrupt_map.o [23]
    .data            inited   0x2802'06fc       0x4  cy_interrupt_map.o [23]
    .data            inited   0x2802'0700       0x4  Menu.o [5]
    .data            inited   0x2802'0704       0x4  Menu.o [5]
    .data            inited   0x2802'0708     0x258  Menu.o [5]
    .data            inited   0x2802'0960       0x4  Position_Calculation.o [5]
    .data            inited   0x2802'0964       0x8  zf_device_imu660ra.o [48]
    .data            inited   0x2802'096c       0x4  zf_device_type.o [48]
    .data            inited   0x2802'0970       0x4  zf_device_type.o [48]
    .data            inited   0x2802'0974       0x4  zf_device_type.o [48]
    .data            inited   0x2802'0978       0xc  zf_driver_pit.o [49]
    .data            inited   0x2802'0984       0xc  zf_driver_spi.o [49]
    .data            inited   0x2802'0990      0x14  zf_driver_uart.o [49]
    .data            inited   0x2802'09a4      0x14  zf_driver_uart.o [49]
    .data            inited   0x2802'09b8       0x2  zf_device_ips200.o [48]
    .data            inited   0x2802'09ba       0x2  zf_device_ips200.o [48]
    .data            inited   0x2802'09bc       0x2  zf_device_ips200.o [48]
    .data            inited   0x2802'09be       0x2  zf_device_ips200.o [48]
    .data            inited   0x2802'09c0       0x2  zf_driver_delay.o [49]
    .data            inited   0x2802'09c2       0x1  Common_Peripherals.o [5]
    .data            inited   0x2802'09c3       0x1  Common_Peripherals.o [5]
    .data            inited   0x2802'09c4       0x1  Common_Peripherals.o [5]
    .data            inited   0x2802'09c5       0x1  Common_Peripherals.o [5]
    .data            inited   0x2802'09c6       0x1  zf_common_debug.o [46]
    .data            inited   0x2802'09c7       0x1  zf_device_ips200.o [48]
    .data            inited   0x2802'09c8       0x1  zf_device_ips200.o [48]
    .data            inited   0x2802'09c9       0x1  zf_device_ips200.o [48]
    .data            inited   0x2802'09ca       0x1  zf_device_ips200.o [48]
    .data            inited   0x2802'09cb       0x1  zf_driver_delay.o [49]
                            - 0x2802'09cc     0x9cc

"P2", part 2 of 3:                            0xcc4
  .bss               zero     0x2802'09cc     0x800  zf_driver_flash.o [49]
  .bss               zero     0x2802'11cc     0x118  zf_driver_uart.o [49]
  .bss               zero     0x2802'12e4      0x80  zf_device_gnss.o [48]
  .bss               zero     0x2802'1364      0x70  cy_syslib.o [36]
  .bss               zero     0x2802'13d8      0x48  zf_device_gnss.o [48]
  .bss               zero     0x2802'1420      0x40  Common_Peripherals.o [5]
  .bss               zero     0x2802'1460      0x40  Common_Peripherals.o [5]
  .bss               zero     0x2802'14a0      0x40  zf_common_debug.o [46]
  .bss               zero     0x2802'14e0      0x30  Algorithm.o [5]
  .bss               zero     0x2802'1510      0x18  Common_Peripherals.o [5]
  .bss               zero     0x2802'1528      0x18  cy_sysclk.o [33]
  .bss               zero     0x2802'1540      0x18  cy_syslib.o [36]
  .bss               zero     0x2802'1558      0x18  IMU.o [5]
  .bss               zero     0x2802'1570      0x18  zf_common_debug.o [46]
  .bss               zero     0x2802'1588      0x18  zf_device_gnss.o [48]
  .bss               zero     0x2802'15a0      0x14  zf_common_debug.o [46]
  .bss               zero     0x2802'15c0      0x10  cy_srom.o [30]
  .bss               zero     0x2802'15d0       0xc  Common_Peripherals.o [5]
  .bss               zero     0x2802'15dc       0xc  Common_Peripherals.o [5]
  .bss               zero     0x2802'15e8       0xc  IMU.o [5]
  .bss               zero     0x2802'15f4       0x4  Common_Peripherals.o [5]
  .bss               zero     0x2802'15f8       0x4  cy_srom.o [30]
  .bss               zero     0x2802'15fc       0x4  cy_syslib.o [36]
  .bss               zero     0x2802'1600       0x4  GPS.o [5]
  .bss               zero     0x2802'1604       0x4  GPS.o [5]
  .bss               zero     0x2802'1608       0x4  GPS.o [5]
  .bss               zero     0x2802'160c       0x4  GPS.o [5]
  .bss               zero     0x2802'1610       0x4  IMU.o [5]
  .bss               zero     0x2802'1614       0x4  IMU.o [5]
  .bss               zero     0x2802'1618       0x4  IMU.o [5]
  .bss               zero     0x2802'161c       0x4  IMU.o [5]
  .bss               zero     0x2802'1620       0x4  IMU.o [5]
  .bss               zero     0x2802'1624       0x4  Menu.o [5]
  .bss               zero     0x2802'1628       0x4  Menu.o [5]
  .bss               zero     0x2802'162c       0x4  Menu.o [5]
  .bss               zero     0x2802'1630       0x4  Menu.o [5]
  .bss               zero     0x2802'1634       0x4  Menu.o [5]
  .bss               zero     0x2802'1638       0x4  Menu.o [5]
  .bss               zero     0x2802'163c       0x4  Menu.o [5]
  .bss               zero     0x2802'1640       0x4  Menu.o [5]
  .bss               zero     0x2802'1644       0x4  Menu.o [5]
  .bss               zero     0x2802'1648       0x4  system_tviibh4m_cm7.o [22]
  .bss               zero     0x2802'164c       0x4  system_tviibh4m_cm7.o [22]
  .bss               zero     0x2802'1650       0x4  system_tviibh4m_cm7.o [22]
  .bss               zero     0x2802'1654       0x4  system_tviibh4m_cm7.o [22]
  .bss               zero     0x2802'1658       0x4  system_tviibh4m_cm7.o [22]
  .bss               zero     0x2802'165c       0x4  zf_common_clock.o [46]
  .bss               zero     0x2802'1660       0x4  zf_common_interrupt.o [46]
  .bss               zero     0x2802'1664       0x4  zf_driver_spi.o [49]
  .bss               zero     0x2802'1668       0x4  xfail_s.o [50]
  .bss               zero     0x2802'166c       0x2  Common_Peripherals.o [5]
  .bss               zero     0x2802'166e       0x2  zf_device_imu660ra.o [48]
  .bss               zero     0x2802'1670       0x2  zf_device_imu660ra.o [48]
  .bss               zero     0x2802'1672       0x2  zf_device_imu660ra.o [48]
  .bss               zero     0x2802'1674       0x2  zf_device_imu963ra.o [48]
  .bss               zero     0x2802'1676       0x2  zf_device_imu963ra.o [48]
  .bss               zero     0x2802'1678       0x2  zf_device_imu963ra.o [48]
  .bss               zero     0x2802'167a       0x1  Common_Peripherals.o [5]
  .bss               zero     0x2802'167b       0x1  Common_Peripherals.o [5]
  .bss               zero     0x2802'167c       0x1  Common_Peripherals.o [5]
  .bss               zero     0x2802'167d       0x1  Common_Peripherals.o [5]
  .bss               zero     0x2802'167e       0x1  Common_Peripherals.o [5]
  .bss               zero     0x2802'167f       0x1  Common_Peripherals.o [5]
  .bss               zero     0x2802'1680       0x1  Common_Peripherals.o [5]
  .bss               zero     0x2802'1681       0x1  Common_Peripherals.o [5]
  .bss               zero     0x2802'1682       0x1  Common_Peripherals.o [5]
  .bss               zero     0x2802'1683       0x1  cy_mw_flash.o [13]
  .bss               zero     0x2802'1684       0x1  cy_mw_flash.o [13]
  .bss               zero     0x2802'1685       0x1  cy_sysclk.o [33]
  .bss               zero     0x2802'1686       0x1  zf_common_debug.o [46]
  .bss               zero     0x2802'1687       0x1  zf_common_debug.o [46]
  .bss               zero     0x2802'1688       0x1  zf_common_debug.o [46]
  .bss               zero     0x2802'1689       0x1  zf_device_gnss.o [48]
  .bss               zero     0x2802'168a       0x1  zf_device_gnss.o [48]
  .bss               zero     0x2802'168b       0x1  zf_device_ips200.o [48]
  .bss               zero     0x2802'168c       0x1  zf_device_ips200.o [48]
  .bss               zero     0x2802'168d       0x1  zf_driver_flash.o [49]
                            - 0x2802'168e     0xcc2

"P2", part 3 of 3:                             0x80
  .intvec_ram        uninit   0x2802'1700      0x80  startup_cm7.o [31]
                            - 0x2802'1780      0x80

"A1":                                        0x2000
  HEAP_STACK                  0x2807'e000    0x2000  <Block>
    CSTACK                    0x2807'e000    0x2000  <Block>
      CSTACK         uninit   0x2807'e000    0x2000  <Block tail>
                            - 0x2808'0000    0x2000

Unused ranges:

         From           To       Size
         ----           --       ----
  0x1009'b581  0x1027'ffff  0x1e'4a7f
  0x2802'1690  0x2802'16ff       0x70
  0x2802'1780  0x2807'dfff   0x5'c880


*******************************************************************************
*** INIT TABLE
***

          Address      Size
          -------      ----
Zero (__iar_zero_init3)
    1 destination range, total size 0xcc2:
          0x2802'09cc  0xcc2

Copy/lz77 (__iar_lz77_init_single3)
    1 source range, total size 0x1bc (17% of destination):
          0x1009'b346  0x1bc
    1 destination range, total size 0x9cc:
          0x2802'0000  0x9cc



*******************************************************************************
*** MODULE SUMMARY
***

    Module                  ro code  ro data  rw data
    ------                  -------  -------  -------
command line/config:
    -------------------------------------------------
    Total:

C:\IAR\iar\Debug_m7_0\Obj\adc_11722776235721520015.dir: [1]
    -------------------------------------------------
    Total:

C:\IAR\iar\Debug_m7_0\Obj\audioss_1346650047966882938.dir: [2]
    -------------------------------------------------
    Total:

C:\IAR\iar\Debug_m7_0\Obj\button_4990804375159372270.dir: [3]
    -------------------------------------------------
    Total:

C:\IAR\iar\Debug_m7_0\Obj\canfd_1800690984773873875.dir: [4]
    -------------------------------------------------
    Total:

C:\IAR\iar\Debug_m7_0\Obj\code_17896468042025673432.dir: [5]
    Algorithm.o                  50                48
    Common_Peripherals.o      1'396      174      211
    GPS.o                       440       92       16
    IMU.o                       948                56
    Menu.o                    2'620   60'723      644
    Position_Calculation.o                 1        4
    -------------------------------------------------
    Total:                    5'454   60'990      979

C:\IAR\iar\Debug_m7_0\Obj\cpu_15938736945165268644.dir: [6]
    -------------------------------------------------
    Total:

C:\IAR\iar\Debug_m7_0\Obj\crypto_1190170608956581615.dir: [7]
    -------------------------------------------------
    Total:

C:\IAR\iar\Debug_m7_0\Obj\dma_12106025507578611576.dir: [8]
    -------------------------------------------------
    Total:

C:\IAR\iar\Debug_m7_0\Obj\eth_phy_18133017486186456677.dir: [9]
    -------------------------------------------------
    Total:

C:\IAR\iar\Debug_m7_0\Obj\ethernet_6029839089178797009.dir: [10]
    -------------------------------------------------
    Total:

C:\IAR\iar\Debug_m7_0\Obj\evtgen_3404189088603873129.dir: [11]
    -------------------------------------------------
    Total:

C:\IAR\iar\Debug_m7_0\Obj\flash_8529866181315662935.dir: [12]
    cy_flash.o                1'196       20
    -------------------------------------------------
    Total:                    1'196       20

C:\IAR\iar\Debug_m7_0\Obj\flash_864493325053435817.dir: [13]
    cy_mw_flash.o               480       60        2
    -------------------------------------------------
    Total:                      480       60        2

C:\IAR\iar\Debug_m7_0\Obj\gpio_3999404635324069351.dir: [14]
    cy_gpio.o                   404
    -------------------------------------------------
    Total:                      404

C:\IAR\iar\Debug_m7_0\Obj\ipc_10145506163450686023.dir: [15]
    cy_ipc_drv.o                 96        4
    -------------------------------------------------
    Total:                       96        4

C:\IAR\iar\Debug_m7_0\Obj\lin_18429031207028094880.dir: [16]
    -------------------------------------------------
    Total:

C:\IAR\iar\Debug_m7_0\Obj\lvd_6353935867039560245.dir: [17]
    -------------------------------------------------
    Total:

C:\IAR\iar\Debug_m7_0\Obj\mcwdt_4052485907822033969.dir: [18]
    -------------------------------------------------
    Total:

C:\IAR\iar\Debug_m7_0\Obj\mpu_5663187252346826382.dir: [19]
    -------------------------------------------------
    Total:

C:\IAR\iar\Debug_m7_0\Obj\power_14453085144426420577.dir: [20]
    -------------------------------------------------
    Total:

C:\IAR\iar\Debug_m7_0\Obj\prot_10722960861768657883.dir: [21]
    -------------------------------------------------
    Total:

C:\IAR\iar\Debug_m7_0\Obj\rev_b_4986922561640112550.dir: [22]
    system_tviibh4m_cm7.o       336       84       20
    -------------------------------------------------
    Total:                      336       84       20

C:\IAR\iar\Debug_m7_0\Obj\rev_b_6162237342861132223.dir: [23]
    cy_interrupt_map.o          408      347    1'776
    -------------------------------------------------
    Total:                      408      347    1'776

C:\IAR\iar\Debug_m7_0\Obj\scb_15490842639181808494.dir: [24]
    cy_scb_spi.o                496       16
    cy_scb_uart.o               788       40
    -------------------------------------------------
    Total:                    1'284       56

C:\IAR\iar\Debug_m7_0\Obj\sd_host_2982766354293506895.dir: [25]
    -------------------------------------------------
    Total:

C:\IAR\iar\Debug_m7_0\Obj\semihosting_143864889731838620.dir: [26]
    -------------------------------------------------
    Total:

C:\IAR\iar\Debug_m7_0\Obj\smartio_5451710003740070188.dir: [27]
    -------------------------------------------------
    Total:

C:\IAR\iar\Debug_m7_0\Obj\smif_427648126384146252.dir: [28]
    -------------------------------------------------
    Total:

C:\IAR\iar\Debug_m7_0\Obj\smif_mem_6470536964353725183.dir: [29]
    -------------------------------------------------
    Total:

C:\IAR\iar\Debug_m7_0\Obj\srom_13018798572330080582.dir: [30]
    cy_srom.o                   388                20
    -------------------------------------------------
    Total:                      388                20

C:\IAR\iar\Debug_m7_0\Obj\startup_479057977785470282.dir: [31]
    startup.o                   516       24
    startup_cm7.o               442               128
    -------------------------------------------------
    Total:                      958       24      128

C:\IAR\iar\Debug_m7_0\Obj\sw_timer_4215635015939382130.dir: [32]
    -------------------------------------------------
    Total:

C:\IAR\iar\Debug_m7_0\Obj\sysclk_16149231235676103872.dir: [33]
    cy_sysclk.o               2'280      128       25
    -------------------------------------------------
    Total:                    2'280      128       25

C:\IAR\iar\Debug_m7_0\Obj\sysflt_12293435975120599261.dir: [34]
    -------------------------------------------------
    Total:

C:\IAR\iar\Debug_m7_0\Obj\sysint_7435970359207984181.dir: [35]
    cy_sysint.o                 172        8
    -------------------------------------------------
    Total:                      172        8

C:\IAR\iar\Debug_m7_0\Obj\syslib_16330585751512546975.dir: [36]
    cy_syslib.o                 262               140
    cy_syslib_iar.o              30
    -------------------------------------------------
    Total:                      292               140

C:\IAR\iar\Debug_m7_0\Obj\syspm_10887939769544754770.dir: [37]
    -------------------------------------------------
    Total:

C:\IAR\iar\Debug_m7_0\Obj\sysreghc_17676636058511625587.dir: [38]
    -------------------------------------------------
    Total:

C:\IAR\iar\Debug_m7_0\Obj\sysreset_14586141425677365288.dir: [39]
    -------------------------------------------------
    Total:

C:\IAR\iar\Debug_m7_0\Obj\sysrtc_10747768817563771611.dir: [40]
    -------------------------------------------------
    Total:

C:\IAR\iar\Debug_m7_0\Obj\systick_16016591671695740695.dir: [41]
    -------------------------------------------------
    Total:

C:\IAR\iar\Debug_m7_0\Obj\syswdt_9118657615806274156.dir: [42]
    -------------------------------------------------
    Total:

C:\IAR\iar\Debug_m7_0\Obj\tcpwm_422923530147891246.dir: [43]
    cy_tcpwm.o                   12
    cy_tcpwm_counter.o          430       20
    cy_tcpwm_pwm.o              522       28
    -------------------------------------------------
    Total:                      964       48

C:\IAR\iar\Debug_m7_0\Obj\trigmux_9729677290734583340.dir: [44]
    -------------------------------------------------
    Total:

C:\IAR\iar\Debug_m7_0\Obj\user_8514941877209965082.dir: [45]
    cm7_0_isr.o                 464
    main_cm7_0.o                 64
    -------------------------------------------------
    Total:                      528

C:\IAR\iar\Debug_m7_0\Obj\zf_common_1201165462030747823.dir: [46]
    zf_common_clock.o            28                 4
    zf_common_debug.o         1'108      121      112
    zf_common_fifo.o            980       40
    zf_common_font.o                   2'072
    zf_common_function.o        656       44
    zf_common_interrupt.o       226                 4
    -------------------------------------------------
    Total:                    2'998    2'277      120

C:\IAR\iar\Debug_m7_0\Obj\zf_components_14936052685886095442.dir: [47]
    -------------------------------------------------
    Total:

C:\IAR\iar\Debug_m7_0\Obj\zf_device_6570275422786408770.dir: [48]
    zf_device_gnss.o            516      160      226
    zf_device_imu660ra.o        528       98       14
    zf_device_imu963ra.o                            6
    zf_device_ips200.o        3'656       45       14
    zf_device_type.o              2        2       12
    -------------------------------------------------
    Total:                    4'702      305      272

C:\IAR\iar\Debug_m7_0\Obj\zf_driver_11922370083829174090.dir: [49]
    zf_driver_delay.o           644        2        3
    zf_driver_flash.o           452       44    2'049
    zf_driver_gpio.o            272
    zf_driver_pit.o             628        2       12
    zf_driver_pwm.o           3'608       40
    zf_driver_spi.o           3'164       42       16
    zf_driver_uart.o          2'080       47      320
    -------------------------------------------------
    Total:                   10'848      177    2'400

dl7M_tln.a: [50]
    abort.o                       6
    exit.o                        4
    printf.o                     40
    putchar.o                    32
    sprintf.o                    64
    xfail_s.o                    64                 4
    xprintflarge_nomb.o       3'346
    xprout.o                     22
    xsprout.o                    10
    -------------------------------------------------
    Total:                    3'588                 4

m7M_tlv.a: [51]
    DblDiv.o                     18
    DblMul.o                     18
    DblSub.o                     18
    DblToU32.o                   14
    U32ToDbl.o                   14
    fpinit_M.o                   34
    frexp.o                     112
    -------------------------------------------------
    Total:                      228

rt7M_tl.a: [52]
    ABImemclr4.o                  6
    ABImemcpy.o                 166
    ABImemset.o                 102
    ABImemset48.o                50
    I64DivMod.o                 560
    I64DivZer.o                   2
    cexit.o                      10
    cmain.o                      30
    cstartup_M.o                 28
    data_init.o                  40
    lz77_init_single.o          126
    memchr.o                     88
    strchr.o                     22
    strlen.o                     54
    strncpy.o                   112
    zero_init3.o                 56
    -------------------------------------------------
    Total:                    1'452

shb_l.a: [53]
    exit.o                       20
    -------------------------------------------------
    Total:                       20

zf_device_config.a: [54]
    zf_device_config.o                 8'192
    -------------------------------------------------
    Total:                             8'192

    Gaps                         40        6       16
    Linker created                        32    8'192
-----------------------------------------------------
    Grand Total:             39'116   72'758   14'094


*******************************************************************************
*** ENTRY LIST
***

Entry                       Address    Size  Type      Object
-----                       -------    ----  ----      ------
.iar.init_table$$Base   0x1009'ac74           --   Gb  - Linker created -
.iar.init_table$$Limit  0x1009'ac94           --   Gb  - Linker created -
?main                   0x1009'ad41          Code  Gb  cmain.o [52]
ALL_Init                0x1009'78a1    0x2c  Code  Gb  Common_Peripherals.o [5]
BLDC_ctrl               0x1009'7697    0x32  Code  Gb  Common_Peripherals.o [5]
BLDC_init               0x1009'7673    0x24  Code  Gb  Common_Peripherals.o [5]
BusFault_Handler        0x1009'b311          Code  Wk  startup_cm7.o [31]
Buzzer_check            0x1009'7369    0x1c  Code  Gb  Common_Peripherals.o [5]
Buzzer_init             0x1009'7359    0x10  Code  Gb  Common_Peripherals.o [5]
CSTACK$$Base            0x2807'e000           --   Gb  - Linker created -
CSTACK$$Limit           0x2808'0000           --   Gb  - Linker created -
Control_FLAG            0x2802'0960     0x4  Data  Gb  Position_Calculation.o [5]
Control_init            0x1009'778f    0x4c  Code  Gb  Common_Peripherals.o [5]
CopyVectorTable         0x1009'a35d    0x34  Code  Lc  startup.o [31]
CpuUserInt0_Handler     0x1009'a70f    0x26  Code  Gb  cy_interrupt_map.o [23]
CpuUserInt10_Handler    0x1009'b32d          Code  Wk  startup_cm7.o [31]
CpuUserInt11_Handler    0x1009'b331          Code  Wk  startup_cm7.o [31]
CpuUserInt12_Handler    0x1009'b335          Code  Wk  startup_cm7.o [31]
CpuUserInt13_Handler    0x1009'b339          Code  Wk  startup_cm7.o [31]
CpuUserInt14_Handler    0x1009'b33d          Code  Wk  startup_cm7.o [31]
CpuUserInt15_Handler    0x1009'b341          Code  Wk  startup_cm7.o [31]
CpuUserInt1_Handler     0x1009'a735    0x26  Code  Gb  cy_interrupt_map.o [23]
CpuUserInt2_Handler     0x1009'a75b    0x26  Code  Gb  cy_interrupt_map.o [23]
CpuUserInt3_Handler     0x1009'a781    0x26  Code  Gb  cy_interrupt_map.o [23]
CpuUserInt4_Handler     0x1009'a7a7    0x26  Code  Gb  cy_interrupt_map.o [23]
CpuUserInt5_Handler     0x1009'a7cd    0x26  Code  Gb  cy_interrupt_map.o [23]
CpuUserInt6_Handler     0x1009'a7f3    0x26  Code  Gb  cy_interrupt_map.o [23]
CpuUserInt7_Handler     0x1009'a819    0x26  Code  Gb  cy_interrupt_map.o [23]
CpuUserInt8_Handler     0x1009'b325          Code  Wk  startup_cm7.o [31]
CpuUserInt9_Handler     0x1009'b329          Code  Wk  startup_cm7.o [31]
Cy_DefaultUserHandler   0x1009'a70d     0x2  Code  Gb  cy_interrupt_map.o [23]
Cy_FlashSectorErase     0x1009'825d    0x7e  Code  Gb  cy_mw_flash.o [13]
Cy_FlashWriteWork       0x1009'8367    0xbc  Code  Gb  cy_mw_flash.o [13]
Cy_Flash_BlankCheck     0x1009'8db3    0xb4  Code  Gb  cy_flash.o [12]
Cy_Flash_BoundsCheck    0x1009'8c69    0x24  Code  Gb  cy_flash.o [12]
Cy_Flash_CallSromApiForFlashWrite
                        0x1009'8a59    0x6a  Code  Lc  cy_flash.o [12]
Cy_Flash_EraseSector    0x1009'8d4b    0x68  Code  Gb  cy_flash.o [12]
Cy_Flash_IsWorkSmallSector
                        0x1009'8bbf    0x40  Code  Gb  cy_flash.o [12]
Cy_Flash_MainBoundsCheck
                        0x1009'8bff    0x6a  Code  Gb  cy_flash.o [12]
Cy_Flash_ProcessOpcode  0x1009'8c8d    0xbe  Code  Gb  cy_flash.o [12]
Cy_Flash_ProgramRow     0x1009'8ac3    0x92  Code  Gb  cy_flash.o [12]
Cy_Flash_WorkBoundsCheck
                        0x1009'8b55    0x6a  Code  Gb  cy_flash.o [12]
Cy_Flashc_GetMainBankMode
                        0x1009'8a37     0xe  Code  Lc  cy_flash.o [12]
Cy_Flashc_GetWorkBankMode
                        0x1009'8a29     0xe  Code  Lc  cy_flash.o [12]
Cy_Flashc_InvalidateFlashCacheBuffer
                        0x1009'8a45    0x14  Code  Lc  cy_flash.o [12]
Cy_GPIO_ClearInterrupt  0x1009'33eb     0xe  Code  Lc  cy_gpio.o [14]
Cy_GPIO_Clr             0x1009'2d69     0xa  Code  Lc  zf_driver_gpio.o [49]
Cy_GPIO_Pin_Init        0x1009'342f    0x72  Code  Gb  cy_gpio.o [14]
Cy_GPIO_Read            0x1009'2d55     0xa  Code  Lc  zf_driver_gpio.o [49]
Cy_GPIO_Set             0x1009'2d5f     0xa  Code  Lc  zf_driver_gpio.o [49]
Cy_GPIO_SetDriveSel     0x1009'33cd    0x1e  Code  Lc  cy_gpio.o [14]
Cy_GPIO_SetDrivemode    0x1009'337d    0x1c  Code  Lc  cy_gpio.o [14]
Cy_GPIO_SetHSIOM        0x1009'3319    0x4c  Code  Lc  cy_gpio.o [14]
Cy_GPIO_SetInterruptEdge
                        0x1009'3413    0x1c  Code  Lc  cy_gpio.o [14]
Cy_GPIO_SetInterruptMask
                        0x1009'33f9    0x1a  Code  Lc  cy_gpio.o [14]
Cy_GPIO_SetSlewRate     0x1009'33b3    0x1a  Code  Lc  cy_gpio.o [14]
Cy_GPIO_SetVtrip        0x1009'3399    0x1a  Code  Lc  cy_gpio.o [14]
Cy_GPIO_Write           0x1009'3365    0x18  Code  Lc  cy_gpio.o [14]
Cy_IPC_Drv_AcquireNotify
                        0x1009'905d     0xc  Code  Lc  cy_ipc_drv.o [15]
Cy_IPC_Drv_IsLockAcquired
                        0x1009'8ed9     0x8  Code  Lc  cy_srom.o [30]
Cy_IPC_Drv_LockAcquire  0x1009'9071    0x10  Code  Gb  cy_ipc_drv.o [15]
Cy_IPC_Drv_SendMsgWord_2
                        0x1009'9081    0x34  Code  Gb  cy_ipc_drv.o [15]
Cy_IPC_Drv_WriteData1Value
                        0x1009'906d     0x4  Code  Lc  cy_ipc_drv.o [15]
Cy_IPC_Drv_WriteDataValue
                        0x1009'9069     0x4  Code  Lc  cy_ipc_drv.o [15]
Cy_RestoreIRQ           0x1009'a519          Code  Gb  startup_cm7.o [31]
Cy_SCB_ClearRxFifo      0x1009'193b    0x1e  Code  Lc  zf_driver_spi.o [49]
Cy_SCB_ClearRxInterrupt
                        0x1009'a527     0xa  Code  Lc  cm7_0_isr.o [45]
Cy_SCB_ClearTxInterrupt
                        0x1009'a537     0xa  Code  Lc  cm7_0_isr.o [45]
Cy_SCB_GetFifoSize      0x1009'1995    0x12  Code  Lc  zf_driver_spi.o [49]
Cy_SCB_GetNumInRxFifo   0x1009'1931     0xa  Code  Lc  zf_driver_spi.o [49]
Cy_SCB_GetNumInRxFifo   0x1009'3847     0xa  Code  Lc  zf_driver_uart.o [49]
Cy_SCB_GetNumInTxFifo   0x1009'195f     0xa  Code  Lc  zf_driver_spi.o [49]
Cy_SCB_GetNumInTxFifo   0x1009'3857     0xa  Code  Lc  zf_driver_uart.o [49]
Cy_SCB_GetRxInterruptMask
                        0x1009'a521     0x6  Code  Lc  cm7_0_isr.o [45]
Cy_SCB_GetRxInterruptMask
                        0x1009'3893     0x6  Code  Lc  zf_driver_uart.o [49]
Cy_SCB_GetTxInterruptMask
                        0x1009'a531     0x6  Code  Lc  cm7_0_isr.o [45]
Cy_SCB_GetTxInterruptMask
                        0x1009'389f     0x6  Code  Lc  zf_driver_uart.o [49]
Cy_SCB_GetTxSrValid     0x1009'1969     0xa  Code  Lc  zf_driver_spi.o [49]
Cy_SCB_GetTxSrValid     0x1009'3861     0xa  Code  Lc  zf_driver_uart.o [49]
Cy_SCB_IsTxComplete     0x1009'1973    0x22  Code  Lc  zf_driver_spi.o [49]
Cy_SCB_IsTxComplete     0x1009'386b    0x22  Code  Lc  zf_driver_uart.o [49]
Cy_SCB_ReadRxFifo       0x1009'3841     0x6  Code  Lc  zf_driver_uart.o [49]
Cy_SCB_SPI_ClearRxFifo  0x1009'19c5     0x8  Code  Lc  zf_driver_spi.o [49]
Cy_SCB_SPI_Enable       0x1009'19a7     0xa  Code  Lc  zf_driver_spi.o [49]
Cy_SCB_SPI_GetNumInRxFifo
                        0x1009'19bd     0x8  Code  Lc  zf_driver_spi.o [49]
Cy_SCB_SPI_Init         0x1009'34ad   0x1d8  Code  Gb  cy_scb_spi.o [24]
Cy_SCB_SPI_SetActiveSlaveSelect
                        0x1009'19b1     0xc  Code  Lc  zf_driver_spi.o [49]
Cy_SCB_SetRxInterruptMask
                        0x1009'388d     0x6  Code  Lc  zf_driver_uart.o [49]
Cy_SCB_SetTxInterruptMask
                        0x1009'3899     0x6  Code  Lc  zf_driver_uart.o [49]
Cy_SCB_UART_DeInit      0x1009'4841    0x5c  Code  Gb  cy_scb_uart.o [24]
Cy_SCB_UART_Enable      0x1009'38a5     0xa  Code  Lc  zf_driver_uart.o [49]
Cy_SCB_UART_Init        0x1009'45bd   0x284  Code  Gb  cy_scb_uart.o [24]
Cy_SCB_WriteTxFifo      0x1009'1959     0x6  Code  Lc  zf_driver_spi.o [49]
Cy_SCB_WriteTxFifo      0x1009'3851     0x6  Code  Lc  zf_driver_uart.o [49]
Cy_SaveIRQ              0x1009'a511          Code  Gb  startup_cm7.o [31]
Cy_Srom_CallApi         0x1009'8ee1    0xb8  Code  Gb  cy_srom.o [30]
Cy_Srom_CallApi_NonBlock
                        0x1009'8f99    0x66  Code  Gb  cy_srom.o [30]
Cy_Srom_ConvertRespToStatus
                        0x1009'902f    0x1e  Code  Gb  cy_srom.o [30]
Cy_Srom_GetResponseType
                        0x1009'8fff    0x30  Code  Gb  cy_srom.o [30]
Cy_SysClk_CheckDividerExisting
                        0x1009'2e65    0x2a  Code  Lc  zf_driver_delay.o [49]
Cy_SysClk_CheckDividerExisting
                        0x1009'864d    0x2a  Code  Lc  zf_driver_pit.o [49]
Cy_SysClk_CheckDividerExisting
                        0x1009'568d    0x2c  Code  Lc  zf_driver_pwm.o [49]
Cy_SysClk_CheckDividerExisting
                        0x1009'19cd    0x2c  Code  Lc  zf_driver_spi.o [49]
Cy_SysClk_CheckDividerExisting
                        0x1009'369d    0x2c  Code  Lc  zf_driver_uart.o [49]
Cy_SysClk_ClkPathGetSource
                        0x1009'9231    0x54  Code  Gb  cy_sysclk.o [33]
Cy_SysClk_EcoGetStatus  0x1009'90bd    0x1a  Code  Lc  cy_sysclk.o [33]
Cy_SysClk_Fast0ClkGetDivider
                        0x1009'9205    0x16  Code  Lc  cy_sysclk.o [33]
Cy_SysClk_Fast1ClkGetDivider
                        0x1009'921b    0x16  Code  Lc  cy_sysclk.o [33]
Cy_SysClk_FllGetConfiguration
                        0x1009'928d    0x7e  Code  Gb  cy_sysclk.o [33]
Cy_SysClk_FllGetLockStatus
                        0x1009'90d7     0xc  Code  Lc  cy_sysclk.o [33]
Cy_SysClk_GetClockGroup
                        0x1009'2f0d     0x8  Code  Lc  zf_driver_delay.o [49]
Cy_SysClk_GetClockGroup
                        0x1009'86f5     0x8  Code  Lc  zf_driver_pit.o [49]
Cy_SysClk_GetClockGroup
                        0x1009'573b     0x8  Code  Lc  zf_driver_pwm.o [49]
Cy_SysClk_GetClockGroup
                        0x1009'1ab1     0x8  Code  Lc  zf_driver_spi.o [49]
Cy_SysClk_GetClockGroup
                        0x1009'3781     0x8  Code  Lc  zf_driver_uart.o [49]
Cy_SysClk_GetCoreFrequency
                        0x1009'9951    0x2a  Code  Gb  cy_sysclk.o [33]
Cy_SysClk_GetEcoFrequency
                        0x1009'9459    0x32  Code  Gb  cy_sysclk.o [33]
Cy_SysClk_GetExtFrequency
                        0x1009'948d    0x1e  Code  Gb  cy_sysclk.o [33]
Cy_SysClk_GetFast0Frequency
                        0x1009'98a5    0x56  Code  Gb  cy_sysclk.o [33]
Cy_SysClk_GetFast1Frequency
                        0x1009'98fb    0x56  Code  Gb  cy_sysclk.o [33]
Cy_SysClk_GetFllInputFrequency
                        0x1009'95ad     0xc  Code  Gb  cy_sysclk.o [33]
Cy_SysClk_GetFllOutputFrequency
                        0x1009'95d5    0x78  Code  Gb  cy_sysclk.o [33]
Cy_SysClk_GetHfClkFrequency
                        0x1009'9827    0x7a  Code  Gb  cy_sysclk.o [33]
Cy_SysClk_GetIlo0Frequency
                        0x1009'94ab    0x32  Code  Gb  cy_sysclk.o [33]
Cy_SysClk_GetIlo1Frequency
                        0x1009'94dd    0x32  Code  Gb  cy_sysclk.o [33]
Cy_SysClk_GetImoFrequency
                        0x1009'9427    0x32  Code  Gb  cy_sysclk.o [33]
Cy_SysClk_GetPathFrequency
                        0x1009'97f5    0x32  Code  Gb  cy_sysclk.o [33]
Cy_SysClk_GetPathSourceFrequency
                        0x1009'9549    0x64  Code  Gb  cy_sysclk.o [33]
Cy_SysClk_GetPll400MNo  0x1009'9121    0x14  Code  Lc  cy_sysclk.o [33]
Cy_SysClk_GetPllInputFrequency
                        0x1009'95b9    0x1c  Code  Gb  cy_sysclk.o [33]
Cy_SysClk_GetPllNo      0x1009'90e5    0x12  Code  Lc  cy_sysclk.o [33]
Cy_SysClk_GetPllOutputFrequency
                        0x1009'9651   0x1a0  Code  Gb  cy_sysclk.o [33]
Cy_SysClk_GetWcoFrequency
                        0x1009'950f    0x32  Code  Gb  cy_sysclk.o [33]
Cy_SysClk_HfClockGetDivider
                        0x1009'91c3    0x42  Code  Lc  cy_sysclk.o [33]
Cy_SysClk_HfClockGetSource
                        0x1009'916f    0x54  Code  Lc  cy_sysclk.o [33]
Cy_SysClk_InitGetFreqParams
                        0x1009'940d    0x1a  Code  Gb  cy_sysclk.o [33]
Cy_SysClk_PeriphAssignDivider
                        0x1009'2f15    0x68  Code  Lc  zf_driver_delay.o [49]
Cy_SysClk_PeriphAssignDivider
                        0x1009'86fd    0x68  Code  Lc  zf_driver_pit.o [49]
Cy_SysClk_PeriphAssignDivider
                        0x1009'5743    0x6a  Code  Lc  zf_driver_pwm.o [49]
Cy_SysClk_PeriphAssignDivider
                        0x1009'1ab9    0x6a  Code  Lc  zf_driver_spi.o [49]
Cy_SysClk_PeriphAssignDivider
                        0x1009'3789    0x6a  Code  Lc  zf_driver_uart.o [49]
Cy_SysClk_PeriphEnableDivider
                        0x1009'2f7d    0x4c  Code  Lc  zf_driver_delay.o [49]
Cy_SysClk_PeriphEnableDivider
                        0x1009'8765    0x4c  Code  Lc  zf_driver_pit.o [49]
Cy_SysClk_PeriphEnableDivider
                        0x1009'57ad    0x4e  Code  Lc  zf_driver_pwm.o [49]
Cy_SysClk_PeriphEnableDivider
                        0x1009'1b23    0x4e  Code  Lc  zf_driver_spi.o [49]
Cy_SysClk_PeriphEnableDivider
                        0x1009'37f3    0x4e  Code  Lc  zf_driver_uart.o [49]
Cy_SysClk_PeriphSetDivider
                        0x1009'2e8f    0x7e  Code  Lc  zf_driver_delay.o [49]
Cy_SysClk_PeriphSetDivider
                        0x1009'8677    0x7e  Code  Lc  zf_driver_pit.o [49]
Cy_SysClk_PeriphSetDivider
                        0x1009'56b9    0x82  Code  Lc  zf_driver_pwm.o [49]
Cy_SysClk_PeriphSetFracDivider
                        0x1009'19f9    0xb8  Code  Lc  zf_driver_spi.o [49]
Cy_SysClk_PeriphSetFracDivider
                        0x1009'36c9    0xb8  Code  Lc  zf_driver_uart.o [49]
Cy_SysClk_Pll400MGetConfiguration
                        0x1009'9379    0x84  Code  Gb  cy_sysclk.o [33]
Cy_SysClk_Pll400MGetLockStatus
                        0x1009'9135    0x2a  Code  Lc  cy_sysclk.o [33]
Cy_SysClk_PllGetConfiguration
                        0x1009'9325    0x48  Code  Gb  cy_sysclk.o [33]
Cy_SysClk_PllGetLockStatus
                        0x1009'90f7    0x28  Code  Lc  cy_sysclk.o [33]
Cy_SysClk_WcoOkay       0x1009'9161     0xe  Code  Lc  cy_sysclk.o [33]
Cy_SysInt_InitIRQ       0x1009'64a5    0x7e  Code  Gb  cy_sysint.o [35]
Cy_SysInt_SetSystemIrqVector
                        0x1009'6523    0x12  Code  Gb  cy_sysint.o [35]
Cy_SysInt_SystemIrqUserTableRamPointer
                        0x2802'06fc     0x4  Data  Gb  cy_interrupt_map.o [23]
Cy_SysLib_CleanCoreDCacheByAddr
                        0x1009'89e9    0x24  Code  Gb  cy_syslib.o [36]
Cy_SysLib_DelayCycles   0x1009'ad21          Code  Gb  cy_syslib_iar.o [36]
Cy_SysLib_EnterCriticalSection
                        0x1009'ad31          Code  Gb  cy_syslib_iar.o [36]
Cy_SysLib_ExitCriticalSection
                        0x1009'ad39          Code  Gb  cy_syslib_iar.o [36]
Cy_SysLib_FaultHandler  0x1009'8935    0x90  Code  Gb  cy_syslib.o [36]
Cy_SysLib_Halt          0x1009'8931     0x4  Code  Gb  cy_syslib.o [36]
Cy_SysLib_InvalidateCoreDCacheByAddr
                        0x1009'89c5    0x24  Code  Gb  cy_syslib.o [36]
Cy_SysLib_ProcessingFault
                        0x1009'8ed5     0x2  Code  Wk  cy_syslib.o [36]
Cy_SysLib_SvcHandler    0x1009'b229     0xc  Code  Wk  cy_syslib.o [36]
Cy_SystemInitFpuEnable  0x1009'a4b1    0x1e  Code  Gb  system_tviibh4m_cm7.o [22]
Cy_SystemIrqUserTable   0x2802'0010   0x6ec  Data  Gb  cy_interrupt_map.o [23]
Cy_Tcpwm_Counter_ClearTC_Intr
                        0x1009'4593    0x10  Code  Gb  cy_tcpwm_counter.o [43]
Cy_Tcpwm_Counter_Enable
                        0x1009'4575     0xa  Code  Gb  cy_tcpwm_counter.o [43]
Cy_Tcpwm_Counter_GetCounter
                        0x1009'4583     0x4  Code  Gb  cy_tcpwm_counter.o [43]
Cy_Tcpwm_Counter_Init   0x1009'43f5   0x16c  Code  Gb  cy_tcpwm_counter.o [43]
Cy_Tcpwm_Counter_SetCounter
                        0x1009'457f     0x4  Code  Gb  cy_tcpwm_counter.o [43]
Cy_Tcpwm_Counter_SetTC_IntrMask
                        0x1009'4587     0xc  Code  Gb  cy_tcpwm_counter.o [43]
Cy_Tcpwm_Pwm_Enable     0x1009'68f9     0xa  Code  Gb  cy_tcpwm_pwm.o [43]
Cy_Tcpwm_Pwm_Init       0x1009'66f9   0x1e4  Code  Gb  cy_tcpwm_pwm.o [43]
Cy_Tcpwm_TriggerStart   0x1009'45a3     0xc  Code  Gb  cy_tcpwm.o [43]
Cy_WorkFlashBlankCheck  0x1009'82db    0x8c  Code  Gb  cy_mw_flash.o [13]
Cy_u32StartupStackEndAddress
                        0x1009'a934          Data  Gb  startup_cm7.o [31]
Cy_u32StartupStackStartAddress
                        0x1009'a930          Data  Gb  startup_cm7.o [31]
Daty_Z                  0x2802'1614     0x4  Data  Gb  IMU.o [5]
DebugMon_Handler        0x1009'b319          Code  Wk  startup_cm7.o [31]
GL_IMU_Flag             0x2802'1620     0x4  Data  Gb  IMU.o [5]
GO_FLAG                 0x2802'1624     0x4  Data  Gb  Menu.o [5]
GPS_Record_flash        0x1009'7ab9    0xe6  Code  Gb  GPS.o [5]
GPS_Record_flash::NUM   0x2802'160c     0x4  Data  Lc  GPS.o [5]
GPS_SHOW                0x1009'7b9f    0x8e  Code  Gb  GPS.o [5]
Gyro_Offset             0x2802'15e8     0xc  Data  Gb  IMU.o [5]
HEAP_STACK$$Base        0x2807'e000           --   Gb  - Linker created -
HEAP_STACK$$Limit       0x2808'0000           --   Gb  - Linker created -
HIP4082_Motor_ctrl      0x1009'75bf    0x2e  Code  Gb  Common_Peripherals.o [5]
HardFault_Handler       0x1009'acd5          Code  Wk  startup_cm7.o [31]
IMU_Data                0x2802'1558    0x18  Data  Gb  IMU.o [5]
IMU_GetValues           0x1009'7f65    0x9e  Code  Gb  IMU.o [5]
IMU_Handle_0            0x1009'81cd    0x3a  Code  Gb  IMU.o [5]
IMU_Handle_180          0x1009'8079    0xe6  Code  Gb  IMU.o [5]
IMU_Handle_360          0x1009'8165    0x62  Code  Gb  IMU.o [5]
IMU_YAW_integral        0x1009'8005    0x46  Code  Gb  IMU.o [5]
IMU_gyro_Offset_Init    0x1009'7ea9    0xbc  Code  Gb  IMU.o [5]
IMU_init                0x1009'804b    0x16  Code  Gb  IMU.o [5]
InitRamEcc              0x1009'a24b   0x100  Code  Lc  startup.o [31]
InitRamEccClearArea     0x1009'a34b    0x12  Code  Lc  startup.o [31]
Key_init                0x1009'7385    0x7c  Code  Gb  Common_Peripherals.o [5]
LORA_Send_TXT           0x1009'74bd    0x88  Code  Gb  Common_Peripherals.o [5]
LORA_init               0x1009'7545    0x2e  Code  Gb  Common_Peripherals.o [5]
LORA_work               0x1009'7573    0x4c  Code  Gb  Common_Peripherals.o [5]
MemManage_Handler       0x1009'b30d          Code  Wk  startup_cm7.o [31]
Menu                    0x1009'691d    0xa6  Code  Gb  Menu.o [5]
Menu_flash_clear        0x1009'6a77    0x58  Code  Gb  Menu.o [5]
Menu_key_Operation      0x1009'69c3    0xb4  Code  Gb  Menu.o [5]
Motor_text              0x1009'75ed    0x86  Code  Gb  Common_Peripherals.o [5]
Motor_text::MOTOR       0x2802'166c     0x2  Data  Lc  Common_Peripherals.o [5]
NMI_Handler             0x1009'b309          Code  Wk  startup_cm7.o [31]
Number                  0x2802'1600     0x4  Data  Gb  GPS.o [5]
PID_Init                0x2802'14e0    0x30  Data  Gb  Algorithm.o [5]
PendSV_Handler          0x1009'b31d          Code  Wk  startup_cm7.o [31]
PidInit                 0x1009'7c71    0x32  Code  Gb  Algorithm.o [5]
Point_distance          0x2802'163c     0x4  Data  Gb  Menu.o [5]
Point_distance_Pointer  0x2802'1640     0x4  Data  Gb  Menu.o [5]
Region$$Table$$Base     0x1009'ac74           --   Gb  - Linker created -
Region$$Table$$Limit    0x1009'ac94           --   Gb  - Linker created -
Reset_Handler           0x1009'a889          Code  Wk  startup_cm7.o [31]
SPEED                   0x2802'162c     0x4  Data  Gb  Menu.o [5]
SPEED_Pointer           0x2802'1630     0x4  Data  Gb  Menu.o [5]
STOP_MENU_FLAG          0x2802'0700     0x4  Data  Gb  Menu.o [5]
SVC_Handler             0x1009'ae71          Code  Wk  startup_cm7.o [31]
Startup_Init            0x1009'a1bd    0x8e  Code  Gb  startup.o [31]
Steer_init              0x1009'76c9    0x16  Code  Gb  Common_Peripherals.o [5]
Steer_set               0x1009'76e1    0x42  Code  Gb  Common_Peripherals.o [5]
Steer_text              0x1009'7723    0x6c  Code  Gb  Common_Peripherals.o [5]
Steer_text::angle       0x2802'0000     0x4  Data  Lc  Common_Peripherals.o [5]
Stop_Point              0x2802'1634     0x4  Data  Gb  Menu.o [5]
Stop_Point_Pointer      0x2802'1638     0x4  Data  Gb  Menu.o [5]
SysTick_Handler         0x1009'b321          Code  Wk  startup_cm7.o [31]
SystemCoreClock         0x2802'1648     0x4  Data  Gb  system_tviibh4m_cm7.o [22]
SystemCoreClockUpdate   0x1009'a41d    0x94  Code  Gb  system_tviibh4m_cm7.o [22]
SystemInit              0x1009'a3c1    0x5c  Code  Gb  system_tviibh4m_cm7.o [22]
T_M                     0x2802'1618     0x4  Data  Gb  IMU.o [5]
T_N                     0x2802'161c     0x4  Data  Gb  IMU.o [5]
UsageFault_Handler      0x1009'b315          Code  Wk  startup_cm7.o [31]
_LC                     0x1009'48d1     0x6  Code  Lc  xprintflarge_nomb.o [50]
_LitobLargeNoMb         0x1009'53db   0x114  Code  Lc  xprintflarge_nomb.o [50]
_PrintfLargeNoMb        0x1009'48d7   0xafe  Code  Gb  xprintflarge_nomb.o [50]
_Prout                  0x1009'af99    0x16  Code  Gb  xprout.o [50]
_PutcharsLargeNoMb      0x1009'5549    0x2e  Code  Lc  xprintflarge_nomb.o [50]
_SProut                 0x1009'3ef3     0xa  Code  Gb  xsprout.o [50]
__NVIC_ClearPendingIRQ  0x1009'a6f1    0x1c  Code  Lc  cy_interrupt_map.o [23]
__NVIC_ClearPendingIRQ  0x1009'432d    0x1c  Code  Lc  zf_common_interrupt.o [46]
__NVIC_EnableIRQ        0x1009'4311    0x1c  Code  Lc  zf_common_interrupt.o [46]
__NVIC_SetPriority      0x1009'4349    0x24  Code  Lc  zf_common_interrupt.o [46]
__Vectors               0x1008'0000           --   Gb  startup_cm7.o [31]
__Vectors_End           0x1008'0080          Data  Gb  startup_cm7.o [31]
__Vectors_Size {Abs}           0x80           --   Gb  startup_cm7.o [31]
__aeabi_d2uiz           0x1009'66b7     0xe  Code  Gb  DblToU32.o [51]
__aeabi_ddiv            0x1009'66a5    0x12  Code  Gb  DblDiv.o [51]
__aeabi_dmul            0x1009'66e5    0x12  Code  Gb  DblMul.o [51]
__aeabi_dsub            0x1009'66d3    0x12  Code  Gb  DblSub.o [51]
__aeabi_ldiv0           0x1009'45b1          Code  Gb  I64DivZer.o [52]
__aeabi_memclr4         0x1009'45b5          Code  Gb  ABImemclr4.o [52]
__aeabi_memcpy          0x1009'55e5          Code  Gb  ABImemcpy.o [52]
__aeabi_memcpy4         0x1009'5605          Code  Gb  ABImemcpy.o [52]
__aeabi_memcpy8         0x1009'5605          Code  Gb  ABImemcpy.o [52]
__aeabi_memset          0x1009'29e1          Code  Gb  ABImemset.o [52]
__aeabi_ui2d            0x1009'66c5     0xe  Code  Gb  U32ToDbl.o [51]
__aeabi_uldivmod        0x1009'30e9          Code  Gb  I64DivMod.o [52]
__cmain                 0x1009'ad41          Code  Gb  cmain.o [52]
__ecc_init_dtcm_end_address {Abs}
                        0x2000'3fff          Data  Gb  <internal module>
__ecc_init_dtcm_start_address {Abs}
                        0x2000'0000          Data  Gb  <internal module>
__ecc_init_itcm_end_address {Abs}
                             0x3fff          Data  Gb  <internal module>
__ecc_init_itcm_start_address {Abs}
                                0x0          Data  Gb  <internal module>
__ecc_init_sram_end_address {Abs}
                        0x2807'ffff          Data  Gb  <internal module>
__ecc_init_sram_start_address {Abs}
                        0x2802'0000          Data  Gb  <internal module>
__exit                  0x1009'6909    0x14  Code  Gb  exit.o [53]
__iar_Fail_s            0x1009'659d    0x1c  Code  Gb  xfail_s.o [50]
__iar_Memchr            0x1009'65dd          Code  Gb  memchr.o [52]
__iar_Memset            0x1009'29e1          Code  Gb  ABImemset.o [52]
__iar_Memset4_word      0x1009'6551          Code  Gb  ABImemset48.o [52]
__iar_Memset8_word      0x1009'6551          Code  Gb  ABImemset48.o [52]
__iar_Memset_word       0x1009'29e9          Code  Gb  ABImemset.o [52]
__iar_Strchr            0x1009'6585          Code  Gb  strchr.o [52]
__iar_data_init3        0x1009'ac05    0x28  Code  Gb  data_init.o [52]
__iar_frexp             0x1009'6641          Code  Gb  frexp.o [51]
__iar_frexpl            0x1009'6641          Code  Gb  frexp.o [51]
__iar_init_vfp          0x1009'ac51          Code  Gb  fpinit_M.o [51]
__iar_lz77_init_single3
                        0x1009'2a47    0x7e  Code  Gb  lz77_init_single.o [52]
__iar_program_start     0x1009'ae8d          Code  Gb  cstartup_M.o [52]
__iar_softfp___iar_frexp64
                        0x1009'6635          Code  Gb  frexp.o [51]
__iar_softfp_frexp      0x1009'6635          Code  Gb  frexp.o [51]
__iar_softfp_frexpl     0x1009'6635          Code  Gb  frexp.o [51]
__iar_zero_init3        0x1009'aa49    0x38  Code  Gb  zero_init3.o [52]
__low_level_init        0x1009'ad61          Code  Gb  startup_cm7.o [31]
__ramVectors            0x2802'1700          Data  Gb  startup_cm7.o [31]
__vector_table          0x1008'0000          Data  Gb  startup_cm7.o [31]
__vector_table_0x1c     0x1008'001c          Data  Gb  startup_cm7.o [31]
__write                 0x1009'28ab    0x12  Code  Gb  zf_common_debug.o [46]
_call_main              0x1009'ad4d          Code  Gb  cmain.o [52]
_exit                   0x1009'ad69          Code  Gb  cexit.o [52]
abort                   0x1009'6903     0x6  Code  Gb  abort.o [50]
ascii_font_6x8          0x1009'9f94   0x228  Data  Gb  zf_common_font.o [46]
ascii_font_8x16         0x1009'99a4   0x5f0  Data  Gb  zf_common_font.o [46]
assert_interrupt_config
                        0x1009'43a5     0xc  Code  Gb  zf_common_interrupt.o [46]
camera_uart_handler     0x2802'096c     0x4  Data  Gb  zf_device_type.o [48]
clock_init              0x1009'a979    0x16  Code  Gb  zf_common_clock.o [46]
cs_pin_save             0x2802'1664     0x4  Data  Gb  zf_driver_spi.o [49]
current_operation_index
                        0x2802'1644     0x4  Data  Gb  Menu.o [5]
cy_assertFileName       0x2802'1540    0x18  Data  Gb  cy_syslib.o [36]
cy_assertLine           0x2802'15fc     0x4  Data  Gb  cy_syslib.o [36]
cy_delay32kMs           0x2802'1658     0x4  Data  Gb  system_tviibh4m_cm7.o [22]
cy_delayFreqHz          0x2802'164c     0x4  Data  Gb  system_tviibh4m_cm7.o [22]
cy_delayFreqKhz         0x2802'1650     0x4  Data  Gb  system_tviibh4m_cm7.o [22]
cy_delayFreqMhz         0x2802'1654     0x4  Data  Gb  system_tviibh4m_cm7.o [22]
cy_faultFrame           0x2802'1364    0x70  Data  Gb  cy_syslib.o [36]
debug_assert_handler    0x1009'28bd    0x3c  Code  Gb  zf_common_debug.o [46]
debug_assert_handler::assert_nest_index
                        0x2802'1688     0x1  Data  Lc  zf_common_debug.o [46]
debug_delay             0x1009'258d    0x36  Code  Lc  zf_common_debug.o [46]
debug_info_init         0x1009'2963    0x18  Code  Gb  zf_common_debug.o [46]
debug_init              0x1009'297b    0x2a  Code  Gb  zf_common_debug.o [46]
debug_interrupr_handler
                        0x1009'288b    0x20  Code  Gb  zf_common_debug.o [46]
debug_log_handler       0x1009'28f9    0x20  Code  Gb  zf_common_debug.o [46]
debug_output            0x1009'25cf   0x2bc  Code  Lc  zf_common_debug.o [46]
debug_output_info       0x2802'15a0    0x14  Data  Lc  zf_common_debug.o [46]
debug_output_init       0x1009'2939    0x2a  Code  Gb  zf_common_debug.o [46]
debug_output_struct_init
                        0x1009'2919    0x20  Code  Gb  zf_common_debug.o [46]
debug_uart_buffer       0x2802'14a0    0x40  Data  Gb  zf_common_debug.o [46]
debug_uart_data         0x2802'1687     0x1  Data  Gb  zf_common_debug.o [46]
debug_uart_fifo         0x2802'1570    0x18  Data  Gb  zf_common_debug.o [46]
debug_uart_str_output   0x1009'25c3     0xc  Code  Lc  zf_common_debug.o [46]
delay_clk               0x2802'09c0     0x2  Data  Lc  zf_driver_delay.o [49]
divNumLocator           0x1009'b23c     0x8  Data  Gb  cy_sysclk.o [33]
exit                    0x1009'ad65     0x4  Code  Gb  exit.o [50]
fifo_data_count         0x2802'15f4     0x4  Data  Gb  Common_Peripherals.o [5]
fifo_end_offset         0x1009'3f57    0x1a  Code  Lc  zf_common_fifo.o [46]
fifo_get_data           0x2802'1460    0x40  Data  Gb  Common_Peripherals.o [5]
fifo_head_offset        0x1009'3f3d    0x1a  Code  Lc  zf_common_fifo.o [46]
fifo_init               0x1009'42d3    0x3a  Code  Gb  zf_common_fifo.o [46]
fifo_read_buffer        0x1009'4133   0x1a0  Code  Gb  zf_common_fifo.o [46]
fifo_used               0x1009'3f71    0x22  Code  Gb  zf_common_fifo.o [46]
fifo_write_buffer       0x1009'3f93   0x1a0  Code  Gb  zf_common_fifo.o [46]
flash_buffer_clear      0x1009'7a73    0x12  Code  Gb  zf_driver_flash.o [49]
flash_check             0x1009'78cd    0x42  Code  Gb  zf_driver_flash.o [49]
flash_erase_page        0x1009'790f    0x36  Code  Gb  zf_driver_flash.o [49]
flash_init_flag         0x2802'168d     0x1  Data  Lc  zf_driver_flash.o [49]
flash_read_page         0x1009'7945    0x60  Code  Gb  zf_driver_flash.o [49]
flash_union_buffer      0x2802'09cc   0x800  Data  Gb  zf_driver_flash.o [49]
flash_write_page        0x1009'79a5    0x7e  Code  Gb  zf_driver_flash.o [49]
flash_write_page_from_buffer
                        0x1009'7a23    0x50  Code  Gb  zf_driver_flash.o [49]
fun_0                   0x1009'6acf    0x24  Code  Gb  Menu.o [5]
fun_a1                  0x1009'6af3    0x3c  Code  Gb  Menu.o [5]
fun_a21                 0x1009'6be3    0x3c  Code  Gb  Menu.o [5]
fun_a22                 0x1009'6c1f    0x3c  Code  Gb  Menu.o [5]
fun_a23                 0x1009'6c5b    0x3c  Code  Gb  Menu.o [5]
fun_a24                 0x1009'6c97    0x3c  Code  Gb  Menu.o [5]
fun_a31                 0x1009'6ebd    0x6a  Code  Gb  Menu.o [5]
fun_a32                 0x1009'6f2d    0x1e  Code  Gb  Menu.o [5]
fun_a33                 0x1009'6f4b    0x28  Code  Gb  Menu.o [5]
fun_b1                  0x1009'6b2f    0x3c  Code  Gb  Menu.o [5]
fun_b21                 0x1009'6cd3    0x3c  Code  Gb  Menu.o [5]
fun_b22                 0x1009'6d15    0x3c  Code  Gb  Menu.o [5]
fun_b23                 0x1009'6d51    0x3c  Code  Gb  Menu.o [5]
fun_b24                 0x1009'6d8d    0x3c  Code  Gb  Menu.o [5]
fun_b31                 0x1009'6f73    0x86  Code  Gb  Menu.o [5]
fun_b32                 0x1009'6ff9   0x108  Code  Gb  Menu.o [5]
fun_b33                 0x1009'7121    0x5e  Code  Gb  Menu.o [5]
fun_c1                  0x1009'6b6b    0x3c  Code  Gb  Menu.o [5]
fun_c21                 0x1009'6dc9    0x3c  Code  Gb  Menu.o [5]
fun_c22                 0x1009'6e05    0x3c  Code  Gb  Menu.o [5]
fun_c23                 0x1009'6e41    0x3c  Code  Gb  Menu.o [5]
fun_c24                 0x1009'6e81    0x3c  Code  Gb  Menu.o [5]
fun_c31                 0x1009'717f    0xe2  Code  Gb  Menu.o [5]
fun_c32                 0x1009'7261    0x1a  Code  Gb  Menu.o [5]
fun_c33                 0x1009'7345    0x14  Code  Gb  Menu.o [5]
fun_d1                  0x1009'6ba7    0x3c  Code  Gb  Menu.o [5]
func_double_to_str      0x1009'2bbd   0x18a  Code  Gb  zf_common_function.o [46]
func_index              0x2802'1628     0x4  Data  Gb  Menu.o [5]
func_int_to_str         0x1009'2ac5    0x86  Code  Gb  zf_common_function.o [46]
func_uint_to_str        0x1009'2b4b    0x6e  Code  Gb  zf_common_function.o [46]
gImage_MOSS             0x1008'0080  0xea68  Data  Gb  Menu.o [5]
g_NB_ModeEnabled        0x2802'1684     0x1  Data  Lc  cy_mw_flash.o [13]
g_completeFlag          0x2802'1683     0x1  Data  Lc  cy_mw_flash.o [13]
g_dummy                 0x2802'15f8     0x4  Data  Lc  cy_srom.o [30]
g_scratch               0x2802'15c0    0x10  Data  Lc  cy_srom.o [30]
get_pwm_ch              0x1009'5ed5   0x368  Code  Lc  zf_driver_pwm.o [49]
get_pwm_pin             0x1009'57fb   0x368  Code  Lc  zf_driver_pwm.o [49]
get_pwm_pin_hsiom       0x1009'5b63   0x36a  Code  Lc  zf_driver_pwm.o [49]
get_scb_module          0x1009'39fb    0x44  Code  Gb  zf_driver_uart.o [49]
get_uart_config         0x1009'38af   0x14c  Code  Lc  zf_driver_uart.o [49]
gnss                    0x2802'13d8    0x48  Data  Gb  zf_device_gnss.o [48]
gnss_flag               0x2802'1689     0x1  Data  Gb  zf_device_gnss.o [48]
gnss_init               0x1009'7ca5   0x1c8  Code  Gb  zf_device_gnss.o [48]
gnss_receiver_buffer    0x2802'12e4    0x80  Data  Lc  zf_device_gnss.o [48]
gnss_receiver_fifo      0x2802'1588    0x18  Data  Lc  zf_device_gnss.o [48]
gnss_state              0x2802'168a     0x1  Data  Lc  zf_device_gnss.o [48]
gpio_get_level          0x1009'2db7    0x22  Code  Gb  zf_driver_gpio.o [49]
gpio_init               0x1009'2dd9    0x88  Code  Gb  zf_driver_gpio.o [49]
gpio_set_level          0x1009'2d73    0x44  Code  Gb  zf_driver_gpio.o [49]
gyro_Offset_flag        0x2802'1610     0x4  Data  Gb  IMU.o [5]
imu660ra_config_file    0x1008'eae8  0x2000  Data  Gb  zf_device_config.o [54]
imu660ra_get_gyro       0x1009'850b    0x3e  Code  Gb  zf_device_imu660ra.o [48]
imu660ra_gyro_x         0x2802'166e     0x2  Data  Gb  zf_device_imu660ra.o [48]
imu660ra_gyro_y         0x2802'1670     0x2  Data  Gb  zf_device_imu660ra.o [48]
imu660ra_gyro_z         0x2802'1672     0x2  Data  Gb  zf_device_imu660ra.o [48]
imu660ra_init           0x1009'8549    0xd0  Code  Gb  zf_device_imu660ra.o [48]
imu660ra_read_register  0x1009'8479    0x26  Code  Lc  zf_device_imu660ra.o [48]
imu660ra_read_registers
                        0x1009'849f    0x3a  Code  Lc  zf_device_imu660ra.o [48]
imu660ra_self_check     0x1009'84d9    0x32  Code  Lc  zf_device_imu660ra.o [48]
imu660ra_transition_factor
                        0x2802'0964     0x8  Data  Gb  zf_device_imu660ra.o [48]
imu660ra_write_register
                        0x1009'843d    0x1e  Code  Lc  zf_device_imu660ra.o [48]
imu660ra_write_registers
                        0x1009'845b    0x1e  Code  Lc  zf_device_imu660ra.o [48]
imu963ra_gyro_x         0x2802'1674     0x2  Data  Gb  zf_device_imu963ra.o [48]
imu963ra_gyro_y         0x2802'1676     0x2  Data  Gb  zf_device_imu963ra.o [48]
imu963ra_gyro_z         0x2802'1678     0x2  Data  Gb  zf_device_imu963ra.o [48]
intFreqInitialized      0x2802'1685     0x1  Data  Gb  cy_sysclk.o [33]
internalBaseFreqInfo    0x2802'1528    0x18  Data  Gb  cy_sysclk.o [33]
interrupt_global_disable
                        0x1009'437d    0x14  Code  Gb  zf_common_interrupt.o [46]
interrupt_global_enable
                        0x1009'436d    0x10  Code  Gb  zf_common_interrupt.o [46]
interrupt_global_flag   0x2802'1660     0x4  Data  Lc  zf_common_interrupt.o [46]
interrupt_init          0x1009'43bd    0x36  Code  Gb  zf_common_interrupt.o [46]
interrupt_set_priority  0x1009'43b1     0xc  Code  Gb  zf_common_interrupt.o [46]
ips200_bgcolor          0x2802'09be     0x2  Data  Lc  zf_device_ips200.o [48]
ips200_clear            0x1009'0dc1    0x80  Code  Gb  zf_device_ips200.o [48]
ips200_debug_init       0x1009'0d57    0x68  Code  Lc  zf_device_ips200.o [48]
ips200_display_dir      0x2802'168c     0x1  Data  Lc  zf_device_ips200.o [48]
ips200_display_font     0x2802'09c7     0x1  Data  Lc  zf_device_ips200.o [48]
ips200_display_type     0x2802'168b     0x1  Data  Lc  zf_device_ips200.o [48]
ips200_height_max       0x2802'09ba     0x2  Data  Gb  zf_device_ips200.o [48]
ips200_init             0x1009'15a9   0x34a  Code  Gb  zf_device_ips200.o [48]
ips200_pencolor         0x2802'09bc     0x2  Data  Lc  zf_device_ips200.o [48]
ips200_set_color        0x1009'0e7f     0xe  Code  Gb  zf_device_ips200.o [48]
ips200_set_dir          0x1009'0e41    0x3e  Code  Gb  zf_device_ips200.o [48]
ips200_set_region       0x1009'0c91    0xc6  Code  Lc  zf_device_ips200.o [48]
ips200_show_char        0x1009'0e8d   0x206  Code  Gb  zf_device_ips200.o [48]
ips200_show_float       0x1009'1309   0x13e  Code  Gb  zf_device_ips200.o [48]
ips200_show_int         0x1009'113f    0xde  Code  Gb  zf_device_ips200.o [48]
ips200_show_rgb565_image
                        0x1009'146d   0x12e  Code  Gb  zf_device_ips200.o [48]
ips200_show_string      0x1009'1095    0xaa  Code  Gb  zf_device_ips200.o [48]
ips200_show_uint        0x1009'121d    0xdc  Code  Gb  zf_device_ips200.o [48]
ips200_width_max        0x2802'09b8     0x2  Data  Gb  zf_device_ips200.o [48]
ips200_write_16bit_data
                        0x1009'0bdb    0x54  Code  Gb  zf_device_ips200.o [48]
ips200_write_16bit_data_array
                        0x1009'0c2f    0x62  Code  Lc  zf_device_ips200.o [48]
ips200_write_8bit_data  0x1009'0b51    0x3e  Code  Lc  zf_device_ips200.o [48]
ips200_write_8bit_data_array
                        0x1009'0b8f    0x4c  Code  Lc  zf_device_ips200.o [48]
ips200_write_command    0x1009'0af3    0x5e  Code  Lc  zf_device_ips200.o [48]
ips200_write_data       0x1009'0ae9     0xa  Code  Lc  zf_device_ips200.o [48]
ips_bl_pin              0x2802'09c9     0x1  Data  Lc  zf_device_ips200.o [48]
ips_cs_pin              0x2802'09ca     0x1  Data  Lc  zf_device_ips200.o [48]
ips_rst_pin             0x2802'09c8     0x1  Data  Lc  zf_device_ips200.o [48]
key1_flag               0x2802'167e     0x1  Data  Gb  Common_Peripherals.o [5]
key1_state              0x2802'09c2     0x1  Data  Gb  Common_Peripherals.o [5]
key1_state_last         0x2802'167a     0x1  Data  Gb  Common_Peripherals.o [5]
key2_flag               0x2802'167f     0x1  Data  Gb  Common_Peripherals.o [5]
key2_state              0x2802'09c3     0x1  Data  Gb  Common_Peripherals.o [5]
key2_state_last         0x2802'167b     0x1  Data  Gb  Common_Peripherals.o [5]
key3_flag               0x2802'1680     0x1  Data  Gb  Common_Peripherals.o [5]
key3_state              0x2802'09c4     0x1  Data  Gb  Common_Peripherals.o [5]
key3_state_last         0x2802'167c     0x1  Data  Gb  Common_Peripherals.o [5]
key4_flag               0x2802'1681     0x1  Data  Gb  Common_Peripherals.o [5]
key4_state              0x2802'09c5     0x1  Data  Gb  Common_Peripherals.o [5]
key4_state_last         0x2802'167d     0x1  Data  Gb  Common_Peripherals.o [5]
key_scan                0x1009'7401    0xbc  Code  Gb  Common_Peripherals.o [5]
key_val                 0x2802'1682     0x1  Data  Gb  Common_Peripherals.o [5]
last_index              0x2802'0704     0x4  Data  Gb  Menu.o [5]
lat                     0x2802'1604     0x4  Data  Gb  GPS.o [5]
lot                     0x2802'1608     0x4  Data  Gb  GPS.o [5]
main                    0x1009'a939    0x40  Code  Gb  main_cm7_0.o [45]
memchr                  0x1009'65dd          Code  Gb  memchr.o [52]
pit0_ch0_isr            0x1009'a541    0x2e  Code  Gb  cm7_0_isr.o [45]
pit0_ch1_isr            0x1009'a56f    0x12  Code  Gb  cm7_0_isr.o [45]
pit0_ch2_isr            0x1009'a581    0x16  Code  Gb  cm7_0_isr.o [45]
pit_init                0x1009'87c1    0xec  Code  Gb  zf_driver_pit.o [49]
pit_isr_flag_clear      0x1009'87b1    0x10  Code  Gb  zf_driver_pit.o [49]
pit_isr_func            0x2802'0978     0xc  Data  Gb  zf_driver_pit.o [49]
printf                  0x1009'7a91    0x28  Code  Gb  printf.o [50]
programSizeBytesLut     0x1009'afb0    0x14  Data  Lc  cy_flash.o [12]
putchar                 0x1009'acf5    0x20  Code  Gb  putchar.o [50]
pwm_all_channel_close   0x1009'623d    0x1a  Code  Gb  zf_driver_pwm.o [49]
pwm_init                0x1009'62b1   0x1e4  Code  Gb  zf_driver_pwm.o [49]
pwm_set_duty            0x1009'6257    0x5a  Code  Gb  zf_driver_pwm.o [49]
scale                   0x1009'54ef    0x46  Code  Lc  xprintflarge_nomb.o [50]
scb_module              0x2802'09a4    0x14  Data  Gb  zf_driver_uart.o [49]
sec_hand                0x2802'1668     0x4  Data  Lc  xfail_s.o [50]
spi_get_clk_hsiom       0x1009'1c07    0x20  Code  Lc  zf_driver_spi.o [49]
spi_get_clk_pin         0x1009'1b71    0x20  Code  Lc  zf_driver_spi.o [49]
spi_get_cs_hsiom        0x1009'1c67    0x36  Code  Lc  zf_driver_spi.o [49]
spi_get_cs_pin          0x1009'1bd1    0x36  Code  Lc  zf_driver_spi.o [49]
spi_get_miso_hsiom      0x1009'1c47    0x20  Code  Lc  zf_driver_spi.o [49]
spi_get_miso_pin        0x1009'1bb1    0x20  Code  Lc  zf_driver_spi.o [49]
spi_get_mosi_hsiom      0x1009'1c27    0x20  Code  Lc  zf_driver_spi.o [49]
spi_get_mosi_pin        0x1009'1b91    0x20  Code  Lc  zf_driver_spi.o [49]
spi_init                0x1009'234d   0x22c  Code  Gb  zf_driver_spi.o [49]
spi_module              0x2802'0984     0xc  Data  Gb  zf_driver_spi.o [49]
spi_read_8bit_registers
                        0x1009'2269    0xd2  Code  Gb  zf_driver_spi.o [49]
spi_write_16bit         0x1009'1f39    0xaa  Code  Gb  zf_driver_spi.o [49]
spi_write_16bit_array   0x1009'1fe3    0xb6  Code  Gb  zf_driver_spi.o [49]
spi_write_8bit          0x1009'1dd9    0xaa  Code  Gb  zf_driver_spi.o [49]
spi_write_8bit_array    0x1009'1e83    0xb6  Code  Gb  zf_driver_spi.o [49]
spi_write_8bit_register
                        0x1009'2099    0xde  Code  Gb  zf_driver_spi.o [49]
spi_write_8bit_registers
                        0x1009'2177    0xe8  Code  Gb  zf_driver_spi.o [49]
sprintf                 0x1009'3efd    0x40  Code  Gb  sprintf.o [50]
strchr                  0x1009'6585          Code  Gb  strchr.o [52]
strlen                  0x1009'3ebd          Code  Gb  strlen.o [52]
strncpy                 0x1009'88c1          Code  Gb  strncpy.o [52]
switch_transition_length
                        0x1009'1c9d   0x13c  Code  Lc  zf_driver_spi.o [49]
system_clock            0x2802'165c     0x4  Data  Gb  zf_common_clock.o [46]
system_delay_init       0x1009'3027    0xa6  Code  Gb  zf_driver_delay.o [49]
system_delay_ms         0x1009'2fc9    0x5e  Code  Gb  zf_driver_delay.o [49]
table_dispaly           0x2802'0708   0x258  Data  Gb  Menu.o [5]
timer_ch                0x2802'09cb     0x1  Data  Lc  zf_driver_delay.o [49]
type_default_callback   0x1009'b345     0x2  Code  Lc  zf_device_type.o [48]
uart0_isr               0x1009'a597    0x40  Code  Gb  cm7_0_isr.o [45]
uart1_isr               0x1009'a5d7    0x42  Code  Gb  cm7_0_isr.o [45]
uart2_isr               0x1009'a619    0x42  Code  Gb  cm7_0_isr.o [45]
uart3_isr               0x1009'a65b    0x3c  Code  Gb  cm7_0_isr.o [45]
uart4_isr               0x1009'a697    0x42  Code  Gb  cm7_0_isr.o [45]
uart_context            0x2802'11cc   0x118  Data  Gb  zf_driver_uart.o [49]
uart_data_fifo          0x2802'1510    0x18  Data  Gb  Common_Peripherals.o [5]
uart_get_data           0x2802'1420    0x40  Data  Gb  Common_Peripherals.o [5]
uart_init               0x1009'3ced   0x18a  Code  Gb  zf_driver_uart.o [49]
uart_isr_func           0x2802'0990    0x14  Data  Gb  zf_driver_uart.o [49]
uart_query_byte         0x1009'3aa1    0x32  Code  Gb  zf_driver_uart.o [49]
uart_receiver_handler   0x2802'0974     0x4  Data  Gb  zf_device_type.o [48]
uart_rx_interrupt       0x1009'3bef    0xfe  Code  Gb  zf_driver_uart.o [49]
uart_tx_interrupt       0x1009'3ad3   0x11c  Code  Gb  zf_driver_uart.o [49]
uart_write_buffer       0x1009'3a67    0x1e  Code  Gb  zf_driver_uart.o [49]
uart_write_byte         0x1009'3a3f    0x28  Code  Gb  zf_driver_uart.o [49]
uart_write_string       0x1009'3a85    0x1c  Code  Gb  zf_driver_uart.o [49]
wireless_module_uart_handler
                        0x2802'0970     0x4  Data  Gb  zf_device_type.o [48]
x6f_count               0x2802'15d0     0xc  Data  Gb  Common_Peripherals.o [5]
x6f_out                 0x2802'15dc     0xc  Data  Gb  Common_Peripherals.o [5]
x6f_pin_map             0x2802'0004     0xc  Data  Gb  Common_Peripherals.o [5]
x6f_scan                0x1009'77db    0x46  Code  Gb  Common_Peripherals.o [5]
zf_debug_assert_enable  0x2802'09c6     0x1  Data  Lc  zf_common_debug.o [46]
zf_debug_init_flag      0x2802'1686     0x1  Data  Lc  zf_common_debug.o [46]


[1] = C:\IAR\iar\Debug_m7_0\Obj\adc_11722776235721520015.dir
[2] = C:\IAR\iar\Debug_m7_0\Obj\audioss_1346650047966882938.dir
[3] = C:\IAR\iar\Debug_m7_0\Obj\button_4990804375159372270.dir
[4] = C:\IAR\iar\Debug_m7_0\Obj\canfd_1800690984773873875.dir
[5] = C:\IAR\iar\Debug_m7_0\Obj\code_17896468042025673432.dir
[6] = C:\IAR\iar\Debug_m7_0\Obj\cpu_15938736945165268644.dir
[7] = C:\IAR\iar\Debug_m7_0\Obj\crypto_1190170608956581615.dir
[8] = C:\IAR\iar\Debug_m7_0\Obj\dma_12106025507578611576.dir
[9] = C:\IAR\iar\Debug_m7_0\Obj\eth_phy_18133017486186456677.dir
[10] = C:\IAR\iar\Debug_m7_0\Obj\ethernet_6029839089178797009.dir
[11] = C:\IAR\iar\Debug_m7_0\Obj\evtgen_3404189088603873129.dir
[12] = C:\IAR\iar\Debug_m7_0\Obj\flash_8529866181315662935.dir
[13] = C:\IAR\iar\Debug_m7_0\Obj\flash_864493325053435817.dir
[14] = C:\IAR\iar\Debug_m7_0\Obj\gpio_3999404635324069351.dir
[15] = C:\IAR\iar\Debug_m7_0\Obj\ipc_10145506163450686023.dir
[16] = C:\IAR\iar\Debug_m7_0\Obj\lin_18429031207028094880.dir
[17] = C:\IAR\iar\Debug_m7_0\Obj\lvd_6353935867039560245.dir
[18] = C:\IAR\iar\Debug_m7_0\Obj\mcwdt_4052485907822033969.dir
[19] = C:\IAR\iar\Debug_m7_0\Obj\mpu_5663187252346826382.dir
[20] = C:\IAR\iar\Debug_m7_0\Obj\power_14453085144426420577.dir
[21] = C:\IAR\iar\Debug_m7_0\Obj\prot_10722960861768657883.dir
[22] = C:\IAR\iar\Debug_m7_0\Obj\rev_b_4986922561640112550.dir
[23] = C:\IAR\iar\Debug_m7_0\Obj\rev_b_6162237342861132223.dir
[24] = C:\IAR\iar\Debug_m7_0\Obj\scb_15490842639181808494.dir
[25] = C:\IAR\iar\Debug_m7_0\Obj\sd_host_2982766354293506895.dir
[26] = C:\IAR\iar\Debug_m7_0\Obj\semihosting_143864889731838620.dir
[27] = C:\IAR\iar\Debug_m7_0\Obj\smartio_5451710003740070188.dir
[28] = C:\IAR\iar\Debug_m7_0\Obj\smif_427648126384146252.dir
[29] = C:\IAR\iar\Debug_m7_0\Obj\smif_mem_6470536964353725183.dir
[30] = C:\IAR\iar\Debug_m7_0\Obj\srom_13018798572330080582.dir
[31] = C:\IAR\iar\Debug_m7_0\Obj\startup_479057977785470282.dir
[32] = C:\IAR\iar\Debug_m7_0\Obj\sw_timer_4215635015939382130.dir
[33] = C:\IAR\iar\Debug_m7_0\Obj\sysclk_16149231235676103872.dir
[34] = C:\IAR\iar\Debug_m7_0\Obj\sysflt_12293435975120599261.dir
[35] = C:\IAR\iar\Debug_m7_0\Obj\sysint_7435970359207984181.dir
[36] = C:\IAR\iar\Debug_m7_0\Obj\syslib_16330585751512546975.dir
[37] = C:\IAR\iar\Debug_m7_0\Obj\syspm_10887939769544754770.dir
[38] = C:\IAR\iar\Debug_m7_0\Obj\sysreghc_17676636058511625587.dir
[39] = C:\IAR\iar\Debug_m7_0\Obj\sysreset_14586141425677365288.dir
[40] = C:\IAR\iar\Debug_m7_0\Obj\sysrtc_10747768817563771611.dir
[41] = C:\IAR\iar\Debug_m7_0\Obj\systick_16016591671695740695.dir
[42] = C:\IAR\iar\Debug_m7_0\Obj\syswdt_9118657615806274156.dir
[43] = C:\IAR\iar\Debug_m7_0\Obj\tcpwm_422923530147891246.dir
[44] = C:\IAR\iar\Debug_m7_0\Obj\trigmux_9729677290734583340.dir
[45] = C:\IAR\iar\Debug_m7_0\Obj\user_8514941877209965082.dir
[46] = C:\IAR\iar\Debug_m7_0\Obj\zf_common_1201165462030747823.dir
[47] = C:\IAR\iar\Debug_m7_0\Obj\zf_components_14936052685886095442.dir
[48] = C:\IAR\iar\Debug_m7_0\Obj\zf_device_6570275422786408770.dir
[49] = C:\IAR\iar\Debug_m7_0\Obj\zf_driver_11922370083829174090.dir
[50] = dl7M_tln.a
[51] = m7M_tlv.a
[52] = rt7M_tl.a
[53] = shb_l.a
[54] = zf_device_config.a

  39'116 bytes of readonly  code memory
  72'758 bytes of readonly  data memory
  14'094 bytes of readwrite data memory

Errors: none
Warnings: none
