###############################################################################
#
# IAR ELF Linker V9.40.1.364/W64 for ARM                  11/Jul/2024  10:59:46
# Copyright 2007-2023 IAR Systems AB.
#
#    Output file  =
#        C:\Users\zf\Desktop\19sMART\CYT4BB7_Library-master\CYT4BB7_Library-master\Seekfree_CYT4BB_Opensource_Library\project\iar\Debug_m7_0\Exe\cyt4bb7_cm_7_0.out
#    Map file     =
#        C:\Users\zf\Desktop\19sMART\CYT4BB7_Library-master\CYT4BB7_Library-master\Seekfree_CYT4BB_Opensource_Library\project\iar\Debug_m7_0\List\cyt4bb7_cm_7_0.map
#    Command line =
#        -f
#        C:\Users\zf\Desktop\19sMART\CYT4BB7_Library-master\CYT4BB7_Library-master\Seekfree_CYT4BB_Opensource_Library\project\iar\Debug_m7_0\Exe\cyt4bb7_cm_7_0.out.rsp
#        (C:\Users\zf\Desktop\19sMART\CYT4BB7_Library-master\CYT4BB7_Library-master\Seekfree_CYT4BB_Opensource_Library\project\iar\Debug_m7_0\Obj\code_17896468042025673432.dir\Algorithm.o
#        C:\Users\zf\Desktop\19sMART\CYT4BB7_Library-master\CYT4BB7_Library-master\Seekfree_CYT4BB_Opensource_Library\project\iar\Debug_m7_0\Obj\user_8514941877209965082.dir\cm7_0_isr.o
#        C:\Users\zf\Desktop\19sMART\CYT4BB7_Library-master\CYT4BB7_Library-master\Seekfree_CYT4BB_Opensource_Library\project\iar\Debug_m7_0\Obj\code_17896468042025673432.dir\Common_Peripherals.o
#        C:\Users\zf\Desktop\19sMART\CYT4BB7_Library-master\CYT4BB7_Library-master\Seekfree_CYT4BB_Opensource_Library\project\iar\Debug_m7_0\Obj\adc_11722776235721520015.dir\cy_adc.o
#        C:\Users\zf\Desktop\19sMART\CYT4BB7_Library-master\CYT4BB7_Library-master\Seekfree_CYT4BB_Opensource_Library\project\iar\Debug_m7_0\Obj\button_4990804375159372270.dir\cy_button.o
#        C:\Users\zf\Desktop\19sMART\CYT4BB7_Library-master\CYT4BB7_Library-master\Seekfree_CYT4BB_Opensource_Library\project\iar\Debug_m7_0\Obj\canfd_1800690984773873875.dir\cy_canfd.o
#        C:\Users\zf\Desktop\19sMART\CYT4BB7_Library-master\CYT4BB7_Library-master\Seekfree_CYT4BB_Opensource_Library\project\iar\Debug_m7_0\Obj\cpu_15938736945165268644.dir\cy_cpu.o
#        C:\Users\zf\Desktop\19sMART\CYT4BB7_Library-master\CYT4BB7_Library-master\Seekfree_CYT4BB_Opensource_Library\project\iar\Debug_m7_0\Obj\crypto_1190170608956581615.dir\cy_crypto_config.o
#        C:\Users\zf\Desktop\19sMART\CYT4BB7_Library-master\CYT4BB7_Library-master\Seekfree_CYT4BB_Opensource_Library\project\iar\Debug_m7_0\Obj\eth_phy_18133017486186456677.dir\cy_dp83867.o
#        C:\Users\zf\Desktop\19sMART\CYT4BB7_Library-master\CYT4BB7_Library-master\Seekfree_CYT4BB_Opensource_Library\project\iar\Debug_m7_0\Obj\ethernet_6029839089178797009.dir\cy_ethif.o
#        C:\Users\zf\Desktop\19sMART\CYT4BB7_Library-master\CYT4BB7_Library-master\Seekfree_CYT4BB_Opensource_Library\project\iar\Debug_m7_0\Obj\evtgen_3404189088603873129.dir\cy_evtgen.o
#        C:\Users\zf\Desktop\19sMART\CYT4BB7_Library-master\CYT4BB7_Library-master\Seekfree_CYT4BB_Opensource_Library\project\iar\Debug_m7_0\Obj\flash_8529866181315662935.dir\cy_flash.o
#        C:\Users\zf\Desktop\19sMART\CYT4BB7_Library-master\CYT4BB7_Library-master\Seekfree_CYT4BB_Opensource_Library\project\iar\Debug_m7_0\Obj\gpio_3999404635324069351.dir\cy_gpio.o
#        C:\Users\zf\Desktop\19sMART\CYT4BB7_Library-master\CYT4BB7_Library-master\Seekfree_CYT4BB_Opensource_Library\project\iar\Debug_m7_0\Obj\audioss_1346650047966882938.dir\cy_i2s.o
#        C:\Users\zf\Desktop\19sMART\CYT4BB7_Library-master\CYT4BB7_Library-master\Seekfree_CYT4BB_Opensource_Library\project\iar\Debug_m7_0\Obj\rev_b_6162237342861132223.dir\cy_interrupt_map.o
#        C:\Users\zf\Desktop\19sMART\CYT4BB7_Library-master\CYT4BB7_Library-master\Seekfree_CYT4BB_Opensource_Library\project\iar\Debug_m7_0\Obj\ipc_10145506163450686023.dir\cy_ipc_drv.o
#        C:\Users\zf\Desktop\19sMART\CYT4BB7_Library-master\CYT4BB7_Library-master\Seekfree_CYT4BB_Opensource_Library\project\iar\Debug_m7_0\Obj\ipc_10145506163450686023.dir\cy_ipc_pipe.o
#        C:\Users\zf\Desktop\19sMART\CYT4BB7_Library-master\CYT4BB7_Library-master\Seekfree_CYT4BB_Opensource_Library\project\iar\Debug_m7_0\Obj\ipc_10145506163450686023.dir\cy_ipc_sema.o
#        C:\Users\zf\Desktop\19sMART\CYT4BB7_Library-master\CYT4BB7_Library-master\Seekfree_CYT4BB_Opensource_Library\project\iar\Debug_m7_0\Obj\lin_18429031207028094880.dir\cy_lin.o
#        C:\Users\zf\Desktop\19sMART\CYT4BB7_Library-master\CYT4BB7_Library-master\Seekfree_CYT4BB_Opensource_Library\project\iar\Debug_m7_0\Obj\lvd_6353935867039560245.dir\cy_lvd.o
#        C:\Users\zf\Desktop\19sMART\CYT4BB7_Library-master\CYT4BB7_Library-master\Seekfree_CYT4BB_Opensource_Library\project\iar\Debug_m7_0\Obj\mcwdt_4052485907822033969.dir\cy_mcwdt.o
#        C:\Users\zf\Desktop\19sMART\CYT4BB7_Library-master\CYT4BB7_Library-master\Seekfree_CYT4BB_Opensource_Library\project\iar\Debug_m7_0\Obj\dma_12106025507578611576.dir\cy_mdma.o
#        C:\Users\zf\Desktop\19sMART\CYT4BB7_Library-master\CYT4BB7_Library-master\Seekfree_CYT4BB_Opensource_Library\project\iar\Debug_m7_0\Obj\mpu_5663187252346826382.dir\cy_mpu.o
#        C:\Users\zf\Desktop\19sMART\CYT4BB7_Library-master\CYT4BB7_Library-master\Seekfree_CYT4BB_Opensource_Library\project\iar\Debug_m7_0\Obj\flash_864493325053435817.dir\cy_mw_flash.o
#        C:\Users\zf\Desktop\19sMART\CYT4BB7_Library-master\CYT4BB7_Library-master\Seekfree_CYT4BB_Opensource_Library\project\iar\Debug_m7_0\Obj\dma_12106025507578611576.dir\cy_pdma.o
#        C:\Users\zf\Desktop\19sMART\CYT4BB7_Library-master\CYT4BB7_Library-master\Seekfree_CYT4BB_Opensource_Library\project\iar\Debug_m7_0\Obj\power_14453085144426420577.dir\cy_power.o
#        C:\Users\zf\Desktop\19sMART\CYT4BB7_Library-master\CYT4BB7_Library-master\Seekfree_CYT4BB_Opensource_Library\project\iar\Debug_m7_0\Obj\prot_10722960861768657883.dir\cy_prot.o
#        C:\Users\zf\Desktop\19sMART\CYT4BB7_Library-master\CYT4BB7_Library-master\Seekfree_CYT4BB_Opensource_Library\project\iar\Debug_m7_0\Obj\scb_15490842639181808494.dir\cy_scb_common.o
#        C:\Users\zf\Desktop\19sMART\CYT4BB7_Library-master\CYT4BB7_Library-master\Seekfree_CYT4BB_Opensource_Library\project\iar\Debug_m7_0\Obj\scb_15490842639181808494.dir\cy_scb_ezi2c.o
#        C:\Users\zf\Desktop\19sMART\CYT4BB7_Library-master\CYT4BB7_Library-master\Seekfree_CYT4BB_Opensource_Library\project\iar\Debug_m7_0\Obj\scb_15490842639181808494.dir\cy_scb_i2c.o
#        C:\Users\zf\Desktop\19sMART\CYT4BB7_Library-master\CYT4BB7_Library-master\Seekfree_CYT4BB_Opensource_Library\project\iar\Debug_m7_0\Obj\scb_15490842639181808494.dir\cy_scb_spi.o
#        C:\Users\zf\Desktop\19sMART\CYT4BB7_Library-master\CYT4BB7_Library-master\Seekfree_CYT4BB_Opensource_Library\project\iar\Debug_m7_0\Obj\scb_15490842639181808494.dir\cy_scb_uart.o
#        C:\Users\zf\Desktop\19sMART\CYT4BB7_Library-master\CYT4BB7_Library-master\Seekfree_CYT4BB_Opensource_Library\project\iar\Debug_m7_0\Obj\sd_host_2982766354293506895.dir\cy_sd_host.o
#        C:\Users\zf\Desktop\19sMART\CYT4BB7_Library-master\CYT4BB7_Library-master\Seekfree_CYT4BB_Opensource_Library\project\iar\Debug_m7_0\Obj\semihosting_143864889731838620.dir\cy_semihosting.o
#        C:\Users\zf\Desktop\19sMART\CYT4BB7_Library-master\CYT4BB7_Library-master\Seekfree_CYT4BB_Opensource_Library\project\iar\Debug_m7_0\Obj\smartio_5451710003740070188.dir\cy_smartio.o
#        C:\Users\zf\Desktop\19sMART\CYT4BB7_Library-master\CYT4BB7_Library-master\Seekfree_CYT4BB_Opensource_Library\project\iar\Debug_m7_0\Obj\smif_427648126384146252.dir\cy_smif.o
#        C:\Users\zf\Desktop\19sMART\CYT4BB7_Library-master\CYT4BB7_Library-master\Seekfree_CYT4BB_Opensource_Library\project\iar\Debug_m7_0\Obj\smif_mem_6470536964353725183.dir\cy_smif_device_common.o
#        C:\Users\zf\Desktop\19sMART\CYT4BB7_Library-master\CYT4BB7_Library-master\Seekfree_CYT4BB_Opensource_Library\project\iar\Debug_m7_0\Obj\smif_mem_6470536964353725183.dir\cy_smif_hb_flash.o
#        C:\Users\zf\Desktop\19sMART\CYT4BB7_Library-master\CYT4BB7_Library-master\Seekfree_CYT4BB_Opensource_Library\project\iar\Debug_m7_0\Obj\smif_427648126384146252.dir\cy_smif_memslot.o
#        C:\Users\zf\Desktop\19sMART\CYT4BB7_Library-master\CYT4BB7_Library-master\Seekfree_CYT4BB_Opensource_Library\project\iar\Debug_m7_0\Obj\smif_mem_6470536964353725183.dir\cy_smif_s25fl.o
#        C:\Users\zf\Desktop\19sMART\CYT4BB7_Library-master\CYT4BB7_Library-master\Seekfree_CYT4BB_Opensource_Library\project\iar\Debug_m7_0\Obj\smif_mem_6470536964353725183.dir\cy_smif_s25fs.o
#        C:\Users\zf\Desktop\19sMART\CYT4BB7_Library-master\CYT4BB7_Library-master\Seekfree_CYT4BB_Opensource_Library\project\iar\Debug_m7_0\Obj\smif_mem_6470536964353725183.dir\cy_smif_semp.o
#        C:\Users\zf\Desktop\19sMART\CYT4BB7_Library-master\CYT4BB7_Library-master\Seekfree_CYT4BB_Opensource_Library\project\iar\Debug_m7_0\Obj\smif_427648126384146252.dir\cy_smif_ver_specific.o
#        C:\Users\zf\Desktop\19sMART\CYT4BB7_Library-master\CYT4BB7_Library-master\Seekfree_CYT4BB_Opensource_Library\project\iar\Debug_m7_0\Obj\srom_13018798572330080582.dir\cy_srom.o
#        C:\Users\zf\Desktop\19sMART\CYT4BB7_Library-master\CYT4BB7_Library-master\Seekfree_CYT4BB_Opensource_Library\project\iar\Debug_m7_0\Obj\sw_timer_4215635015939382130.dir\cy_sw_tmr.o
#        C:\Users\zf\Desktop\19sMART\CYT4BB7_Library-master\CYT4BB7_Library-master\Seekfree_CYT4BB_Opensource_Library\project\iar\Debug_m7_0\Obj\sysclk_16149231235676103872.dir\cy_sysclk.o
#        C:\Users\zf\Desktop\19sMART\CYT4BB7_Library-master\CYT4BB7_Library-master\Seekfree_CYT4BB_Opensource_Library\project\iar\Debug_m7_0\Obj\sysflt_12293435975120599261.dir\cy_sysflt.o
#        C:\Users\zf\Desktop\19sMART\CYT4BB7_Library-master\CYT4BB7_Library-master\Seekfree_CYT4BB_Opensource_Library\project\iar\Debug_m7_0\Obj\sysint_7435970359207984181.dir\cy_sysint.o
#        C:\Users\zf\Desktop\19sMART\CYT4BB7_Library-master\CYT4BB7_Library-master\Seekfree_CYT4BB_Opensource_Library\project\iar\Debug_m7_0\Obj\syslib_16330585751512546975.dir\cy_syslib.o
#        C:\Users\zf\Desktop\19sMART\CYT4BB7_Library-master\CYT4BB7_Library-master\Seekfree_CYT4BB_Opensource_Library\project\iar\Debug_m7_0\Obj\syslib_16330585751512546975.dir\cy_syslib_iar.o
#        C:\Users\zf\Desktop\19sMART\CYT4BB7_Library-master\CYT4BB7_Library-master\Seekfree_CYT4BB_Opensource_Library\project\iar\Debug_m7_0\Obj\syspm_10887939769544754770.dir\cy_syspm.o
#        C:\Users\zf\Desktop\19sMART\CYT4BB7_Library-master\CYT4BB7_Library-master\Seekfree_CYT4BB_Opensource_Library\project\iar\Debug_m7_0\Obj\sysreghc_17676636058511625587.dir\cy_sysreghc.o
#        C:\Users\zf\Desktop\19sMART\CYT4BB7_Library-master\CYT4BB7_Library-master\Seekfree_CYT4BB_Opensource_Library\project\iar\Debug_m7_0\Obj\sysreset_14586141425677365288.dir\cy_sysreset.o
#        C:\Users\zf\Desktop\19sMART\CYT4BB7_Library-master\CYT4BB7_Library-master\Seekfree_CYT4BB_Opensource_Library\project\iar\Debug_m7_0\Obj\sysrtc_10747768817563771611.dir\cy_sysrtc.o
#        C:\Users\zf\Desktop\19sMART\CYT4BB7_Library-master\CYT4BB7_Library-master\Seekfree_CYT4BB_Opensource_Library\project\iar\Debug_m7_0\Obj\systick_16016591671695740695.dir\cy_systick.o
#        C:\Users\zf\Desktop\19sMART\CYT4BB7_Library-master\CYT4BB7_Library-master\Seekfree_CYT4BB_Opensource_Library\project\iar\Debug_m7_0\Obj\syswdt_9118657615806274156.dir\cy_syswdt.o
#        C:\Users\zf\Desktop\19sMART\CYT4BB7_Library-master\CYT4BB7_Library-master\Seekfree_CYT4BB_Opensource_Library\project\iar\Debug_m7_0\Obj\tcpwm_422923530147891246.dir\cy_tcpwm.o
#        C:\Users\zf\Desktop\19sMART\CYT4BB7_Library-master\CYT4BB7_Library-master\Seekfree_CYT4BB_Opensource_Library\project\iar\Debug_m7_0\Obj\tcpwm_422923530147891246.dir\cy_tcpwm_counter.o
#        C:\Users\zf\Desktop\19sMART\CYT4BB7_Library-master\CYT4BB7_Library-master\Seekfree_CYT4BB_Opensource_Library\project\iar\Debug_m7_0\Obj\tcpwm_422923530147891246.dir\cy_tcpwm_pwm.o
#        C:\Users\zf\Desktop\19sMART\CYT4BB7_Library-master\CYT4BB7_Library-master\Seekfree_CYT4BB_Opensource_Library\project\iar\Debug_m7_0\Obj\tcpwm_422923530147891246.dir\cy_tcpwm_quaddec.o
#        C:\Users\zf\Desktop\19sMART\CYT4BB7_Library-master\CYT4BB7_Library-master\Seekfree_CYT4BB_Opensource_Library\project\iar\Debug_m7_0\Obj\tcpwm_422923530147891246.dir\cy_tcpwm_sr.o
#        C:\Users\zf\Desktop\19sMART\CYT4BB7_Library-master\CYT4BB7_Library-master\Seekfree_CYT4BB_Opensource_Library\project\iar\Debug_m7_0\Obj\trigmux_9729677290734583340.dir\cy_trigmux.o
#        C:\Users\zf\Desktop\19sMART\CYT4BB7_Library-master\CYT4BB7_Library-master\Seekfree_CYT4BB_Opensource_Library\project\iar\Debug_m7_0\Obj\ethernet_6029839089178797009.dir\edd.o
#        C:\Users\zf\Desktop\19sMART\CYT4BB7_Library-master\CYT4BB7_Library-master\Seekfree_CYT4BB_Opensource_Library\project\iar\Debug_m7_0\Obj\ethernet_6029839089178797009.dir\edd_rx.o
#        C:\Users\zf\Desktop\19sMART\CYT4BB7_Library-master\CYT4BB7_Library-master\Seekfree_CYT4BB_Opensource_Library\project\iar\Debug_m7_0\Obj\ethernet_6029839089178797009.dir\edd_tx.o
#        C:\Users\zf\Desktop\19sMART\CYT4BB7_Library-master\CYT4BB7_Library-master\Seekfree_CYT4BB_Opensource_Library\project\iar\Debug_m7_0\Obj\code_17896468042025673432.dir\GL_CRC.o
#        C:\Users\zf\Desktop\19sMART\CYT4BB7_Library-master\CYT4BB7_Library-master\Seekfree_CYT4BB_Opensource_Library\project\iar\Debug_m7_0\Obj\code_17896468042025673432.dir\GL_Math.o
#        C:\Users\zf\Desktop\19sMART\CYT4BB7_Library-master\CYT4BB7_Library-master\Seekfree_CYT4BB_Opensource_Library\project\iar\Debug_m7_0\Obj\code_17896468042025673432.dir\GPS.o
#        C:\Users\zf\Desktop\19sMART\CYT4BB7_Library-master\CYT4BB7_Library-master\Seekfree_CYT4BB_Opensource_Library\project\iar\Debug_m7_0\Obj\code_17896468042025673432.dir\IMU.o
#        C:\Users\zf\Desktop\19sMART\CYT4BB7_Library-master\CYT4BB7_Library-master\Seekfree_CYT4BB_Opensource_Library\project\iar\Debug_m7_0\Obj\user_8514941877209965082.dir\main_cm7_0.o
#        C:\Users\zf\Desktop\19sMART\CYT4BB7_Library-master\CYT4BB7_Library-master\Seekfree_CYT4BB_Opensource_Library\project\iar\Debug_m7_0\Obj\code_17896468042025673432.dir\Math_self.o
#        C:\Users\zf\Desktop\19sMART\CYT4BB7_Library-master\CYT4BB7_Library-master\Seekfree_CYT4BB_Opensource_Library\project\iar\Debug_m7_0\Obj\code_17896468042025673432.dir\Menu.o
#        C:\Users\zf\Desktop\19sMART\CYT4BB7_Library-master\CYT4BB7_Library-master\Seekfree_CYT4BB_Opensource_Library\project\iar\Debug_m7_0\Obj\code_17896468042025673432.dir\mic.o
#        C:\Users\zf\Desktop\19sMART\CYT4BB7_Library-master\CYT4BB7_Library-master\Seekfree_CYT4BB_Opensource_Library\project\iar\Debug_m7_0\Obj\code_17896468042025673432.dir\mic_calculate.o
#        C:\Users\zf\Desktop\19sMART\CYT4BB7_Library-master\CYT4BB7_Library-master\Seekfree_CYT4BB_Opensource_Library\project\iar\Debug_m7_0\Obj\code_17896468042025673432.dir\Position_Calculation.o
#        C:\Users\zf\Desktop\19sMART\CYT4BB7_Library-master\CYT4BB7_Library-master\Seekfree_CYT4BB_Opensource_Library\project\iar\Debug_m7_0\Obj\zf_components_14936052685886095442.dir\seekfree_assistant.o
#        C:\Users\zf\Desktop\19sMART\CYT4BB7_Library-master\CYT4BB7_Library-master\Seekfree_CYT4BB_Opensource_Library\project\iar\Debug_m7_0\Obj\zf_components_14936052685886095442.dir\seekfree_assistant_interface.o
#        C:\Users\zf\Desktop\19sMART\CYT4BB7_Library-master\CYT4BB7_Library-master\Seekfree_CYT4BB_Opensource_Library\project\iar\Debug_m7_0\Obj\startup_479057977785470282.dir\startup.o
#        C:\Users\zf\Desktop\19sMART\CYT4BB7_Library-master\CYT4BB7_Library-master\Seekfree_CYT4BB_Opensource_Library\project\iar\Debug_m7_0\Obj\startup_479057977785470282.dir\startup_cm7.o
#        C:\Users\zf\Desktop\19sMART\CYT4BB7_Library-master\CYT4BB7_Library-master\Seekfree_CYT4BB_Opensource_Library\project\iar\Debug_m7_0\Obj\rev_b_4986922561640112550.dir\system_tviibh4m_cm7.o
#        C:\Users\zf\Desktop\19sMART\CYT4BB7_Library-master\CYT4BB7_Library-master\Seekfree_CYT4BB_Opensource_Library\project\iar\Debug_m7_0\Obj\zf_common_1201165462030747823.dir\zf_common_clock.o
#        C:\Users\zf\Desktop\19sMART\CYT4BB7_Library-master\CYT4BB7_Library-master\Seekfree_CYT4BB_Opensource_Library\project\iar\Debug_m7_0\Obj\zf_common_1201165462030747823.dir\zf_common_debug.o
#        C:\Users\zf\Desktop\19sMART\CYT4BB7_Library-master\CYT4BB7_Library-master\Seekfree_CYT4BB_Opensource_Library\project\iar\Debug_m7_0\Obj\zf_common_1201165462030747823.dir\zf_common_fifo.o
#        C:\Users\zf\Desktop\19sMART\CYT4BB7_Library-master\CYT4BB7_Library-master\Seekfree_CYT4BB_Opensource_Library\project\iar\Debug_m7_0\Obj\zf_common_1201165462030747823.dir\zf_common_font.o
#        C:\Users\zf\Desktop\19sMART\CYT4BB7_Library-master\CYT4BB7_Library-master\Seekfree_CYT4BB_Opensource_Library\project\iar\Debug_m7_0\Obj\zf_common_1201165462030747823.dir\zf_common_function.o
#        C:\Users\zf\Desktop\19sMART\CYT4BB7_Library-master\CYT4BB7_Library-master\Seekfree_CYT4BB_Opensource_Library\project\iar\Debug_m7_0\Obj\zf_common_1201165462030747823.dir\zf_common_interrupt.o
#        C:\Users\zf\Desktop\19sMART\CYT4BB7_Library-master\CYT4BB7_Library-master\Seekfree_CYT4BB_Opensource_Library\project\iar\Debug_m7_0\Obj\zf_device_6570275422786408770.dir\zf_device_absolute_encoder.o
#        C:\Users\zf\Desktop\19sMART\CYT4BB7_Library-master\CYT4BB7_Library-master\Seekfree_CYT4BB_Opensource_Library\project\iar\Debug_m7_0\Obj\zf_device_6570275422786408770.dir\zf_device_bluetooth_ch9141.o
#        C:\Users\zf\Desktop\19sMART\CYT4BB7_Library-master\CYT4BB7_Library-master\Seekfree_CYT4BB_Opensource_Library\project\iar\Debug_m7_0\Obj\zf_device_6570275422786408770.dir\zf_device_dl1a.o
#        C:\Users\zf\Desktop\19sMART\CYT4BB7_Library-master\CYT4BB7_Library-master\Seekfree_CYT4BB_Opensource_Library\project\iar\Debug_m7_0\Obj\zf_device_6570275422786408770.dir\zf_device_dl1b.o
#        C:\Users\zf\Desktop\19sMART\CYT4BB7_Library-master\CYT4BB7_Library-master\Seekfree_CYT4BB_Opensource_Library\project\iar\Debug_m7_0\Obj\zf_device_6570275422786408770.dir\zf_device_gnss.o
#        C:\Users\zf\Desktop\19sMART\CYT4BB7_Library-master\CYT4BB7_Library-master\Seekfree_CYT4BB_Opensource_Library\project\iar\Debug_m7_0\Obj\zf_device_6570275422786408770.dir\zf_device_icm20602.o
#        C:\Users\zf\Desktop\19sMART\CYT4BB7_Library-master\CYT4BB7_Library-master\Seekfree_CYT4BB_Opensource_Library\project\iar\Debug_m7_0\Obj\zf_device_6570275422786408770.dir\zf_device_imu660ra.o
#        C:\Users\zf\Desktop\19sMART\CYT4BB7_Library-master\CYT4BB7_Library-master\Seekfree_CYT4BB_Opensource_Library\project\iar\Debug_m7_0\Obj\zf_device_6570275422786408770.dir\zf_device_imu963ra.o
#        C:\Users\zf\Desktop\19sMART\CYT4BB7_Library-master\CYT4BB7_Library-master\Seekfree_CYT4BB_Opensource_Library\project\iar\Debug_m7_0\Obj\zf_device_6570275422786408770.dir\zf_device_ips114.o
#        C:\Users\zf\Desktop\19sMART\CYT4BB7_Library-master\CYT4BB7_Library-master\Seekfree_CYT4BB_Opensource_Library\project\iar\Debug_m7_0\Obj\zf_device_6570275422786408770.dir\zf_device_ips200.o
#        C:\Users\zf\Desktop\19sMART\CYT4BB7_Library-master\CYT4BB7_Library-master\Seekfree_CYT4BB_Opensource_Library\project\iar\Debug_m7_0\Obj\zf_device_6570275422786408770.dir\zf_device_key.o
#        C:\Users\zf\Desktop\19sMART\CYT4BB7_Library-master\CYT4BB7_Library-master\Seekfree_CYT4BB_Opensource_Library\project\iar\Debug_m7_0\Obj\zf_device_6570275422786408770.dir\zf_device_mpu6050.o
#        C:\Users\zf\Desktop\19sMART\CYT4BB7_Library-master\CYT4BB7_Library-master\Seekfree_CYT4BB_Opensource_Library\project\iar\Debug_m7_0\Obj\zf_device_6570275422786408770.dir\zf_device_oled.o
#        C:\Users\zf\Desktop\19sMART\CYT4BB7_Library-master\CYT4BB7_Library-master\Seekfree_CYT4BB_Opensource_Library\project\iar\Debug_m7_0\Obj\zf_device_6570275422786408770.dir\zf_device_tft180.o
#        C:\Users\zf\Desktop\19sMART\CYT4BB7_Library-master\CYT4BB7_Library-master\Seekfree_CYT4BB_Opensource_Library\project\iar\Debug_m7_0\Obj\zf_device_6570275422786408770.dir\zf_device_tsl1401.o
#        C:\Users\zf\Desktop\19sMART\CYT4BB7_Library-master\CYT4BB7_Library-master\Seekfree_CYT4BB_Opensource_Library\project\iar\Debug_m7_0\Obj\zf_device_6570275422786408770.dir\zf_device_type.o
#        C:\Users\zf\Desktop\19sMART\CYT4BB7_Library-master\CYT4BB7_Library-master\Seekfree_CYT4BB_Opensource_Library\project\iar\Debug_m7_0\Obj\zf_device_6570275422786408770.dir\zf_device_uart_receiver.o
#        C:\Users\zf\Desktop\19sMART\CYT4BB7_Library-master\CYT4BB7_Library-master\Seekfree_CYT4BB_Opensource_Library\project\iar\Debug_m7_0\Obj\zf_device_6570275422786408770.dir\zf_device_virtual_oscilloscope.o
#        C:\Users\zf\Desktop\19sMART\CYT4BB7_Library-master\CYT4BB7_Library-master\Seekfree_CYT4BB_Opensource_Library\project\iar\Debug_m7_0\Obj\zf_device_6570275422786408770.dir\zf_device_wifi_spi.o
#        C:\Users\zf\Desktop\19sMART\CYT4BB7_Library-master\CYT4BB7_Library-master\Seekfree_CYT4BB_Opensource_Library\project\iar\Debug_m7_0\Obj\zf_device_6570275422786408770.dir\zf_device_wifi_uart.o
#        C:\Users\zf\Desktop\19sMART\CYT4BB7_Library-master\CYT4BB7_Library-master\Seekfree_CYT4BB_Opensource_Library\project\iar\Debug_m7_0\Obj\zf_device_6570275422786408770.dir\zf_device_wireless_uart.o
#        C:\Users\zf\Desktop\19sMART\CYT4BB7_Library-master\CYT4BB7_Library-master\Seekfree_CYT4BB_Opensource_Library\project\iar\Debug_m7_0\Obj\zf_driver_11922370083829174090.dir\zf_driver_adc.o
#        C:\Users\zf\Desktop\19sMART\CYT4BB7_Library-master\CYT4BB7_Library-master\Seekfree_CYT4BB_Opensource_Library\project\iar\Debug_m7_0\Obj\zf_driver_11922370083829174090.dir\zf_driver_delay.o
#        C:\Users\zf\Desktop\19sMART\CYT4BB7_Library-master\CYT4BB7_Library-master\Seekfree_CYT4BB_Opensource_Library\project\iar\Debug_m7_0\Obj\zf_driver_11922370083829174090.dir\zf_driver_dma.o
#        C:\Users\zf\Desktop\19sMART\CYT4BB7_Library-master\CYT4BB7_Library-master\Seekfree_CYT4BB_Opensource_Library\project\iar\Debug_m7_0\Obj\zf_driver_11922370083829174090.dir\zf_driver_encoder.o
#        C:\Users\zf\Desktop\19sMART\CYT4BB7_Library-master\CYT4BB7_Library-master\Seekfree_CYT4BB_Opensource_Library\project\iar\Debug_m7_0\Obj\zf_driver_11922370083829174090.dir\zf_driver_exti.o
#        C:\Users\zf\Desktop\19sMART\CYT4BB7_Library-master\CYT4BB7_Library-master\Seekfree_CYT4BB_Opensource_Library\project\iar\Debug_m7_0\Obj\zf_driver_11922370083829174090.dir\zf_driver_flash.o
#        C:\Users\zf\Desktop\19sMART\CYT4BB7_Library-master\CYT4BB7_Library-master\Seekfree_CYT4BB_Opensource_Library\project\iar\Debug_m7_0\Obj\zf_driver_11922370083829174090.dir\zf_driver_gpio.o
#        C:\Users\zf\Desktop\19sMART\CYT4BB7_Library-master\CYT4BB7_Library-master\Seekfree_CYT4BB_Opensource_Library\project\iar\Debug_m7_0\Obj\zf_driver_11922370083829174090.dir\zf_driver_ipc.o
#        C:\Users\zf\Desktop\19sMART\CYT4BB7_Library-master\CYT4BB7_Library-master\Seekfree_CYT4BB_Opensource_Library\project\iar\Debug_m7_0\Obj\zf_driver_11922370083829174090.dir\zf_driver_pit.o
#        C:\Users\zf\Desktop\19sMART\CYT4BB7_Library-master\CYT4BB7_Library-master\Seekfree_CYT4BB_Opensource_Library\project\iar\Debug_m7_0\Obj\zf_driver_11922370083829174090.dir\zf_driver_pwm.o
#        C:\Users\zf\Desktop\19sMART\CYT4BB7_Library-master\CYT4BB7_Library-master\Seekfree_CYT4BB_Opensource_Library\project\iar\Debug_m7_0\Obj\zf_driver_11922370083829174090.dir\zf_driver_soft_iic.o
#        C:\Users\zf\Desktop\19sMART\CYT4BB7_Library-master\CYT4BB7_Library-master\Seekfree_CYT4BB_Opensource_Library\project\iar\Debug_m7_0\Obj\zf_driver_11922370083829174090.dir\zf_driver_soft_spi.o
#        C:\Users\zf\Desktop\19sMART\CYT4BB7_Library-master\CYT4BB7_Library-master\Seekfree_CYT4BB_Opensource_Library\project\iar\Debug_m7_0\Obj\zf_driver_11922370083829174090.dir\zf_driver_spi.o
#        C:\Users\zf\Desktop\19sMART\CYT4BB7_Library-master\CYT4BB7_Library-master\Seekfree_CYT4BB_Opensource_Library\project\iar\Debug_m7_0\Obj\zf_driver_11922370083829174090.dir\zf_driver_timer.o
#        C:\Users\zf\Desktop\19sMART\CYT4BB7_Library-master\CYT4BB7_Library-master\Seekfree_CYT4BB_Opensource_Library\project\iar\Debug_m7_0\Obj\zf_driver_11922370083829174090.dir\zf_driver_uart.o
#        --no_out_extension -o
#        C:\Users\zf\Desktop\19sMART\CYT4BB7_Library-master\CYT4BB7_Library-master\Seekfree_CYT4BB_Opensource_Library\project\iar\Debug_m7_0\Exe\cyt4bb7_cm_7_0.out
#        --config_def _CORE_cm7_0_=0 --config_def _LINK_flash_=0 --map
#        C:\Users\zf\Desktop\19sMART\CYT4BB7_Library-master\CYT4BB7_Library-master\Seekfree_CYT4BB_Opensource_Library\project\iar\Debug_m7_0\List\cyt4bb7_cm_7_0.map
#        --config
#        C:\Users\zf\Desktop\19sMART\CYT4BB7_Library-master\CYT4BB7_Library-master\Seekfree_CYT4BB_Opensource_Library\project\iar\project_config\..\icf\linker_directives_tviibh.icf
#        --semihosting
#        C:\Users\zf\Desktop\19sMART\CYT4BB7_Library-master\CYT4BB7_Library-master\Seekfree_CYT4BB_Opensource_Library\project\iar\project_config\..\..\..\libraries\sdk\tviibh4m\src\drivers\crypto\libs\libcrypto_server_cm0plus_iar.a
#        C:\Users\zf\Desktop\19sMART\CYT4BB7_Library-master\CYT4BB7_Library-master\Seekfree_CYT4BB_Opensource_Library\project\iar\project_config\..\..\..\libraries\zf_device\zf_device_config.a
#        C:\Users\zf\Desktop\19sMART\CYT4BB7_Library-master\CYT4BB7_Library-master\Seekfree_CYT4BB_Opensource_Library\project\iar\project_config\..\..\..\libraries\sdk\common\hdr\cmsis\dsp\iar_cortexM7lf_math.a
#        --entry __iar_program_start --vfe --text_out locale --cpu=Cortex-M7
#        --fpu=VFPv5_d16) --dependencies=n
#        C:\Users\zf\Desktop\19sMART\CYT4BB7_Library-master\CYT4BB7_Library-master\Seekfree_CYT4BB_Opensource_Library\project\iar\Debug_m7_0\Exe\cyt4bb7_cm_7_0.out.iar_deps
#
###############################################################################

*******************************************************************************
*** RUNTIME MODEL ATTRIBUTES
***

CppFlavor       = *
__CPP_Runtime   = 1
__SystemLibrary = DLib
__dlib_version  = 6


*******************************************************************************
*** HEAP SELECTION
***

The basic heap was selected because --advanced_heap
was not specified and the application did not appear to
be primarily optimized for speed.


*******************************************************************************
*** PLACEMENT SUMMARY
***

"A0":  place at start of [from 0x1008'0000 to 0x1027'ffff] { section .intvec };
"P1":  place in [from 0x1008'0000 to 0x1027'ffff] { ro };
"P2":  place in [from 0x2802'0000 to 0x2807'ffff] { rw };
define block HEAP with size = 1K, alignment = 8 { };
define block CSTACK with size = 8K, alignment = 8 { };
define block HEAP_STACK { block HEAP, last block CSTACK };
"A1":  place at end of [from 0x2802'0000 to 0x2807'ffff] { block HEAP_STACK };
do not initialize { section .intvec_ram };
initialize by copy { rw };

No sections matched the following patterns:

  ro section .sflash_app_prot  in "P6"
  ro section .sflash_nar       in "P4"
  ro section .sflash_pkey      in "P5"
  ro section .sflash_toc2      in "P7"
  ro section .sflash_uf_rows   in "P3"
  ro section .work_flash       in "P8"


  Section            Kind         Address      Size  Object
  -------            ----         -------      ----  ------
"A0":                                          0x80
  .intvec            ro code  0x1008'0000      0x80  startup_cm7.o [31]
                            - 0x1008'0080      0x80

"P1":                                      0x2'621b
  .rodata            const    0x1008'0080    0x8000  arm_common_tables.o [51]
  .rodata            const    0x1008'8080    0x4000  arm_common_tables.o [51]
  .rodata            const    0x1008'c080    0x2000  arm_common_tables.o [51]
  .rodata            const    0x1008'e080    0x1f80  arm_common_tables.o [51]
  .rodata            const    0x1009'0000    0x1dc0  arm_common_tables.o [51]
  .rodata            const    0x1009'1dc0    0x1000  arm_common_tables.o [51]
  .text              ro code  0x1009'2dc0     0xe18  zf_driver_pwm.o [49]
  .text              ro code  0x1009'3bd8     0x448  zf_common_debug.o [46]
  .text              ro code  0x1009'4020      0x66  ABImemset.o [53]
  .text              ro code  0x1009'4086      0x7e  lz77_init_single.o [53]
  .text              ro code  0x1009'4104     0x194  cy_gpio.o [14]
  .text              ro code  0x1009'4298     0x20a  cy_tcpwm_pwm.o [43]
  .text              ro code  0x1009'44a2      0x18  cy_tcpwm.o [43]
  .text              ro code  0x1009'44ba       0xa  xsprout.o [50]
  .text              ro code  0x1009'44c4     0x828  zf_driver_uart.o [49]
  .text              ro code  0x1009'4cec      0x36  strlen.o [53]
  .text              ro code  0x1009'4d24      0x40  sprintf.o [50]
  .text              ro code  0x1009'4d64     0x610  zf_common_fifo.o [46]
  .text              ro code  0x1009'5374      0xe2  zf_common_interrupt.o [46]
  .text              ro code  0x1009'5458       0x6  ABImemclr4.o [53]
  .text              ro code  0x1009'5460     0x230  I64DivMod.o [53]
  .text              ro code  0x1009'5690     0x314  cy_scb_uart.o [24]
  .text              ro code  0x1009'59a4     0xd12  xprintflarge_nomb.o [50]
  .text              ro code  0x1009'66b8      0xa6  ABImemcpy.o [53]
  .text              ro code  0x1009'6760      0xac  cy_sysint.o [35]
  .text              ro code  0x1009'680c      0x32  ABImemset48.o [53]
  .text              ro code  0x1009'6840       0x2  I64DivZer.o [53]
  .text              ro code  0x1009'6844      0x16  strchr.o [53]
  .text              ro code  0x1009'685c      0x40  xfail_s.o [50]
  .text              ro code  0x1009'689c      0x58  memchr.o [53]
  .text              ro code  0x1009'68f4      0x70  frexp.o [52]
  .text              ro code  0x1009'6964      0x12  DblDiv.o [52]
  .text              ro code  0x1009'6976       0xe  DblToU32.o [52]
  .text              ro code  0x1009'6984       0xe  U32ToDbl.o [52]
  .text              ro code  0x1009'6992      0x12  DblSub.o [52]
  .text              ro code  0x1009'69a4      0x12  DblMul.o [52]
  .text              ro code  0x1009'69b6       0x6  abort.o [50]
  .text              ro code  0x1009'69bc      0x14  exit.o [54]
  .rodata            const    0x1009'69d0     0xe10  arm_common_tables.o [51]
  .text              ro code  0x1009'77e0     0xd5c  zf_driver_spi.o [49]
  .text              ro code  0x1009'853c     0x1f0  cy_scb_spi.o [24]
  .text              ro code  0x1009'872c     0xcc4  zf_device_ips200.o [48]
  .text              ro code  0x1009'93f0     0x434  zf_common_function.o [46]
  .text              ro code  0x1009'9824     0x110  zf_driver_gpio.o [49]
  .text              ro code  0x1009'9934     0x2d8  zf_driver_delay.o [49]
  .text              ro code  0x1009'9c0c     0x1ae  cy_tcpwm_counter.o [43]
  .text              ro code  0x1009'9dbc     0xa6c  zf_device_gnss.o [48]
  .text              ro code  0x1009'a828      0x70  strncpy.o [53]
  .text              ro code  0x1009'a898     0x2f8  cos_sin64.o [52]
  .text              ro code  0x1009'ab90      0x1e  sqrt.o [52]
  .text              ro code  0x1009'abb0      0x88  asin.o [52]
  .text              ro code  0x1009'ac38      0x7e  atan2.o [52]
  .text              ro code  0x1009'acb6      0x2a  strncmp.o [50]
  .text              ro code  0x1009'ace0     0x118  xatan.o [52]
  .text              ro code  0x1009'adf8     0x9f8  Menu.o [5]
  .text              ro code  0x1009'b7f0     0x540  Common_Peripherals.o [5]
  .text              ro code  0x1009'bd30     0x28c  zf_driver_flash.o [49]
  .text              ro code  0x1009'bfbc     0x4c4  IMU.o [5]
  .text              ro code  0x1009'c480     0x31c  GPS.o [5]
  .text              ro code  0x1009'c79c     0x554  zf_driver_adc.o [49]
  .text              ro code  0x1009'ccf0      0x44  zf_device_type.o [48]
  .text              ro code  0x1009'cd34     0x1b0  Algorithm.o [5]
  .text              ro code  0x1009'cee4     0x40c  zf_driver_encoder.o [49]
  .text              ro code  0x1009'd2f0      0x28  printf.o [50]
  .text              ro code  0x1009'd318     0x2dc  cy_mw_flash.o [13]
  .text              ro code  0x1009'd5f4     0x398  zf_device_imu963ra.o [48]
  .text              ro code  0x1009'd98c     0x398  zf_driver_pit.o [49]
  .text              ro code  0x1009'dd24     0x2d0  cy_adc.o [1]
  .text              ro code  0x1009'dff4     0x190  cy_tcpwm_quaddec.o [43]
  .text              ro code  0x1009'e184     0x2ec  cy_srom.o [30]
  .text              ro code  0x1009'e470      0xf8  cy_syslib.o [36]
  .text              ro code  0x1009'e568     0x4ac  cy_flash.o [12]
  .text              ro code  0x1009'ea14      0x60  cy_ipc_drv.o [15]
  .text              ro code  0x1009'ea74       0x2  cy_syslib.o [36]
  .text              ro code  0x1009'ea78     0x8e8  cy_sysclk.o [33]
  .rodata            const    0x1009'f360     0x808  GL_Math.o [5]
  .rodata            const    0x1009'fb68     0x800  arm_common_tables.o [51]
  .text              ro code  0x100a'0368     0x704  arm_cfft_f32.o [51]
  .text              ro code  0x100a'0a6c     0x5b0  arm_cfft_radix8_f32.o [51]
  .text              ro code  0x100a'101c      0x44  arm_bitreversal2.o [51]
  .text              ro code  0x100a'1060     0x648  Position_Calculation.o [5]
  .text              ro code  0x100a'16a8     0x504  mic_calculate.o [5]
  .text              ro code  0x100a'1bac      0xac  arm_cfft_init_f32.o [51]
  .text              ro code  0x100a'1c58     0x15e  arm_cmplx_mag_f32.o [51]
  .text              ro code  0x100a'1db8     0x158  arm_cmplx_mult_cmplx_f32.o [51]
  .text              ro code  0x100a'1f10     0x180  GL_Math.o [5]
  .rodata            const    0x100a'2090     0x5f0  zf_common_font.o [46]
  .rodata            const    0x100a'2680     0x400  arm_common_tables.o [51]
  .text              ro code  0x100a'2a80     0x390  cm7_0_isr.o [45]
  .text              ro code  0x100a'2e10     0x344  mic.o [5]
  .rodata            const    0x100a'3154     0x380  arm_common_tables.o [51]
  .rodata            const    0x100a'34d4     0x370  arm_common_tables.o [51]
  .text              ro code  0x100a'3844     0x238  zf_device_wifi_spi.o [48]
  .rodata            const    0x100a'3a7c     0x228  zf_common_font.o [46]
  .text              ro code  0x100a'3ca4     0x204  startup.o [31]
  .text              ro code  0x100a'3ea8     0x150  system_tviibh4m_cm7.o [22]
  .text              ro code  0x100a'3ff8       0x8  startup_cm7.o [31]
  .text              ro code  0x100a'4000       0x6  startup_cm7.o [31]
  .rodata            const    0x100a'4008     0x200  arm_common_tables.o [51]
  .text              ro code  0x100a'4208     0x1cc  zf_device_wifi_uart.o [48]
  .text              ro code  0x100a'43d4      0x2c  strstr.o [50]
  .rodata            const    0x100a'4400     0x1a0  arm_common_tables.o [51]
  .text              ro code  0x100a'45a0     0x198  cy_interrupt_map.o [23]
  .rodata            const    0x100a'4738     0x100  arm_common_tables.o [51]
  .text              ro code  0x100a'4838      0xb0  startup_cm7.o [31]
  .rodata            const    0x100a'48e8      0xa8  system_tviibh4m_cm7.o [22]
  .rodata            const    0x100a'4990      0xa4  cy_sysclk.o [33]
  .rodata            const    0x100a'4a34      0xa4  cy_sysclk.o [33]
  .rodata            const    0x100a'4ad8      0xa0  cy_mw_flash.o [13]
  .rodata            const    0x100a'4b78      0xa0  cy_srom.o [30]
  .rodata            const    0x100a'4c18      0xa0  zf_device_bluetooth_ch9141.o [48]
  .rodata            const    0x100a'4cb8      0x9c  zf_device_wireless_uart.o [48]
  .text              ro code  0x100a'4d54      0x9c  main_cm7_0.o [45]
  .text              ro code  0x100a'4df0      0x1c  zf_common_clock.o [46]
  .text              ro code  0x100a'4e0c      0x90  seekfree_assistant_interface.o [47]
  .text              ro code  0x100a'4e9c      0x9c  zf_device_bluetooth_ch9141.o [48]
  .rodata            const    0x100a'4f38      0x98  zf_common_function.o [46]
  .rodata            const    0x100a'4fd0      0x98  zf_device_imu963ra.o [48]
  .rodata            const    0x100a'5068      0x98  zf_device_wifi_spi.o [48]
  .rodata            const    0x100a'5100      0x98  zf_device_wifi_uart.o [48]
  .text              ro code  0x100a'5198      0x98  zf_device_wireless_uart.o [48]
  .rodata            const    0x100a'5230      0x94  zf_common_fifo.o [46]
  .rodata            const    0x100a'52c4      0x94  zf_device_ips200.o [48]
  .rodata            const    0x100a'5358      0x94  zf_driver_flash.o [49]
  .rodata            const    0x100a'53ec      0x94  zf_driver_pwm.o [49]
  .rodata            const    0x100a'5480      0x94  zf_driver_spi.o [49]
  .rodata            const    0x100a'5514      0x94  zf_driver_uart.o [49]
  .rodata            const    0x100a'55a8      0x80  arm_common_tables.o [51]
  .rodata            const    0x100a'5628      0x70  arm_common_tables.o [51]
  .rodata            const    0x100a'5698      0x60  arm_common_tables.o [51]
  .text              ro code  0x100a'56f8      0x38  zero_init3.o [53]
  .rodata            const    0x100a'5730      0x34  GPS.o [5]
  .rodata            const    0x100a'5764      0x28  Position_Calculation.o [5]
  .rodata            const    0x100a'578c      0x28  Position_Calculation.o [5]
  .rodata            const    0x100a'57b4      0x28  zf_device_imu963ra.o [48]
  .rodata            const    0x100a'57dc      0x28  arm_common_tables.o [51]
  .text              ro code  0x100a'5804      0x28  data_init.o [53]
  .text              ro code  0x100a'582c      0x22  fpinit_M.o [52]
  .iar.init_table    const    0x100a'5850      0x20  - Linker created -
  .rodata            const    0x100a'5870      0x20  GPS.o [5]
  .rodata            const    0x100a'5890      0x20  Position_Calculation.o [5]
  .rodata            const    0x100a'58b0      0x20  zf_device_imu963ra.o [48]
  .text              ro code  0x100a'58d0      0x20  startup_cm7.o [31]
  .text              ro code  0x100a'58f0      0x20  putchar.o [50]
  .text              ro code  0x100a'5910      0x1e  cy_syslib_iar.o [36]
  .text              ro code  0x100a'5930      0x1e  cmain.o [53]
  .text              ro code  0x100a'5950       0x4  startup_cm7.o [31]
  .text              ro code  0x100a'5954       0x4  exit.o [50]
  .text              ro code  0x100a'5958       0xa  cexit.o [53]
  .rodata            const    0x100a'5964      0x1c  GPS.o [5]
  .rodata            const    0x100a'5980      0x1c  Menu.o [5]
  .rodata            const    0x100a'599c      0x1c  Menu.o [5]
  .rodata            const    0x100a'59b8      0x1c  Menu.o [5]
  .rodata            const    0x100a'59d4      0x1c  mic_calculate.o [5]
  .rodata            const    0x100a'59f0      0x1c  zf_common_debug.o [46]
  .rodata            const    0x100a'5a0c      0x1c  zf_device_gnss.o [48]
  .text              ro code  0x100a'5a28      0x1c  startup_cm7.o [31]
  .text              ro code  0x100a'5a44      0x1c  cstartup_M.o [53]
  .rodata            const    0x100a'5a60      0x18  Menu.o [5]
  .rodata            const    0x100a'5a78      0x18  Menu.o [5]
  .rodata            const    0x100a'5a90      0x18  startup.o [31]
  .rodata            const    0x100a'5aa8      0x18  system_tviibh4m_cm7.o [22]
  .rodata            const    0x100a'5ac0      0x18  zf_common_debug.o [46]
  .text              ro code  0x100a'5ad8      0x16  xprout.o [50]
  .rodata            const    0x100a'5af0      0x14  cy_flash.o [12]
  .rodata            const    0x100a'5b04      0x14  GPS.o [5]
  .rodata            const    0x100a'5b18      0x14  GPS.o [5]
  .rodata            const    0x100a'5b2c      0x14  GPS.o [5]
  .rodata            const    0x100a'5b40      0x14  IMU.o [5]
  .rodata            const    0x100a'5b54      0x14  IMU.o [5]
  .rodata            const    0x100a'5b68      0x14  IMU.o [5]
  .rodata            const    0x100a'5b7c      0x14  main_cm7_0.o [45]
  .rodata            const    0x100a'5b90      0x14  Menu.o [5]
  .rodata            const    0x100a'5ba4      0x14  Menu.o [5]
  .rodata            const    0x100a'5bb8      0x14  Menu.o [5]
  .rodata            const    0x100a'5bcc      0x14  Menu.o [5]
  .rodata            const    0x100a'5be0      0x14  Position_Calculation.o [5]
  .rodata            const    0x100a'5bf4      0x10  Common_Peripherals.o [5]
  .rodata            const    0x100a'5c04      0x10  Menu.o [5]
  .rodata            const    0x100a'5c14      0x10  Menu.o [5]
  .rodata            const    0x100a'5c24      0x10  Menu.o [5]
  .rodata            const    0x100a'5c34      0x10  Menu.o [5]
  .rodata            const    0x100a'5c44      0x10  Menu.o [5]
  .rodata            const    0x100a'5c54      0x10  Menu.o [5]
  .rodata            const    0x100a'5c64      0x10  Menu.o [5]
  .rodata            const    0x100a'5c74      0x10  zf_common_debug.o [46]
  .rodata            const    0x100a'5c84      0x10  zf_common_debug.o [46]
  .rodata            const    0x100a'5c94      0x10  zf_device_wifi_uart.o [48]
  .rodata            const    0x100a'5ca4      0x10  arm_const_structs.o [51]
  .rodata            const    0x100a'5cb4      0x10  arm_const_structs.o [51]
  .rodata            const    0x100a'5cc4      0x10  arm_const_structs.o [51]
  .rodata            const    0x100a'5cd4      0x10  arm_const_structs.o [51]
  .rodata            const    0x100a'5ce4      0x10  arm_const_structs.o [51]
  .rodata            const    0x100a'5cf4      0x10  arm_const_structs.o [51]
  .rodata            const    0x100a'5d04      0x10  arm_const_structs.o [51]
  .rodata            const    0x100a'5d14      0x10  arm_const_structs.o [51]
  .rodata            const    0x100a'5d24      0x10  arm_const_structs.o [51]
  .rodata            const    0x100a'5d34       0xc  GPS.o [5]
  .rodata            const    0x100a'5d40       0xc  GPS.o [5]
  .rodata            const    0x100a'5d4c       0xc  GPS.o [5]
  .rodata            const    0x100a'5d58       0xc  Menu.o [5]
  .rodata            const    0x100a'5d64       0xc  Menu.o [5]
  .rodata            const    0x100a'5d70       0xc  Menu.o [5]
  .rodata            const    0x100a'5d7c       0xc  Menu.o [5]
  .rodata            const    0x100a'5d88       0xc  Menu.o [5]
  .rodata            const    0x100a'5d94       0xc  Menu.o [5]
  .rodata            const    0x100a'5da0       0xc  Menu.o [5]
  .rodata            const    0x100a'5dac       0xc  Menu.o [5]
  .rodata            const    0x100a'5db8       0xc  Menu.o [5]
  .rodata            const    0x100a'5dc4       0xc  mic_calculate.o [5]
  .rodata            const    0x100a'5dd0       0xc  mic_calculate.o [5]
  .rodata            const    0x100a'5ddc       0xc  Position_Calculation.o [5]
  .rodata            const    0x100a'5de8       0xc  zf_common_debug.o [46]
  .rodata            const    0x100a'5df4       0xc  zf_common_debug.o [46]
  .rodata            const    0x100a'5e00       0xc  zf_common_debug.o [46]
  .rodata            const    0x100a'5e0c       0xc  zf_device_gnss.o [48]
  .rodata            const    0x100a'5e18       0xc  zf_device_gnss.o [48]
  .rodata            const    0x100a'5e24       0xc  zf_device_gnss.o [48]
  .rodata            const    0x100a'5e30       0xc  zf_device_gnss.o [48]
  .rodata            const    0x100a'5e3c       0xc  zf_device_gnss.o [48]
  .rodata            const    0x100a'5e48       0xc  zf_device_gnss.o [48]
  .rodata            const    0x100a'5e54       0xc  zf_device_gnss.o [48]
  .rodata            const    0x100a'5e60       0xc  zf_device_gnss.o [48]
  .rodata            const    0x100a'5e6c       0xc  zf_device_gnss.o [48]
  .rodata            const    0x100a'5e78       0xc  zf_device_gnss.o [48]
  .rodata            const    0x100a'5e84       0xc  zf_device_gnss.o [48]
  .rodata            const    0x100a'5e90       0xc  zf_device_wifi_uart.o [48]
  .text              ro code  0x100a'5e9c       0xc  cy_syslib.o [36]
  .rodata            const    0x100a'5ea8       0x8  cm7_0_isr.o [45]
  .rodata            const    0x100a'5eb0       0x8  cy_mw_flash.o [13]
  .rodata            const    0x100a'5eb8       0x8  cy_srom.o [30]
  .rodata            const    0x100a'5ec0       0x8  cy_sysclk.o [33]
  .rodata            const    0x100a'5ec8       0x8  GPS.o [5]
  .rodata            const    0x100a'5ed0       0x8  GPS.o [5]
  .rodata            const    0x100a'5ed8       0x8  IMU.o [5]
  .rodata            const    0x100a'5ee0       0x8  IMU.o [5]
  .rodata            const    0x100a'5ee8       0x8  IMU.o [5]
  .rodata            const    0x100a'5ef0       0x8  Menu.o [5]
  .rodata            const    0x100a'5ef8       0x8  Menu.o [5]
  .rodata            const    0x100a'5f00       0x8  Menu.o [5]
  .rodata            const    0x100a'5f08       0x8  Menu.o [5]
  .rodata            const    0x100a'5f10       0x8  zf_device_gnss.o [48]
  .rodata            const    0x100a'5f18       0x8  zf_device_wifi_uart.o [48]
  .rodata            const    0x100a'5f20       0x8  zf_device_wifi_uart.o [48]
  .rodata            const    0x100a'5f28       0x4  cy_adc.o [1]
  .rodata            const    0x100a'5f2c       0x4  cy_adc.o [1]
  .rodata            const    0x100a'5f30       0x4  cy_adc.o [1]
  .rodata            const    0x100a'5f34       0x4  cy_adc.o [1]
  .rodata            const    0x100a'5f38       0x4  cy_adc.o [1]
  .rodata            const    0x100a'5f3c       0x4  cy_adc.o [1]
  .rodata            const    0x100a'5f40       0x4  cy_adc.o [1]
  .rodata            const    0x100a'5f44       0x4  cy_adc.o [1]
  .rodata            const    0x100a'5f48       0x4  cy_interrupt_map.o [23]
  .rodata            const    0x100a'5f4c       0x4  cy_interrupt_map.o [23]
  .rodata            const    0x100a'5f50       0x4  cy_interrupt_map.o [23]
  .rodata            const    0x100a'5f54       0x4  cy_interrupt_map.o [23]
  .rodata            const    0x100a'5f58       0x4  cy_interrupt_map.o [23]
  .rodata            const    0x100a'5f5c       0x4  cy_interrupt_map.o [23]
  .rodata            const    0x100a'5f60       0x4  cy_interrupt_map.o [23]
  .rodata            const    0x100a'5f64       0x4  cy_interrupt_map.o [23]
  .rodata            const    0x100a'5f68       0x4  cy_ipc_drv.o [15]
  .rodata            const    0x100a'5f6c       0x4  cy_scb_spi.o [24]
  .rodata            const    0x100a'5f70       0x4  cy_scb_spi.o [24]
  .rodata            const    0x100a'5f74       0x4  cy_scb_spi.o [24]
  .rodata            const    0x100a'5f78       0x4  cy_scb_spi.o [24]
  .rodata            const    0x100a'5f7c       0x4  cy_scb_uart.o [24]
  .rodata            const    0x100a'5f80       0x4  cy_scb_uart.o [24]
  .rodata            const    0x100a'5f84       0x4  cy_scb_uart.o [24]
  .rodata            const    0x100a'5f88       0x4  cy_scb_uart.o [24]
  .rodata            const    0x100a'5f8c       0x4  cy_scb_uart.o [24]
  .rodata            const    0x100a'5f90       0x4  cy_scb_uart.o [24]
  .rodata            const    0x100a'5f94       0x4  cy_scb_uart.o [24]
  .rodata            const    0x100a'5f98       0x4  cy_scb_uart.o [24]
  .rodata            const    0x100a'5f9c       0x4  cy_scb_uart.o [24]
  .rodata            const    0x100a'5fa0       0x4  cy_scb_uart.o [24]
  .rodata            const    0x100a'5fa4       0x4  cy_srom.o [30]
  .rodata            const    0x100a'5fa8       0x4  cy_srom.o [30]
  .rodata            const    0x100a'5fac       0x4  cy_sysint.o [35]
  .rodata            const    0x100a'5fb0       0x4  cy_sysint.o [35]
  .rodata            const    0x100a'5fb4       0x4  cy_tcpwm_counter.o [43]
  .rodata            const    0x100a'5fb8       0x4  cy_tcpwm_counter.o [43]
  .rodata            const    0x100a'5fbc       0x4  cy_tcpwm_counter.o [43]
  .rodata            const    0x100a'5fc0       0x4  cy_tcpwm_counter.o [43]
  .rodata            const    0x100a'5fc4       0x4  cy_tcpwm_counter.o [43]
  .rodata            const    0x100a'5fc8       0x4  cy_tcpwm_pwm.o [43]
  .rodata            const    0x100a'5fcc       0x4  cy_tcpwm_pwm.o [43]
  .rodata            const    0x100a'5fd0       0x4  cy_tcpwm_pwm.o [43]
  .rodata            const    0x100a'5fd4       0x4  cy_tcpwm_pwm.o [43]
  .rodata            const    0x100a'5fd8       0x4  cy_tcpwm_pwm.o [43]
  .rodata            const    0x100a'5fdc       0x4  cy_tcpwm_pwm.o [43]
  .rodata            const    0x100a'5fe0       0x4  cy_tcpwm_pwm.o [43]
  .rodata            const    0x100a'5fe4       0x4  cy_tcpwm_quaddec.o [43]
  .rodata            const    0x100a'5fe8       0x4  cy_tcpwm_quaddec.o [43]
  .rodata            const    0x100a'5fec       0x4  cy_tcpwm_quaddec.o [43]
  .rodata            const    0x100a'5ff0       0x4  cy_tcpwm_quaddec.o [43]
  .rodata            const    0x100a'5ff4       0x4  cy_tcpwm_quaddec.o [43]
  .text              ro code  0x100a'5ff8       0x4  seekfree_assistant_interface.o [47]
  .text              ro code  0x100a'5ffc       0x4  seekfree_assistant_interface.o [47]
  .text              ro code  0x100a'6000       0x4  startup_cm7.o [31]
  .text              ro code  0x100a'6004       0x4  startup_cm7.o [31]
  .text              ro code  0x100a'6008       0x4  startup_cm7.o [31]
  .text              ro code  0x100a'600c       0x4  startup_cm7.o [31]
  .text              ro code  0x100a'6010       0x4  startup_cm7.o [31]
  .text              ro code  0x100a'6014       0x4  startup_cm7.o [31]
  .text              ro code  0x100a'6018       0x4  startup_cm7.o [31]
  .text              ro code  0x100a'601c       0x4  startup_cm7.o [31]
  .text              ro code  0x100a'6020       0x4  startup_cm7.o [31]
  .text              ro code  0x100a'6024       0x4  startup_cm7.o [31]
  .text              ro code  0x100a'6028       0x4  startup_cm7.o [31]
  .text              ro code  0x100a'602c       0x4  startup_cm7.o [31]
  .text              ro code  0x100a'6030       0x4  startup_cm7.o [31]
  .text              ro code  0x100a'6034       0x4  startup_cm7.o [31]
  .text              ro code  0x100a'6038       0x4  startup_cm7.o [31]
  .rodata            const    0x100a'603c       0x0  zero_init3.o [53]
  .rodata            const    0x100a'603c       0x0  lz77_init_single.o [53]
  Initializer bytes  const    0x100a'603c     0x20f  <for P2-1>
                            - 0x100a'624b  0x2'61cb

"P2", part 1 of 3:                            0xa26
  P2-1                        0x2802'0000     0xa26  <Init block>
    .data            inited   0x2802'0000       0x4  Common_Peripherals.o [5]
    .data            inited   0x2802'0004     0x6ec  cy_interrupt_map.o [23]
    .data            inited   0x2802'06f0       0x4  cy_interrupt_map.o [23]
    .data            inited   0x2802'06f4       0x4  IMU.o [5]
    .data            inited   0x2802'06f8       0x4  Menu.o [5]
    .data            inited   0x2802'06fc       0x4  Menu.o [5]
    .data            inited   0x2802'0700       0x4  Menu.o [5]
    .data            inited   0x2802'0704     0x258  Menu.o [5]
    .data            inited   0x2802'095c       0x4  Position_Calculation.o [5]
    .data            inited   0x2802'0960       0x4  seekfree_assistant.o [47]
    .data            inited   0x2802'0964       0x4  seekfree_assistant.o [47]
    .data            inited   0x2802'0968       0xc  zf_device_imu963ra.o [48]
    .data            inited   0x2802'0974       0x4  zf_device_type.o [48]
    .data            inited   0x2802'0978       0x4  zf_device_type.o [48]
    .data            inited   0x2802'097c       0xc  zf_driver_adc.o [49]
    .data            inited   0x2802'0988       0x8  zf_driver_encoder.o [49]
    .data            inited   0x2802'0990      0x10  zf_driver_encoder.o [49]
    .data            inited   0x2802'09a0      0x3c  zf_driver_pit.o [49]
    .data            inited   0x2802'09dc       0xc  zf_driver_spi.o [49]
    .data            inited   0x2802'09e8      0x14  zf_driver_uart.o [49]
    .data            inited   0x2802'09fc      0x14  zf_driver_uart.o [49]
    .data            inited   0x2802'0a10       0x2  mic.o [5]
    .data            inited   0x2802'0a12       0x2  zf_device_ips200.o [48]
    .data            inited   0x2802'0a14       0x2  zf_device_ips200.o [48]
    .data            inited   0x2802'0a16       0x2  zf_device_ips200.o [48]
    .data            inited   0x2802'0a18       0x2  zf_device_ips200.o [48]
    .data            inited   0x2802'0a1a       0x2  zf_driver_delay.o [49]
    .data            inited   0x2802'0a1c       0x1  Common_Peripherals.o [5]
    .data            inited   0x2802'0a1d       0x1  Common_Peripherals.o [5]
    .data            inited   0x2802'0a1e       0x1  Common_Peripherals.o [5]
    .data            inited   0x2802'0a1f       0x1  Common_Peripherals.o [5]
    .data            inited   0x2802'0a20       0x1  zf_common_debug.o [46]
    .data            inited   0x2802'0a21       0x1  zf_device_ips200.o [48]
    .data            inited   0x2802'0a22       0x1  zf_device_ips200.o [48]
    .data            inited   0x2802'0a23       0x1  zf_device_ips200.o [48]
    .data            inited   0x2802'0a24       0x1  zf_device_ips200.o [48]
    .data            inited   0x2802'0a25       0x1  zf_driver_delay.o [49]
                            - 0x2802'0a26     0xa26

"P2", part 2 of 3:                         0x2'c6a4
  .bss               zero     0x2802'0a28    0x8000  mic_calculate.o [5]
  .bss               zero     0x2802'8a28    0x4000  mic.o [5]
  .bss               zero     0x2802'ca28    0x4000  mic.o [5]
  .bss               zero     0x2803'0a28    0x4000  mic.o [5]
  .bss               zero     0x2803'4a28    0x4000  mic.o [5]
  .bss               zero     0x2803'8a28    0x4000  mic_calculate.o [5]
  .bss               zero     0x2803'ca28    0x4000  mic_calculate.o [5]
  .bss               zero     0x2804'0a28    0x2000  mic_calculate.o [5]
  .bss               zero     0x2804'2a28    0x2000  mic_calculate.o [5]
  .bss               zero     0x2804'4a28    0x1388  mic.o [5]
  .bss               zero     0x2804'5db0    0x1388  mic.o [5]
  .bss               zero     0x2804'7138    0x1388  mic.o [5]
  .bss               zero     0x2804'84c0    0x1388  mic.o [5]
  .bss               zero     0x2804'9848     0xfa0  Common_Peripherals.o [5]
  .bss               zero     0x2804'a7e8     0xfa0  Common_Peripherals.o [5]
  .bss               zero     0x2804'b788     0x800  zf_driver_flash.o [49]
  .bss               zero     0x2804'bf88     0x4b0  GPS.o [5]
  .bss               zero     0x2804'c438     0x4b0  GPS.o [5]
  .bss               zero     0x2804'c8e8     0x118  zf_driver_uart.o [49]
  .bss               zero     0x2804'ca00      0x94  zf_device_wifi_uart.o [48]
  .bss               zero     0x2804'ca94      0x80  zf_device_gnss.o [48]
  .bss               zero     0x2804'cb14      0x80  zf_device_gnss.o [48]
  .bss               zero     0x2804'cb94      0x80  zf_device_gnss.o [48]
  .bss               zero     0x2804'cc14      0x80  zf_device_gnss.o [48]
  .bss               zero     0x2804'cc94      0x70  cy_syslib.o [36]
  .bss               zero     0x2804'cd04      0x24  seekfree_assistant.o [47]
  .bss               zero     0x2804'cd28      0x48  zf_device_gnss.o [48]
  .bss               zero     0x2804'cd70      0x48  zf_driver_adc.o [49]
  .bss               zero     0x2804'cdb8      0x30  Algorithm.o [5]
  .bss               zero     0x2804'cde8      0x30  Algorithm.o [5]
  .bss               zero     0x2804'ce18      0x30  Algorithm.o [5]
  .bss               zero     0x2804'ce48      0x30  Algorithm.o [5]
  .bss               zero     0x2804'ce78      0x18  cy_sysclk.o [33]
  .bss               zero     0x2804'ce90      0x18  cy_syslib.o [36]
  .bss               zero     0x2804'cea8      0x18  IMU.o [5]
  .bss               zero     0x2804'cec0      0x18  zf_common_debug.o [46]
  .bss               zero     0x2804'ced8      0x18  zf_device_bluetooth_ch9141.o [48]
  .bss               zero     0x2804'cef0      0x18  zf_device_gnss.o [48]
  .bss               zero     0x2804'cf08      0x18  zf_device_wifi_spi.o [48]
  .bss               zero     0x2804'cf20      0x18  zf_device_wifi_uart.o [48]
  .bss               zero     0x2804'cf38      0x18  zf_device_wireless_uart.o [48]
  .bss               zero     0x2804'cf50      0x14  mic_calculate.o [5]
  .bss               zero     0x2804'cf64      0x14  zf_common_debug.o [46]
  .bss               zero     0x2804'cf80      0x10  cy_srom.o [30]
  .bss               zero     0x2804'cf90       0xc  IMU.o [5]
  .bss               zero     0x2804'cf9c       0x4  Common_Peripherals.o [5]
  .bss               zero     0x2804'cfa0       0x8  GPS.o [5]
  .bss               zero     0x2804'cfa8       0x8  GPS.o [5]
  .bss               zero     0x2804'cfb0       0x8  GPS.o [5]
  .bss               zero     0x2804'cfb8       0x8  IMU.o [5]
  .bss               zero     0x2804'cfc0       0x8  IMU.o [5]
  .bss               zero     0x2804'cfc8       0x8  Position_Calculation.o [5]
  .bss               zero     0x2804'cfd0       0x8  Position_Calculation.o [5]
  .bss               zero     0x2804'cfd8       0x8  Position_Calculation.o [5]
  .bss               zero     0x2804'cfe0       0x8  Position_Calculation.o [5]
  .bss               zero     0x2804'cfe8       0x8  Position_Calculation.o [5]
  .bss               zero     0x2804'cff0       0x4  Common_Peripherals.o [5]
  .bss               zero     0x2804'cff4       0x4  Common_Peripherals.o [5]
  .bss               zero     0x2804'cff8       0x4  Common_Peripherals.o [5]
  .bss               zero     0x2804'cffc       0x4  Common_Peripherals.o [5]
  .bss               zero     0x2804'd000       0x4  Common_Peripherals.o [5]
  .bss               zero     0x2804'd004       0x4  Common_Peripherals.o [5]
  .bss               zero     0x2804'd008       0x4  cy_srom.o [30]
  .bss               zero     0x2804'd00c       0x4  cy_srom.o [30]
  .bss               zero     0x2804'd010       0x4  cy_syslib.o [36]
  .bss               zero     0x2804'd014       0x4  GPS.o [5]
  .bss               zero     0x2804'd018       0x4  GPS.o [5]
  .bss               zero     0x2804'd01c       0x4  IMU.o [5]
  .bss               zero     0x2804'd020       0x4  IMU.o [5]
  .bss               zero     0x2804'd024       0x4  IMU.o [5]
  .bss               zero     0x2804'd028       0x4  IMU.o [5]
  .bss               zero     0x2804'd02c       0x4  IMU.o [5]
  .bss               zero     0x2804'd030       0x4  Menu.o [5]
  .bss               zero     0x2804'd034       0x4  Menu.o [5]
  .bss               zero     0x2804'd038       0x4  Menu.o [5]
  .bss               zero     0x2804'd03c       0x4  Menu.o [5]
  .bss               zero     0x2804'd040       0x4  Menu.o [5]
  .bss               zero     0x2804'd044       0x4  Menu.o [5]
  .bss               zero     0x2804'd048       0x4  Menu.o [5]
  .bss               zero     0x2804'd04c       0x4  Menu.o [5]
  .bss               zero     0x2804'd050       0x4  mic_calculate.o [5]
  .bss               zero     0x2804'd054       0x4  mic_calculate.o [5]
  .bss               zero     0x2804'd058       0x4  mic_calculate.o [5]
  .bss               zero     0x2804'd05c       0x4  mic_calculate.o [5]
  .bss               zero     0x2804'd060       0x4  Position_Calculation.o [5]
  .bss               zero     0x2804'd064       0x4  Position_Calculation.o [5]
  .bss               zero     0x2804'd068       0x4  Position_Calculation.o [5]
  .bss               zero     0x2804'd06c       0x4  system_tviibh4m_cm7.o [22]
  .bss               zero     0x2804'd070       0x4  system_tviibh4m_cm7.o [22]
  .bss               zero     0x2804'd074       0x4  system_tviibh4m_cm7.o [22]
  .bss               zero     0x2804'd078       0x4  system_tviibh4m_cm7.o [22]
  .bss               zero     0x2804'd07c       0x4  system_tviibh4m_cm7.o [22]
  .bss               zero     0x2804'd080       0x4  zf_common_clock.o [46]
  .bss               zero     0x2804'd084       0x4  zf_common_interrupt.o [46]
  .bss               zero     0x2804'd088       0x4  zf_driver_encoder.o [49]
  .bss               zero     0x2804'd08c       0x4  zf_driver_spi.o [49]
  .bss               zero     0x2804'd090       0x4  xfail_s.o [50]
  .bss               zero     0x2804'd094       0x2  Common_Peripherals.o [5]
  .bss               zero     0x2804'd096       0x2  Common_Peripherals.o [5]
  .bss               zero     0x2804'd098       0x2  Common_Peripherals.o [5]
  .bss               zero     0x2804'd09a       0x2  Common_Peripherals.o [5]
  .bss               zero     0x2804'd09c       0x2  Common_Peripherals.o [5]
  .bss               zero     0x2804'd09e       0x2  Common_Peripherals.o [5]
  .bss               zero     0x2804'd0a0       0x2  mic.o [5]
  .bss               zero     0x2804'd0a2       0x2  mic.o [5]
  .bss               zero     0x2804'd0a4       0x2  Position_Calculation.o [5]
  .bss               zero     0x2804'd0a6       0x2  zf_device_imu963ra.o [48]
  .bss               zero     0x2804'd0a8       0x2  zf_device_imu963ra.o [48]
  .bss               zero     0x2804'd0aa       0x2  zf_device_imu963ra.o [48]
  .bss               zero     0x2804'd0ac       0x1  Common_Peripherals.o [5]
  .bss               zero     0x2804'd0ad       0x1  Common_Peripherals.o [5]
  .bss               zero     0x2804'd0ae       0x1  Common_Peripherals.o [5]
  .bss               zero     0x2804'd0af       0x1  Common_Peripherals.o [5]
  .bss               zero     0x2804'd0b0       0x1  Common_Peripherals.o [5]
  .bss               zero     0x2804'd0b1       0x1  Common_Peripherals.o [5]
  .bss               zero     0x2804'd0b2       0x1  Common_Peripherals.o [5]
  .bss               zero     0x2804'd0b3       0x1  Common_Peripherals.o [5]
  .bss               zero     0x2804'd0b4       0x1  Common_Peripherals.o [5]
  .bss               zero     0x2804'd0b5       0x1  Common_Peripherals.o [5]
  .bss               zero     0x2804'd0b6       0x1  Common_Peripherals.o [5]
  .bss               zero     0x2804'd0b7       0x1  Common_Peripherals.o [5]
  .bss               zero     0x2804'd0b8       0x1  Common_Peripherals.o [5]
  .bss               zero     0x2804'd0b9       0x1  cy_mw_flash.o [13]
  .bss               zero     0x2804'd0ba       0x1  cy_mw_flash.o [13]
  .bss               zero     0x2804'd0bb       0x1  cy_sysclk.o [33]
  .bss               zero     0x2804'd0bc       0x1  zf_common_debug.o [46]
  .bss               zero     0x2804'd0bd       0x1  zf_common_debug.o [46]
  .bss               zero     0x2804'd0be       0x1  zf_common_debug.o [46]
  .bss               zero     0x2804'd0bf       0x1  zf_device_gnss.o [48]
  .bss               zero     0x2804'd0c0       0x1  zf_device_gnss.o [48]
  .bss               zero     0x2804'd0c1       0x1  zf_device_gnss.o [48]
  .bss               zero     0x2804'd0c2       0x1  zf_device_gnss.o [48]
  .bss               zero     0x2804'd0c3       0x1  zf_device_gnss.o [48]
  .bss               zero     0x2804'd0c4       0x1  zf_device_ips200.o [48]
  .bss               zero     0x2804'd0c5       0x1  zf_device_ips200.o [48]
  .bss               zero     0x2804'd0c6       0x1  zf_device_type.o [48]
  .bss               zero     0x2804'd0c7       0x1  zf_device_wifi_spi.o [48]
  .bss               zero     0x2804'd0c8       0x1  zf_driver_flash.o [49]
                            - 0x2804'd0c9  0x2'c6a1

"P2", part 3 of 3:                             0x80
  .intvec_ram        uninit   0x2804'd100      0x80  startup_cm7.o [31]
                            - 0x2804'd180      0x80

"A1":                                        0x2000
  HEAP_STACK                  0x2807'e000    0x2000  <Block>
    CSTACK                    0x2807'e000    0x2000  <Block>
      CSTACK         uninit   0x2807'e000    0x2000  <Block tail>
                            - 0x2808'0000    0x2000

Unused ranges:

         From           To       Size
         ----           --       ----
  0x100a'629b  0x1027'ffff  0x1d'9d65
  0x2802'0a26  0x2802'0a27        0x2
  0x2804'd0cc  0x2804'd0ff       0x34
  0x2804'd180  0x2807'dfff   0x3'0e80


*******************************************************************************
*** INIT TABLE
***

          Address      Size
          -------      ----
Zero (__iar_zero_init3)
    1 destination range, total size 0x2'c6a1:
          0x2802'0a28  0x2'c6a1

Copy/lz77 (__iar_lz77_init_single3)
    1 source range, total size 0x20f (20% of destination):
          0x100a'603c     0x20f
    1 destination range, total size 0xa26:
          0x2802'0000     0xa26



*******************************************************************************
*** MODULE SUMMARY
***

    Module                          ro code  ro data  rw data
    ------                          -------  -------  -------
command line/config:
    ---------------------------------------------------------
    Total:

C:\Users\zf\Desktop\19sMART\CYT4BB7_Library-master\CYT4BB7_Library-master\Seekfree_CYT4BB_Opensource_Library\project\iar\Debug_m7_0\Obj\adc_11722776235721520015.dir: [1]
    cy_adc.o                            720       32
    ---------------------------------------------------------
    Total:                              720       32

C:\Users\zf\Desktop\19sMART\CYT4BB7_Library-master\CYT4BB7_Library-master\Seekfree_CYT4BB_Opensource_Library\project\iar\Debug_m7_0\Obj\audioss_1346650047966882938.dir: [2]
    ---------------------------------------------------------
    Total:

C:\Users\zf\Desktop\19sMART\CYT4BB7_Library-master\CYT4BB7_Library-master\Seekfree_CYT4BB_Opensource_Library\project\iar\Debug_m7_0\Obj\button_4990804375159372270.dir: [3]
    ---------------------------------------------------------
    Total:

C:\Users\zf\Desktop\19sMART\CYT4BB7_Library-master\CYT4BB7_Library-master\Seekfree_CYT4BB_Opensource_Library\project\iar\Debug_m7_0\Obj\canfd_1800690984773873875.dir: [4]
    ---------------------------------------------------------
    Total:

C:\Users\zf\Desktop\19sMART\CYT4BB7_Library-master\CYT4BB7_Library-master\Seekfree_CYT4BB_Opensource_Library\project\iar\Debug_m7_0\Obj\code_17896468042025673432.dir: [5]
    Algorithm.o                         432               192
    Common_Peripherals.o              1'344       17    8'061
    GL_Math.o                           384    2'056
    GPS.o                               796      224    2'432
    IMU.o                             1'220       84       76
    Menu.o                            2'552      589      644
    Position_Calculation.o            1'608      144       58
    mic.o                               836            85'542
    mic_calculate.o                   1'284       52   81'956
    ---------------------------------------------------------
    Total:                           10'456    3'166  178'961

C:\Users\zf\Desktop\19sMART\CYT4BB7_Library-master\CYT4BB7_Library-master\Seekfree_CYT4BB_Opensource_Library\project\iar\Debug_m7_0\Obj\cpu_15938736945165268644.dir: [6]
    ---------------------------------------------------------
    Total:

C:\Users\zf\Desktop\19sMART\CYT4BB7_Library-master\CYT4BB7_Library-master\Seekfree_CYT4BB_Opensource_Library\project\iar\Debug_m7_0\Obj\crypto_1190170608956581615.dir: [7]
    ---------------------------------------------------------
    Total:

C:\Users\zf\Desktop\19sMART\CYT4BB7_Library-master\CYT4BB7_Library-master\Seekfree_CYT4BB_Opensource_Library\project\iar\Debug_m7_0\Obj\dma_12106025507578611576.dir: [8]
    ---------------------------------------------------------
    Total:

C:\Users\zf\Desktop\19sMART\CYT4BB7_Library-master\CYT4BB7_Library-master\Seekfree_CYT4BB_Opensource_Library\project\iar\Debug_m7_0\Obj\eth_phy_18133017486186456677.dir: [9]
    ---------------------------------------------------------
    Total:

C:\Users\zf\Desktop\19sMART\CYT4BB7_Library-master\CYT4BB7_Library-master\Seekfree_CYT4BB_Opensource_Library\project\iar\Debug_m7_0\Obj\ethernet_6029839089178797009.dir: [10]
    ---------------------------------------------------------
    Total:

C:\Users\zf\Desktop\19sMART\CYT4BB7_Library-master\CYT4BB7_Library-master\Seekfree_CYT4BB_Opensource_Library\project\iar\Debug_m7_0\Obj\evtgen_3404189088603873129.dir: [11]
    ---------------------------------------------------------
    Total:

C:\Users\zf\Desktop\19sMART\CYT4BB7_Library-master\CYT4BB7_Library-master\Seekfree_CYT4BB_Opensource_Library\project\iar\Debug_m7_0\Obj\flash_8529866181315662935.dir: [12]
    cy_flash.o                        1'196       20
    ---------------------------------------------------------
    Total:                            1'196       20

C:\Users\zf\Desktop\19sMART\CYT4BB7_Library-master\CYT4BB7_Library-master\Seekfree_CYT4BB_Opensource_Library\project\iar\Debug_m7_0\Obj\flash_864493325053435817.dir: [13]
    cy_mw_flash.o                       732      168        2
    ---------------------------------------------------------
    Total:                              732      168        2

C:\Users\zf\Desktop\19sMART\CYT4BB7_Library-master\CYT4BB7_Library-master\Seekfree_CYT4BB_Opensource_Library\project\iar\Debug_m7_0\Obj\gpio_3999404635324069351.dir: [14]
    cy_gpio.o                           404
    ---------------------------------------------------------
    Total:                              404

C:\Users\zf\Desktop\19sMART\CYT4BB7_Library-master\CYT4BB7_Library-master\Seekfree_CYT4BB_Opensource_Library\project\iar\Debug_m7_0\Obj\ipc_10145506163450686023.dir: [15]
    cy_ipc_drv.o                         96        4
    ---------------------------------------------------------
    Total:                               96        4

C:\Users\zf\Desktop\19sMART\CYT4BB7_Library-master\CYT4BB7_Library-master\Seekfree_CYT4BB_Opensource_Library\project\iar\Debug_m7_0\Obj\lin_18429031207028094880.dir: [16]
    ---------------------------------------------------------
    Total:

C:\Users\zf\Desktop\19sMART\CYT4BB7_Library-master\CYT4BB7_Library-master\Seekfree_CYT4BB_Opensource_Library\project\iar\Debug_m7_0\Obj\lvd_6353935867039560245.dir: [17]
    ---------------------------------------------------------
    Total:

C:\Users\zf\Desktop\19sMART\CYT4BB7_Library-master\CYT4BB7_Library-master\Seekfree_CYT4BB_Opensource_Library\project\iar\Debug_m7_0\Obj\mcwdt_4052485907822033969.dir: [18]
    ---------------------------------------------------------
    Total:

C:\Users\zf\Desktop\19sMART\CYT4BB7_Library-master\CYT4BB7_Library-master\Seekfree_CYT4BB_Opensource_Library\project\iar\Debug_m7_0\Obj\mpu_5663187252346826382.dir: [19]
    ---------------------------------------------------------
    Total:

C:\Users\zf\Desktop\19sMART\CYT4BB7_Library-master\CYT4BB7_Library-master\Seekfree_CYT4BB_Opensource_Library\project\iar\Debug_m7_0\Obj\power_14453085144426420577.dir: [20]
    ---------------------------------------------------------
    Total:

C:\Users\zf\Desktop\19sMART\CYT4BB7_Library-master\CYT4BB7_Library-master\Seekfree_CYT4BB_Opensource_Library\project\iar\Debug_m7_0\Obj\prot_10722960861768657883.dir: [21]
    ---------------------------------------------------------
    Total:

C:\Users\zf\Desktop\19sMART\CYT4BB7_Library-master\CYT4BB7_Library-master\Seekfree_CYT4BB_Opensource_Library\project\iar\Debug_m7_0\Obj\rev_b_4986922561640112550.dir: [22]
    system_tviibh4m_cm7.o               336      192       20
    ---------------------------------------------------------
    Total:                              336      192       20

C:\Users\zf\Desktop\19sMART\CYT4BB7_Library-master\CYT4BB7_Library-master\Seekfree_CYT4BB_Opensource_Library\project\iar\Debug_m7_0\Obj\rev_b_6162237342861132223.dir: [23]
    cy_interrupt_map.o                  408      393    1'776
    ---------------------------------------------------------
    Total:                              408      393    1'776

C:\Users\zf\Desktop\19sMART\CYT4BB7_Library-master\CYT4BB7_Library-master\Seekfree_CYT4BB_Opensource_Library\project\iar\Debug_m7_0\Obj\scb_15490842639181808494.dir: [24]
    cy_scb_spi.o                        496       16
    cy_scb_uart.o                       788       40
    ---------------------------------------------------------
    Total:                            1'284       56

C:\Users\zf\Desktop\19sMART\CYT4BB7_Library-master\CYT4BB7_Library-master\Seekfree_CYT4BB_Opensource_Library\project\iar\Debug_m7_0\Obj\sd_host_2982766354293506895.dir: [25]
    ---------------------------------------------------------
    Total:

C:\Users\zf\Desktop\19sMART\CYT4BB7_Library-master\CYT4BB7_Library-master\Seekfree_CYT4BB_Opensource_Library\project\iar\Debug_m7_0\Obj\semihosting_143864889731838620.dir: [26]
    ---------------------------------------------------------
    Total:

C:\Users\zf\Desktop\19sMART\CYT4BB7_Library-master\CYT4BB7_Library-master\Seekfree_CYT4BB_Opensource_Library\project\iar\Debug_m7_0\Obj\smartio_5451710003740070188.dir: [27]
    ---------------------------------------------------------
    Total:

C:\Users\zf\Desktop\19sMART\CYT4BB7_Library-master\CYT4BB7_Library-master\Seekfree_CYT4BB_Opensource_Library\project\iar\Debug_m7_0\Obj\smif_427648126384146252.dir: [28]
    ---------------------------------------------------------
    Total:

C:\Users\zf\Desktop\19sMART\CYT4BB7_Library-master\CYT4BB7_Library-master\Seekfree_CYT4BB_Opensource_Library\project\iar\Debug_m7_0\Obj\smif_mem_6470536964353725183.dir: [29]
    ---------------------------------------------------------
    Total:

C:\Users\zf\Desktop\19sMART\CYT4BB7_Library-master\CYT4BB7_Library-master\Seekfree_CYT4BB_Opensource_Library\project\iar\Debug_m7_0\Obj\srom_13018798572330080582.dir: [30]
    cy_srom.o                           748      176       24
    ---------------------------------------------------------
    Total:                              748      176       24

C:\Users\zf\Desktop\19sMART\CYT4BB7_Library-master\CYT4BB7_Library-master\Seekfree_CYT4BB_Opensource_Library\project\iar\Debug_m7_0\Obj\startup_479057977785470282.dir: [31]
    startup.o                           516       24
    startup_cm7.o                       442               128
    ---------------------------------------------------------
    Total:                              958       24      128

C:\Users\zf\Desktop\19sMART\CYT4BB7_Library-master\CYT4BB7_Library-master\Seekfree_CYT4BB_Opensource_Library\project\iar\Debug_m7_0\Obj\sw_timer_4215635015939382130.dir: [32]
    ---------------------------------------------------------
    Total:

C:\Users\zf\Desktop\19sMART\CYT4BB7_Library-master\CYT4BB7_Library-master\Seekfree_CYT4BB_Opensource_Library\project\iar\Debug_m7_0\Obj\sysclk_16149231235676103872.dir: [33]
    cy_sysclk.o                       2'280      336       25
    ---------------------------------------------------------
    Total:                            2'280      336       25

C:\Users\zf\Desktop\19sMART\CYT4BB7_Library-master\CYT4BB7_Library-master\Seekfree_CYT4BB_Opensource_Library\project\iar\Debug_m7_0\Obj\sysflt_12293435975120599261.dir: [34]
    ---------------------------------------------------------
    Total:

C:\Users\zf\Desktop\19sMART\CYT4BB7_Library-master\CYT4BB7_Library-master\Seekfree_CYT4BB_Opensource_Library\project\iar\Debug_m7_0\Obj\sysint_7435970359207984181.dir: [35]
    cy_sysint.o                         172        8
    ---------------------------------------------------------
    Total:                              172        8

C:\Users\zf\Desktop\19sMART\CYT4BB7_Library-master\CYT4BB7_Library-master\Seekfree_CYT4BB_Opensource_Library\project\iar\Debug_m7_0\Obj\syslib_16330585751512546975.dir: [36]
    cy_syslib.o                         262               140
    cy_syslib_iar.o                      30
    ---------------------------------------------------------
    Total:                              292               140

C:\Users\zf\Desktop\19sMART\CYT4BB7_Library-master\CYT4BB7_Library-master\Seekfree_CYT4BB_Opensource_Library\project\iar\Debug_m7_0\Obj\syspm_10887939769544754770.dir: [37]
    ---------------------------------------------------------
    Total:

C:\Users\zf\Desktop\19sMART\CYT4BB7_Library-master\CYT4BB7_Library-master\Seekfree_CYT4BB_Opensource_Library\project\iar\Debug_m7_0\Obj\sysreghc_17676636058511625587.dir: [38]
    ---------------------------------------------------------
    Total:

C:\Users\zf\Desktop\19sMART\CYT4BB7_Library-master\CYT4BB7_Library-master\Seekfree_CYT4BB_Opensource_Library\project\iar\Debug_m7_0\Obj\sysreset_14586141425677365288.dir: [39]
    ---------------------------------------------------------
    Total:

C:\Users\zf\Desktop\19sMART\CYT4BB7_Library-master\CYT4BB7_Library-master\Seekfree_CYT4BB_Opensource_Library\project\iar\Debug_m7_0\Obj\sysrtc_10747768817563771611.dir: [40]
    ---------------------------------------------------------
    Total:

C:\Users\zf\Desktop\19sMART\CYT4BB7_Library-master\CYT4BB7_Library-master\Seekfree_CYT4BB_Opensource_Library\project\iar\Debug_m7_0\Obj\systick_16016591671695740695.dir: [41]
    ---------------------------------------------------------
    Total:

C:\Users\zf\Desktop\19sMART\CYT4BB7_Library-master\CYT4BB7_Library-master\Seekfree_CYT4BB_Opensource_Library\project\iar\Debug_m7_0\Obj\syswdt_9118657615806274156.dir: [42]
    ---------------------------------------------------------
    Total:

C:\Users\zf\Desktop\19sMART\CYT4BB7_Library-master\CYT4BB7_Library-master\Seekfree_CYT4BB_Opensource_Library\project\iar\Debug_m7_0\Obj\tcpwm_422923530147891246.dir: [43]
    cy_tcpwm.o                           24
    cy_tcpwm_counter.o                  430       20
    cy_tcpwm_pwm.o                      522       28
    cy_tcpwm_quaddec.o                  400       20
    ---------------------------------------------------------
    Total:                            1'376       68

C:\Users\zf\Desktop\19sMART\CYT4BB7_Library-master\CYT4BB7_Library-master\Seekfree_CYT4BB_Opensource_Library\project\iar\Debug_m7_0\Obj\trigmux_9729677290734583340.dir: [44]
    ---------------------------------------------------------
    Total:

C:\Users\zf\Desktop\19sMART\CYT4BB7_Library-master\CYT4BB7_Library-master\Seekfree_CYT4BB_Opensource_Library\project\iar\Debug_m7_0\Obj\user_8514941877209965082.dir: [45]
    cm7_0_isr.o                         912        8
    main_cm7_0.o                        156       20
    ---------------------------------------------------------
    Total:                            1'068       28

C:\Users\zf\Desktop\19sMART\CYT4BB7_Library-master\CYT4BB7_Library-master\Seekfree_CYT4BB_Opensource_Library\project\iar\Debug_m7_0\Obj\zf_common_1201165462030747823.dir: [46]
    zf_common_clock.o                    28                 4
    zf_common_debug.o                 1'096      120       48
    zf_common_fifo.o                  1'552      148
    zf_common_font.o                           2'072
    zf_common_function.o              1'076      152
    zf_common_interrupt.o               226                 4
    ---------------------------------------------------------
    Total:                            3'978    2'492       56

C:\Users\zf\Desktop\19sMART\CYT4BB7_Library-master\CYT4BB7_Library-master\Seekfree_CYT4BB_Opensource_Library\project\iar\Debug_m7_0\Obj\zf_components_14936052685886095442.dir: [47]
    seekfree_assistant.o                           2       44
    seekfree_assistant_interface.o      152
    ---------------------------------------------------------
    Total:                              152        2       44

C:\Users\zf\Desktop\19sMART\CYT4BB7_Library-master\CYT4BB7_Library-master\Seekfree_CYT4BB_Opensource_Library\project\iar\Debug_m7_0\Obj\zf_device_6570275422786408770.dir: [48]
    zf_device_bluetooth_ch9141.o        156      160       24
[...]
main                    0x100a'4d55    0x9c  Code  Gb  main_cm7_0.o [45]
memchr                  0x1009'689d          Code  Gb  memchr.o [53]
mic_data_copy           0x100a'2eb5   0x274  Code  Gb  mic.o [5]
mic_data_get            0x100a'2e35    0x80  Code  Gb  mic.o [5]
mic_init                0x100a'2e11    0x24  Code  Gb  mic.o [5]
mic_raw_data_1          0x2804'4a28  0x1388  Data  Gb  mic.o [5]
mic_raw_data_2          0x2804'5db0  0x1388  Data  Gb  mic.o [5]
mic_raw_data_3          0x2804'7138  0x1388  Data  Gb  mic.o [5]
mic_raw_data_4          0x2804'84c0  0x1388  Data  Gb  mic.o [5]
mic_raw_data_count      0x2804'd0a0     0x2  Data  Gb  mic.o [5]
mic_raw_data_count_save
                        0x2804'd0a2     0x2  Data  Gb  mic.o [5]
my_s                    0x2804'cf9c     0x4  Data  Gb  Common_Peripherals.o [5]
my_tms                  0x2804'cff0     0x4  Data  Gb  Common_Peripherals.o [5]
next_point              0x2804'd060     0x4  Data  Gb  Position_Calculation.o [5]
out_signal_0            0x2804'0a28  0x2000  Data  Gb  mic_calculate.o [5]
out_signal_1            0x2804'2a28  0x2000  Data  Gb  mic_calculate.o [5]
pit0_ch0_isr            0x100a'2aa1    0x32  Code  Gb  cm7_0_isr.o [45]
pit0_ch10_isr           0x100a'2b55    0xb6  Code  Gb  cm7_0_isr.o [45]
pit0_ch11_isr           0x100a'2c0b     0xa  Code  Gb  cm7_0_isr.o [45]
pit0_ch12_isr           0x100a'2c15     0xa  Code  Gb  cm7_0_isr.o [45]
pit0_ch13_isr           0x100a'2c1f     0xa  Code  Gb  cm7_0_isr.o [45]
pit0_ch14_isr           0x100a'2c29     0xa  Code  Gb  cm7_0_isr.o [45]
pit0_ch15_isr           0x100a'2c33     0xa  Code  Gb  cm7_0_isr.o [45]
pit0_ch16_isr           0x100a'2c3d     0xa  Code  Gb  cm7_0_isr.o [45]
pit0_ch17_isr           0x100a'2c47     0xa  Code  Gb  cm7_0_isr.o [45]
pit0_ch18_isr           0x100a'2c51     0xa  Code  Gb  cm7_0_isr.o [45]
pit0_ch19_isr           0x100a'2c5b     0xa  Code  Gb  cm7_0_isr.o [45]
pit0_ch1_isr            0x100a'2ad3    0x26  Code  Gb  cm7_0_isr.o [45]
pit0_ch20_isr           0x100a'2c65     0xa  Code  Gb  cm7_0_isr.o [45]
pit0_ch21_isr           0x100a'2c6f     0xa  Code  Gb  cm7_0_isr.o [45]
pit0_ch2_isr            0x100a'2af9    0x5a  Code  Gb  cm7_0_isr.o [45]
pit_init                0x1009'db21   0x1ee  Code  Gb  zf_driver_pit.o [49]
pit_isr_flag_clear      0x1009'daf7    0x2a  Code  Gb  zf_driver_pit.o [49]
pit_isr_func            0x2802'09a0    0x3c  Data  Gb  zf_driver_pit.o [49]
printf                  0x1009'd2f1    0x28  Code  Gb  printf.o [50]
programSizeBytesLut     0x100a'5af0    0x14  Data  Lc  cy_flash.o [12]
putchar                 0x100a'58f1    0x20  Code  Gb  putchar.o [50]
pwm_all_channel_close   0x1009'3971    0x1a  Code  Gb  zf_driver_pwm.o [49]
pwm_init                0x1009'39e5   0x1e4  Code  Gb  zf_driver_pwm.o [49]
pwm_set_duty            0x1009'398b    0x5a  Code  Gb  zf_driver_pwm.o [49]
restart_mic             0x2804'cff8     0x4  Data  Gb  Common_Peripherals.o [5]
sar_adc                 0x2802'097c     0xc  Data  Lc  zf_driver_adc.o [49]
scale                   0x1009'65c3    0x46  Code  Lc  xprintflarge_nomb.o [50]
scb_module              0x2802'09fc    0x14  Data  Gb  zf_driver_uart.o [49]
sec_hand                0x2804'd090     0x4  Data  Lc  xfail_s.o [50]
seekfree_assistant_interface_init
                        0x100a'4e0d    0x90  Code  Wk  seekfree_assistant_interface.o [47]
seekfree_assistant_oscilloscope_data
                        0x2804'cd04    0x24  Data  Gb  seekfree_assistant.o [47]
seekfree_assistant_receive
                        0x100a'5ffd     0x4  Code  Wk  seekfree_assistant_interface.o [47]
seekfree_assistant_receive_callback
                        0x2802'0964     0x4  Data  Gb  seekfree_assistant.o [47]
seekfree_assistant_transfer
                        0x100a'5ff9     0x4  Code  Wk  seekfree_assistant_interface.o [47]
seekfree_assistant_transfer_callback
                        0x2802'0960     0x4  Data  Gb  seekfree_assistant.o [47]
set_wireless_type       0x1009'ccf3    0x32  Code  Gb  zf_device_type.o [48]
sin                     0x1009'ab8d     0x4  Code  Gb  cos_sin64.o [52]
sinl                    0x1009'ab8d     0x4  Code  Gb  cos_sin64.o [52]
spi_get_clk_hsiom       0x1009'7ab7    0x20  Code  Lc  zf_driver_spi.o [49]
spi_get_clk_pin         0x1009'7a21    0x20  Code  Lc  zf_driver_spi.o [49]
spi_get_cs_hsiom        0x1009'7b17    0x36  Code  Lc  zf_driver_spi.o [49]
spi_get_cs_pin          0x1009'7a81    0x36  Code  Lc  zf_driver_spi.o [49]
spi_get_miso_hsiom      0x1009'7af7    0x20  Code  Lc  zf_driver_spi.o [49]
spi_get_miso_pin        0x1009'7a61    0x20  Code  Lc  zf_driver_spi.o [49]
spi_get_mosi_hsiom      0x1009'7ad7    0x20  Code  Lc  zf_driver_spi.o [49]
spi_get_mosi_pin        0x1009'7a41    0x20  Code  Lc  zf_driver_spi.o [49]
spi_init                0x1009'82c1   0x264  Code  Gb  zf_driver_spi.o [49]
spi_module              0x2802'09dc     0xc  Data  Gb  zf_driver_spi.o [49]
spi_read_8bit_register  0x1009'8031    0xd0  Code  Gb  zf_driver_spi.o [49]
spi_read_8bit_registers
                        0x1009'8101    0xe2  Code  Gb  zf_driver_spi.o [49]
spi_transfer_8bit       0x1009'81f1    0xc8  Code  Gb  zf_driver_spi.o [49]
spi_write_16bit         0x1009'7de9    0xaa  Code  Gb  zf_driver_spi.o [49]
spi_write_16bit_array   0x1009'7e93    0xb6  Code  Gb  zf_driver_spi.o [49]
spi_write_8bit          0x1009'7c89    0xaa  Code  Gb  zf_driver_spi.o [49]
spi_write_8bit_array    0x1009'7d33    0xb6  Code  Gb  zf_driver_spi.o [49]
spi_write_8bit_register
                        0x1009'7f49    0xde  Code  Gb  zf_driver_spi.o [49]
sprintf                 0x1009'4d25    0x40  Code  Gb  sprintf.o [50]
sqrt                    0x1009'ab91          Code  Gb  sqrt.o [52]
sqrtl                   0x1009'ab91          Code  Gb  sqrt.o [52]
start_distance          0x2804'cfe8     0x8  Data  Gb  Position_Calculation.o [5]
start_mict              0x2804'cff4     0x4  Data  Gb  Common_Peripherals.o [5]
strchr                  0x1009'6845          Code  Gb  strchr.o [53]
strlen                  0x1009'4ced          Code  Gb  strlen.o [53]
strncmp                 0x1009'acb7    0x2a  Code  Gb  strncmp.o [50]
strncpy                 0x1009'a829          Code  Gb  strncpy.o [53]
strstr                  0x100a'43d5    0x2c  Code  Gb  strstr.o [50]
switch_transition_length
                        0x1009'7b4d   0x13c  Code  Lc  zf_driver_spi.o [49]
system_clock            0x2804'd080     0x4  Data  Gb  zf_common_clock.o [46]
system_delay_init       0x1009'9b4d    0xa6  Code  Gb  zf_driver_delay.o [49]
system_delay_ms         0x1009'9aef    0x5e  Code  Gb  zf_driver_delay.o [49]
system_delay_us         0x1009'9a99    0x56  Code  Gb  zf_driver_delay.o [49]
table_dispaly           0x2802'0704   0x258  Data  Gb  Menu.o [5]
ten_us                  0x2804'd094     0x2  Data  Gb  Common_Peripherals.o [5]
timer_ch                0x2802'0a25     0x1  Data  Lc  zf_driver_delay.o [49]
twiddleCoef_1024        0x1008'c080  0x2000  Data  Gb  arm_common_tables.o [51]
twiddleCoef_128         0x100a'2680   0x400  Data  Gb  arm_common_tables.o [51]
twiddleCoef_16          0x100a'55a8    0x80  Data  Gb  arm_common_tables.o [51]
twiddleCoef_2048        0x1008'8080  0x4000  Data  Gb  arm_common_tables.o [51]
twiddleCoef_256         0x1009'fb68   0x800  Data  Gb  arm_common_tables.o [51]
twiddleCoef_32          0x100a'4738   0x100  Data  Gb  arm_common_tables.o [51]
twiddleCoef_4096        0x1008'0080  0x8000  Data  Gb  arm_common_tables.o [51]
twiddleCoef_512         0x1009'1dc0  0x1000  Data  Gb  arm_common_tables.o [51]
twiddleCoef_64          0x100a'4008   0x200  Data  Gb  arm_common_tables.o [51]
type_default_callback   0x1009'ccf1     0x2  Code  Lc  zf_device_type.o [48]
uart0_isr               0x100a'2c79    0x40  Code  Gb  cm7_0_isr.o [45]
uart1_isr               0x100a'2cb9    0x42  Code  Gb  cm7_0_isr.o [45]
uart2_isr               0x100a'2cfb    0x40  Code  Gb  cm7_0_isr.o [45]
uart3_isr               0x100a'2d3b    0x3c  Code  Gb  cm7_0_isr.o [45]
uart4_isr               0x100a'2d77    0x42  Code  Gb  cm7_0_isr.o [45]
uart_context            0x2804'c8e8   0x118  Data  Gb  zf_driver_uart.o [49]
uart_init               0x1009'4b15   0x190  Code  Gb  zf_driver_uart.o [49]
uart_isr_func           0x2802'09e8    0x14  Data  Gb  zf_driver_uart.o [49]
uart_query_byte         0x1009'48c9    0x32  Code  Gb  zf_driver_uart.o [49]
uart_receiver_handler   0x2802'0978     0x4  Data  Gb  zf_device_type.o [48]
uart_rx_interrupt       0x1009'4a17    0xfe  Code  Gb  zf_driver_uart.o [49]
uart_tx_interrupt       0x1009'48fb   0x11c  Code  Gb  zf_driver_uart.o [49]
uart_write_buffer       0x1009'488f    0x1e  Code  Gb  zf_driver_uart.o [49]
uart_write_byte         0x1009'4867    0x28  Code  Gb  zf_driver_uart.o [49]
uart_write_string       0x1009'48ad    0x1c  Code  Gb  zf_driver_uart.o [49]
utc_to_btc              0x1009'9ead    0x96  Code  Lc  zf_device_gnss.o [48]
wifi_spi_fifo           0x2804'cf08    0x18  Data  Lc  zf_device_wifi_spi.o [48]
wifi_spi_mutex          0x2804'd0c7     0x1  Data  Lc  zf_device_wifi_spi.o [48]
wifi_spi_read_buffer    0x100a'39e1    0x90  Code  Gb  zf_device_wifi_spi.o [48]
wifi_spi_send_buffer    0x100a'3919    0xc8  Code  Gb  zf_device_wifi_spi.o [48]
wifi_spi_transfer_command
                        0x100a'3873    0x3a  Code  Lc  zf_device_wifi_spi.o [48]
wifi_spi_transfer_data  0x100a'38ad    0x6c  Code  Lc  zf_device_wifi_spi.o [48]
wifi_spi_wait_idle      0x100a'3845    0x2e  Code  Lc  zf_device_wifi_spi.o [48]
wifi_uart_clear_receive_buffer
                        0x100a'4277     0xc  Code  Lc  zf_device_wifi_uart.o [48]
wifi_uart_fifo          0x2804'cf20    0x18  Data  Lc  zf_device_wifi_uart.o [48]
wifi_uart_information   0x2804'ca00    0x94  Data  Gb  zf_device_wifi_uart.o [48]
wifi_uart_read_buffer   0x100a'4385    0x2e  Code  Gb  zf_device_wifi_uart.o [48]
wifi_uart_send_buffer   0x100a'428d    0xf2  Code  Gb  zf_device_wifi_uart.o [48]
wifi_uart_wait_ack      0x100a'4209    0x6e  Code  Lc  zf_device_wifi_uart.o [48]
wireless_module_uart_handler
                        0x2802'0974     0x4  Data  Gb  zf_device_type.o [48]
wireless_type           0x2804'd0c6     0x1  Data  Gb  zf_device_type.o [48]
wireless_uart_fifo      0x2804'cf38    0x18  Data  Lc  zf_device_wireless_uart.o [48]
wireless_uart_read_buffer
                        0x100a'51fd    0x2c  Code  Gb  zf_device_wireless_uart.o [48]
wireless_uart_send_buffer
                        0x100a'5199    0x64  Code  Gb  zf_device_wireless_uart.o [48]
xf6_adc                 0x2804'9848   0xfa0  Data  Gb  Common_Peripherals.o [5]
xf6_adcnum              0x2804'cffc     0x4  Data  Gb  Common_Peripherals.o [5]
xf6_data_copy           0x1009'b81d    0x1e  Code  Gb  Common_Peripherals.o [5]
xf6_stopflag            0x2804'd0ac     0x1  Data  Gb  Common_Peripherals.o [5]
xf6_work                0x2804'a7e8   0xfa0  Data  Gb  Common_Peripherals.o [5]
zf_debug_assert_enable  0x2802'0a20     0x1  Data  Lc  zf_common_debug.o [46]
zf_debug_init_flag      0x2804'd0bc     0x1  Data  Lc  zf_common_debug.o [46]


[1] = C:\Users\zf\Desktop\19sMART\CYT4BB7_Library-master\CYT4BB7_Library-master\Seekfree_CYT4BB_Opensource_Library\project\iar\Debug_m7_0\Obj\adc_11722776235721520015.dir
[2] = C:\Users\zf\Desktop\19sMART\CYT4BB7_Library-master\CYT4BB7_Library-master\Seekfree_CYT4BB_Opensource_Library\project\iar\Debug_m7_0\Obj\audioss_1346650047966882938.dir
[3] = C:\Users\zf\Desktop\19sMART\CYT4BB7_Library-master\CYT4BB7_Library-master\Seekfree_CYT4BB_Opensource_Library\project\iar\Debug_m7_0\Obj\button_4990804375159372270.dir
[4] = C:\Users\zf\Desktop\19sMART\CYT4BB7_Library-master\CYT4BB7_Library-master\Seekfree_CYT4BB_Opensource_Library\project\iar\Debug_m7_0\Obj\canfd_1800690984773873875.dir
[5] = C:\Users\zf\Desktop\19sMART\CYT4BB7_Library-master\CYT4BB7_Library-master\Seekfree_CYT4BB_Opensource_Library\project\iar\Debug_m7_0\Obj\code_17896468042025673432.dir
[6] = C:\Users\zf\Desktop\19sMART\CYT4BB7_Library-master\CYT4BB7_Library-master\Seekfree_CYT4BB_Opensource_Library\project\iar\Debug_m7_0\Obj\cpu_15938736945165268644.dir
[7] = C:\Users\zf\Desktop\19sMART\CYT4BB7_Library-master\CYT4BB7_Library-master\Seekfree_CYT4BB_Opensource_Library\project\iar\Debug_m7_0\Obj\crypto_1190170608956581615.dir
[8] = C:\Users\zf\Desktop\19sMART\CYT4BB7_Library-master\CYT4BB7_Library-master\Seekfree_CYT4BB_Opensource_Library\project\iar\Debug_m7_0\Obj\dma_12106025507578611576.dir
[9] = C:\Users\zf\Desktop\19sMART\CYT4BB7_Library-master\CYT4BB7_Library-master\Seekfree_CYT4BB_Opensource_Library\project\iar\Debug_m7_0\Obj\eth_phy_18133017486186456677.dir
[10] = C:\Users\zf\Desktop\19sMART\CYT4BB7_Library-master\CYT4BB7_Library-master\Seekfree_CYT4BB_Opensource_Library\project\iar\Debug_m7_0\Obj\ethernet_6029839089178797009.dir
[11] = C:\Users\zf\Desktop\19sMART\CYT4BB7_Library-master\CYT4BB7_Library-master\Seekfree_CYT4BB_Opensource_Library\project\iar\Debug_m7_0\Obj\evtgen_3404189088603873129.dir
[12] = C:\Users\zf\Desktop\19sMART\CYT4BB7_Library-master\CYT4BB7_Library-master\Seekfree_CYT4BB_Opensource_Library\project\iar\Debug_m7_0\Obj\flash_8529866181315662935.dir
[13] = C:\Users\zf\Desktop\19sMART\CYT4BB7_Library-master\CYT4BB7_Library-master\Seekfree_CYT4BB_Opensource_Library\project\iar\Debug_m7_0\Obj\flash_864493325053435817.dir
[14] = C:\Users\zf\Desktop\19sMART\CYT4BB7_Library-master\CYT4BB7_Library-master\Seekfree_CYT4BB_Opensource_Library\project\iar\Debug_m7_0\Obj\gpio_3999404635324069351.dir
[15] = C:\Users\zf\Desktop\19sMART\CYT4BB7_Library-master\CYT4BB7_Library-master\Seekfree_CYT4BB_Opensource_Library\project\iar\Debug_m7_0\Obj\ipc_10145506163450686023.dir
[16] = C:\Users\zf\Desktop\19sMART\CYT4BB7_Library-master\CYT4BB7_Library-master\Seekfree_CYT4BB_Opensource_Library\project\iar\Debug_m7_0\Obj\lin_18429031207028094880.dir
[17] = C:\Users\zf\Desktop\19sMART\CYT4BB7_Library-master\CYT4BB7_Library-master\Seekfree_CYT4BB_Opensource_Library\project\iar\Debug_m7_0\Obj\lvd_6353935867039560245.dir
[18] = C:\Users\zf\Desktop\19sMART\CYT4BB7_Library-master\CYT4BB7_Library-master\Seekfree_CYT4BB_Opensource_Library\project\iar\Debug_m7_0\Obj\mcwdt_4052485907822033969.dir
[19] = C:\Users\zf\Desktop\19sMART\CYT4BB7_Library-master\CYT4BB7_Library-master\Seekfree_CYT4BB_Opensource_Library\project\iar\Debug_m7_0\Obj\mpu_5663187252346826382.dir
[20] = C:\Users\zf\Desktop\19sMART\CYT4BB7_Library-master\CYT4BB7_Library-master\Seekfree_CYT4BB_Opensource_Library\project\iar\Debug_m7_0\Obj\power_14453085144426420577.dir
[21] = C:\Users\zf\Desktop\19sMART\CYT4BB7_Library-master\CYT4BB7_Library-master\Seekfree_CYT4BB_Opensource_Library\project\iar\Debug_m7_0\Obj\prot_10722960861768657883.dir
[22] = C:\Users\zf\Desktop\19sMART\CYT4BB7_Library-master\CYT4BB7_Library-master\Seekfree_CYT4BB_Opensource_Library\project\iar\Debug_m7_0\Obj\rev_b_4986922561640112550.dir
[23] = C:\Users\zf\Desktop\19sMART\CYT4BB7_Library-master\CYT4BB7_Library-master\Seekfree_CYT4BB_Opensource_Library\project\iar\Debug_m7_0\Obj\rev_b_6162237342861132223.dir
[24] = C:\Users\zf\Desktop\19sMART\CYT4BB7_Library-master\CYT4BB7_Library-master\Seekfree_CYT4BB_Opensource_Library\project\iar\Debug_m7_0\Obj\scb_15490842639181808494.dir
[25] = C:\Users\zf\Desktop\19sMART\CYT4BB7_Library-master\CYT4BB7_Library-master\Seekfree_CYT4BB_Opensource_Library\project\iar\Debug_m7_0\Obj\sd_host_2982766354293506895.dir
[26] = C:\Users\zf\Desktop\19sMART\CYT4BB7_Library-master\CYT4BB7_Library-master\Seekfree_CYT4BB_Opensource_Library\project\iar\Debug_m7_0\Obj\semihosting_143864889731838620.dir
[27] = C:\Users\zf\Desktop\19sMART\CYT4BB7_Library-master\CYT4BB7_Library-master\Seekfree_CYT4BB_Opensource_Library\project\iar\Debug_m7_0\Obj\smartio_5451710003740070188.dir
[28] = C:\Users\zf\Desktop\19sMART\CYT4BB7_Library-master\CYT4BB7_Library-master\Seekfree_CYT4BB_Opensource_Library\project\iar\Debug_m7_0\Obj\smif_427648126384146252.dir
[29] = C:\Users\zf\Desktop\19sMART\CYT4BB7_Library-master\CYT4BB7_Library-master\Seekfree_CYT4BB_Opensource_Library\project\iar\Debug_m7_0\Obj\smif_mem_6470536964353725183.dir
[30] = C:\Users\zf\Desktop\19sMART\CYT4BB7_Library-master\CYT4BB7_Library-master\Seekfree_CYT4BB_Opensource_Library\project\iar\Debug_m7_0\Obj\srom_13018798572330080582.dir
[31] = C:\Users\zf\Desktop\19sMART\CYT4BB7_Library-master\CYT4BB7_Library-master\Seekfree_CYT4BB_Opensource_Library\project\iar\Debug_m7_0\Obj\startup_479057977785470282.dir
[32] = C:\Users\zf\Desktop\19sMART\CYT4BB7_Library-master\CYT4BB7_Library-master\Seekfree_CYT4BB_Opensource_Library\project\iar\Debug_m7_0\Obj\sw_timer_4215635015939382130.dir
[33] = C:\Users\zf\Desktop\19sMART\CYT4BB7_Library-master\CYT4BB7_Library-master\Seekfree_CYT4BB_Opensource_Library\project\iar\Debug_m7_0\Obj\sysclk_16149231235676103872.dir
[34] = C:\Users\zf\Desktop\19sMART\CYT4BB7_Library-master\CYT4BB7_Library-master\Seekfree_CYT4BB_Opensource_Library\project\iar\Debug_m7_0\Obj\sysflt_12293435975120599261.dir
[35] = C:\Users\zf\Desktop\19sMART\CYT4BB7_Library-master\CYT4BB7_Library-master\Seekfree_CYT4BB_Opensource_Library\project\iar\Debug_m7_0\Obj\sysint_7435970359207984181.dir
[36] = C:\Users\zf\Desktop\19sMART\CYT4BB7_Library-master\CYT4BB7_Library-master\Seekfree_CYT4BB_Opensource_Library\project\iar\Debug_m7_0\Obj\syslib_16330585751512546975.dir
[37] = C:\Users\zf\Desktop\19sMART\CYT4BB7_Library-master\CYT4BB7_Library-master\Seekfree_CYT4BB_Opensource_Library\project\iar\Debug_m7_0\Obj\syspm_10887939769544754770.dir
[38] = C:\Users\zf\Desktop\19sMART\CYT4BB7_Library-master\CYT4BB7_Library-master\Seekfree_CYT4BB_Opensource_Library\project\iar\Debug_m7_0\Obj\sysreghc_17676636058511625587.dir
[39] = C:\Users\zf\Desktop\19sMART\CYT4BB7_Library-master\CYT4BB7_Library-master\Seekfree_CYT4BB_Opensource_Library\project\iar\Debug_m7_0\Obj\sysreset_14586141425677365288.dir
[40] = C:\Users\zf\Desktop\19sMART\CYT4BB7_Library-master\CYT4BB7_Library-master\Seekfree_CYT4BB_Opensource_Library\project\iar\Debug_m7_0\Obj\sysrtc_10747768817563771611.dir
[41] = C:\Users\zf\Desktop\19sMART\CYT4BB7_Library-master\CYT4BB7_Library-master\Seekfree_CYT4BB_Opensource_Library\project\iar\Debug_m7_0\Obj\systick_16016591671695740695.dir
[42] = C:\Users\zf\Desktop\19sMART\CYT4BB7_Library-master\CYT4BB7_Library-master\Seekfree_CYT4BB_Opensource_Library\project\iar\Debug_m7_0\Obj\syswdt_9118657615806274156.dir
[43] = C:\Users\zf\Desktop\19sMART\CYT4BB7_Library-master\CYT4BB7_Library-master\Seekfree_CYT4BB_Opensource_Library\project\iar\Debug_m7_0\Obj\tcpwm_422923530147891246.dir
[44] = C:\Users\zf\Desktop\19sMART\CYT4BB7_Library-master\CYT4BB7_Library-master\Seekfree_CYT4BB_Opensource_Library\project\iar\Debug_m7_0\Obj\trigmux_9729677290734583340.dir
[45] = C:\Users\zf\Desktop\19sMART\CYT4BB7_Library-master\CYT4BB7_Library-master\Seekfree_CYT4BB_Opensource_Library\project\iar\Debug_m7_0\Obj\user_8514941877209965082.dir
[46] = C:\Users\zf\Desktop\19sMART\CYT4BB7_Library-master\CYT4BB7_Library-master\Seekfree_CYT4BB_Opensource_Library\project\iar\Debug_m7_0\Obj\zf_common_1201165462030747823.dir
[47] = C:\Users\zf\Desktop\19sMART\CYT4BB7_Library-master\CYT4BB7_Library-master\Seekfree_CYT4BB_Opensource_Library\project\iar\Debug_m7_0\Obj\zf_components_14936052685886095442.dir
[48] = C:\Users\zf\Desktop\19sMART\CYT4BB7_Library-master\CYT4BB7_Library-master\Seekfree_CYT4BB_Opensource_Library\project\iar\Debug_m7_0\Obj\zf_device_6570275422786408770.dir
[49] = C:\Users\zf\Desktop\19sMART\CYT4BB7_Library-master\CYT4BB7_Library-master\Seekfree_CYT4BB_Opensource_Library\project\iar\Debug_m7_0\Obj\zf_driver_11922370083829174090.dir
[50] = dl7M_tln.a
[51] = iar_cortexM7lf_math.a
[52] = m7M_tlv.a
[53] = rt7M_tl.a
[54] = shb_l.a
[55] = zf_device_config.a

   59'924 bytes of readonly  code memory
   96'311 bytes of readonly  data memory
  192'839 bytes of readwrite data memory

Errors: none
Warnings: none
