###############################################################################
#
# IAR ELF Linker V9.40.1.364/W64 for ARM                  13/May/2024  19:43:06
# Copyright 2007-2023 IAR Systems AB.
#
#    Output file  =  C:\IAR\iar\Debug_m7_1\Exe\cyt4bb7_cm_7_1.out
#    Map file     =  C:\IAR\iar\Debug_m7_1\List\cyt4bb7_cm_7_1.map
#    Command line =
#        -f C:\IAR\iar\Debug_m7_1\Exe\cyt4bb7_cm_7_1.out.rsp
#        (C:\IAR\iar\Debug_m7_1\Obj\user_8514941877209965082.dir\cm7_1_isr.o
#        C:\IAR\iar\Debug_m7_1\Obj\adc_11722776235721520015.dir\cy_adc.o
#        C:\IAR\iar\Debug_m7_1\Obj\button_4990804375159372270.dir\cy_button.o
#        C:\IAR\iar\Debug_m7_1\Obj\canfd_1800690984773873875.dir\cy_canfd.o
#        C:\IAR\iar\Debug_m7_1\Obj\cpu_15938736945165268644.dir\cy_cpu.o
#        C:\IAR\iar\Debug_m7_1\Obj\crypto_1190170608956581615.dir\cy_crypto_config.o
#        C:\IAR\iar\Debug_m7_1\Obj\eth_phy_18133017486186456677.dir\cy_dp83867.o
#        C:\IAR\iar\Debug_m7_1\Obj\ethernet_6029839089178797009.dir\cy_ethif.o
#        C:\IAR\iar\Debug_m7_1\Obj\evtgen_3404189088603873129.dir\cy_evtgen.o
#        C:\IAR\iar\Debug_m7_1\Obj\flash_8529866181315662935.dir\cy_flash.o
#        C:\IAR\iar\Debug_m7_1\Obj\gpio_3999404635324069351.dir\cy_gpio.o
#        C:\IAR\iar\Debug_m7_1\Obj\audioss_1346650047966882938.dir\cy_i2s.o
#        C:\IAR\iar\Debug_m7_1\Obj\rev_b_6162237342861132223.dir\cy_interrupt_map.o
#        C:\IAR\iar\Debug_m7_1\Obj\ipc_10145506163450686023.dir\cy_ipc_drv.o
#        C:\IAR\iar\Debug_m7_1\Obj\ipc_10145506163450686023.dir\cy_ipc_pipe.o
#        C:\IAR\iar\Debug_m7_1\Obj\ipc_10145506163450686023.dir\cy_ipc_sema.o
#        C:\IAR\iar\Debug_m7_1\Obj\lin_18429031207028094880.dir\cy_lin.o
#        C:\IAR\iar\Debug_m7_1\Obj\lvd_6353935867039560245.dir\cy_lvd.o
#        C:\IAR\iar\Debug_m7_1\Obj\mcwdt_4052485907822033969.dir\cy_mcwdt.o
#        C:\IAR\iar\Debug_m7_1\Obj\dma_12106025507578611576.dir\cy_mdma.o
#        C:\IAR\iar\Debug_m7_1\Obj\mpu_5663187252346826382.dir\cy_mpu.o
#        C:\IAR\iar\Debug_m7_1\Obj\flash_864493325053435817.dir\cy_mw_flash.o
#        C:\IAR\iar\Debug_m7_1\Obj\dma_12106025507578611576.dir\cy_pdma.o
#        C:\IAR\iar\Debug_m7_1\Obj\power_14453085144426420577.dir\cy_power.o
#        C:\IAR\iar\Debug_m7_1\Obj\prot_10722960861768657883.dir\cy_prot.o
#        C:\IAR\iar\Debug_m7_1\Obj\scb_15490842639181808494.dir\cy_scb_common.o
#        C:\IAR\iar\Debug_m7_1\Obj\scb_15490842639181808494.dir\cy_scb_ezi2c.o
#        C:\IAR\iar\Debug_m7_1\Obj\scb_15490842639181808494.dir\cy_scb_i2c.o
#        C:\IAR\iar\Debug_m7_1\Obj\scb_15490842639181808494.dir\cy_scb_spi.o
#        C:\IAR\iar\Debug_m7_1\Obj\scb_15490842639181808494.dir\cy_scb_uart.o
#        C:\IAR\iar\Debug_m7_1\Obj\sd_host_2982766354293506895.dir\cy_sd_host.o
#        C:\IAR\iar\Debug_m7_1\Obj\semihosting_143864889731838620.dir\cy_semihosting.o
#        C:\IAR\iar\Debug_m7_1\Obj\smartio_5451710003740070188.dir\cy_smartio.o
#        C:\IAR\iar\Debug_m7_1\Obj\smif_427648126384146252.dir\cy_smif.o
#        C:\IAR\iar\Debug_m7_1\Obj\smif_mem_6470536964353725183.dir\cy_smif_device_common.o
#        C:\IAR\iar\Debug_m7_1\Obj\smif_mem_6470536964353725183.dir\cy_smif_hb_flash.o
#        C:\IAR\iar\Debug_m7_1\Obj\smif_427648126384146252.dir\cy_smif_memslot.o
#        C:\IAR\iar\Debug_m7_1\Obj\smif_mem_6470536964353725183.dir\cy_smif_s25fl.o
#        C:\IAR\iar\Debug_m7_1\Obj\smif_mem_6470536964353725183.dir\cy_smif_s25fs.o
#        C:\IAR\iar\Debug_m7_1\Obj\smif_mem_6470536964353725183.dir\cy_smif_semp.o
#        C:\IAR\iar\Debug_m7_1\Obj\smif_427648126384146252.dir\cy_smif_ver_specific.o
#        C:\IAR\iar\Debug_m7_1\Obj\srom_13018798572330080582.dir\cy_srom.o
#        C:\IAR\iar\Debug_m7_1\Obj\sw_timer_4215635015939382130.dir\cy_sw_tmr.o
#        C:\IAR\iar\Debug_m7_1\Obj\sysclk_16149231235676103872.dir\cy_sysclk.o
#        C:\IAR\iar\Debug_m7_1\Obj\sysflt_12293435975120599261.dir\cy_sysflt.o
#        C:\IAR\iar\Debug_m7_1\Obj\sysint_7435970359207984181.dir\cy_sysint.o
#        C:\IAR\iar\Debug_m7_1\Obj\syslib_16330585751512546975.dir\cy_syslib.o
#        C:\IAR\iar\Debug_m7_1\Obj\syslib_16330585751512546975.dir\cy_syslib_iar.o
#        C:\IAR\iar\Debug_m7_1\Obj\syspm_10887939769544754770.dir\cy_syspm.o
#        C:\IAR\iar\Debug_m7_1\Obj\sysreghc_17676636058511625587.dir\cy_sysreghc.o
#        C:\IAR\iar\Debug_m7_1\Obj\sysreset_14586141425677365288.dir\cy_sysreset.o
#        C:\IAR\iar\Debug_m7_1\Obj\sysrtc_10747768817563771611.dir\cy_sysrtc.o
#        C:\IAR\iar\Debug_m7_1\Obj\systick_16016591671695740695.dir\cy_systick.o
#        C:\IAR\iar\Debug_m7_1\Obj\syswdt_9118657615806274156.dir\cy_syswdt.o
#        C:\IAR\iar\Debug_m7_1\Obj\tcpwm_422923530147891246.dir\cy_tcpwm.o
#        C:\IAR\iar\Debug_m7_1\Obj\tcpwm_422923530147891246.dir\cy_tcpwm_counter.o
#        C:\IAR\iar\Debug_m7_1\Obj\tcpwm_422923530147891246.dir\cy_tcpwm_pwm.o
#        C:\IAR\iar\Debug_m7_1\Obj\tcpwm_422923530147891246.dir\cy_tcpwm_quaddec.o
#        C:\IAR\iar\Debug_m7_1\Obj\tcpwm_422923530147891246.dir\cy_tcpwm_sr.o
#        C:\IAR\iar\Debug_m7_1\Obj\trigmux_9729677290734583340.dir\cy_trigmux.o
#        C:\IAR\iar\Debug_m7_1\Obj\ethernet_6029839089178797009.dir\edd.o
#        C:\IAR\iar\Debug_m7_1\Obj\ethernet_6029839089178797009.dir\edd_rx.o
#        C:\IAR\iar\Debug_m7_1\Obj\ethernet_6029839089178797009.dir\edd_tx.o
#        C:\IAR\iar\Debug_m7_1\Obj\user_8514941877209965082.dir\main_cm7_1.o
#        C:\IAR\iar\Debug_m7_1\Obj\zf_components_14936052685886095442.dir\seekfree_assistant.o
#        C:\IAR\iar\Debug_m7_1\Obj\zf_components_14936052685886095442.dir\seekfree_assistant_interface.o
#        C:\IAR\iar\Debug_m7_1\Obj\startup_479057977785470282.dir\startup.o
#        C:\IAR\iar\Debug_m7_1\Obj\startup_479057977785470282.dir\startup_cm7.o
#        C:\IAR\iar\Debug_m7_1\Obj\rev_b_4986922561640112550.dir\system_tviibh4m_cm7.o
#        C:\IAR\iar\Debug_m7_1\Obj\zf_common_1201165462030747823.dir\zf_common_clock.o
#        C:\IAR\iar\Debug_m7_1\Obj\zf_common_1201165462030747823.dir\zf_common_debug.o
#        C:\IAR\iar\Debug_m7_1\Obj\zf_common_1201165462030747823.dir\zf_common_fifo.o
#        C:\IAR\iar\Debug_m7_1\Obj\zf_common_1201165462030747823.dir\zf_common_font.o
#        C:\IAR\iar\Debug_m7_1\Obj\zf_common_1201165462030747823.dir\zf_common_function.o
#        C:\IAR\iar\Debug_m7_1\Obj\zf_common_1201165462030747823.dir\zf_common_interrupt.o
#        C:\IAR\iar\Debug_m7_1\Obj\zf_device_6570275422786408770.dir\zf_device_absolute_encoder.o
#        C:\IAR\iar\Debug_m7_1\Obj\zf_device_6570275422786408770.dir\zf_device_bluetooth_ch9141.o
#        C:\IAR\iar\Debug_m7_1\Obj\zf_device_6570275422786408770.dir\zf_device_dl1a.o
#        C:\IAR\iar\Debug_m7_1\Obj\zf_device_6570275422786408770.dir\zf_device_dl1b.o
#        C:\IAR\iar\Debug_m7_1\Obj\zf_device_6570275422786408770.dir\zf_device_gnss.o
#        C:\IAR\iar\Debug_m7_1\Obj\zf_device_6570275422786408770.dir\zf_device_icm20602.o
#        C:\IAR\iar\Debug_m7_1\Obj\zf_device_6570275422786408770.dir\zf_device_imu660ra.o
#        C:\IAR\iar\Debug_m7_1\Obj\zf_device_6570275422786408770.dir\zf_device_imu963ra.o
#        C:\IAR\iar\Debug_m7_1\Obj\zf_device_6570275422786408770.dir\zf_device_ips114.o
#        C:\IAR\iar\Debug_m7_1\Obj\zf_device_6570275422786408770.dir\zf_device_ips200.o
#        C:\IAR\iar\Debug_m7_1\Obj\zf_device_6570275422786408770.dir\zf_device_key.o
#        C:\IAR\iar\Debug_m7_1\Obj\zf_device_6570275422786408770.dir\zf_device_mpu6050.o
#        C:\IAR\iar\Debug_m7_1\Obj\zf_device_6570275422786408770.dir\zf_device_oled.o
#        C:\IAR\iar\Debug_m7_1\Obj\zf_device_6570275422786408770.dir\zf_device_tft180.o
#        C:\IAR\iar\Debug_m7_1\Obj\zf_device_6570275422786408770.dir\zf_device_tsl1401.o
#        C:\IAR\iar\Debug_m7_1\Obj\zf_device_6570275422786408770.dir\zf_device_type.o
#        C:\IAR\iar\Debug_m7_1\Obj\zf_device_6570275422786408770.dir\zf_device_virtual_oscilloscope.o
#        C:\IAR\iar\Debug_m7_1\Obj\zf_device_6570275422786408770.dir\zf_device_wifi_spi.o
#        C:\IAR\iar\Debug_m7_1\Obj\zf_device_6570275422786408770.dir\zf_device_wifi_uart.o
#        C:\IAR\iar\Debug_m7_1\Obj\zf_device_6570275422786408770.dir\zf_device_wireless_uart.o
#        C:\IAR\iar\Debug_m7_1\Obj\zf_driver_11922370083829174090.dir\zf_driver_adc.o
#        C:\IAR\iar\Debug_m7_1\Obj\zf_driver_11922370083829174090.dir\zf_driver_delay.o
#        C:\IAR\iar\Debug_m7_1\Obj\zf_driver_11922370083829174090.dir\zf_driver_dma.o
#        C:\IAR\iar\Debug_m7_1\Obj\zf_driver_11922370083829174090.dir\zf_driver_encoder.o
#        C:\IAR\iar\Debug_m7_1\Obj\zf_driver_11922370083829174090.dir\zf_driver_exti.o
#        C:\IAR\iar\Debug_m7_1\Obj\zf_driver_11922370083829174090.dir\zf_driver_flash.o
#        C:\IAR\iar\Debug_m7_1\Obj\zf_driver_11922370083829174090.dir\zf_driver_gpio.o
#        C:\IAR\iar\Debug_m7_1\Obj\zf_driver_11922370083829174090.dir\zf_driver_ipc.o
#        C:\IAR\iar\Debug_m7_1\Obj\zf_driver_11922370083829174090.dir\zf_driver_pit.o
#        C:\IAR\iar\Debug_m7_1\Obj\zf_driver_11922370083829174090.dir\zf_driver_pwm.o
#        C:\IAR\iar\Debug_m7_1\Obj\zf_driver_11922370083829174090.dir\zf_driver_soft_iic.o
#        C:\IAR\iar\Debug_m7_1\Obj\zf_driver_11922370083829174090.dir\zf_driver_soft_spi.o
#        C:\IAR\iar\Debug_m7_1\Obj\zf_driver_11922370083829174090.dir\zf_driver_spi.o
#        C:\IAR\iar\Debug_m7_1\Obj\zf_driver_11922370083829174090.dir\zf_driver_timer.o
#        C:\IAR\iar\Debug_m7_1\Obj\zf_driver_11922370083829174090.dir\zf_driver_uart.o
#        --no_out_extension -o C:\IAR\iar\Debug_m7_1\Exe\cyt4bb7_cm_7_1.out
#        --config_def _CORE_cm7_1_=0 --config_def _LINK_flash_=0 --map
#        C:\IAR\iar\Debug_m7_1\List\cyt4bb7_cm_7_1.map --config
#        C:\IAR\iar\project_config\..\icf\linker_directives_tviibh.icf
#        --semihosting
#        C:\IAR\iar\project_config\..\..\..\libraries\sdk\tviibh4m\src\drivers\crypto\libs\libcrypto_server_cm0plus_iar.a
#        C:\IAR\iar\project_config\..\..\..\libraries\zf_device\zf_device_config.a
#        C:\IAR\iar\project_config\..\..\..\libraries\sdk\common\hdr\cmsis\dsp\iar_cortexM7lf_math.a
#        --entry __iar_program_start --vfe --text_out locale --cpu=Cortex-M7
#        --fpu=VFPv5_d16) --dependencies=n
#        C:\IAR\iar\Debug_m7_1\Exe\cyt4bb7_cm_7_1.out.iar_deps
#
###############################################################################

*******************************************************************************
*** RUNTIME MODEL ATTRIBUTES
***

CppFlavor       = *
__CPP_Runtime   = 1
__SystemLibrary = DLib
__dlib_version  = 6


*******************************************************************************
*** HEAP SELECTION
***

The basic heap was selected because --advanced_heap
was not specified and the application did not appear to
be primarily optimized for speed.


*******************************************************************************
*** PLACEMENT SUMMARY
***

"A0":  place at start of [from 0x1028'0000 to 0x1040'ffff] { section .intvec };
"P1":  place in [from 0x1028'0000 to 0x1040'ffff] { ro };
"P2":  place in [from 0x2808'0000 to 0x280b'ffff] { rw };
define block HEAP with size = 1K, alignment = 8 { };
define block CSTACK with size = 8K, alignment = 8 { };
define block HEAP_STACK { block HEAP, last block CSTACK };
"A1":  place at end of [from 0x2808'0000 to 0x280b'ffff] { block HEAP_STACK };
do not initialize { section .intvec_ram };
initialize by copy { rw };

No sections matched the following patterns:

  ro section .sflash_app_prot  in "P6"
  ro section .sflash_nar       in "P4"
  ro section .sflash_pkey      in "P5"
  ro section .sflash_toc2      in "P7"
  ro section .sflash_uf_rows   in "P3"
  ro section .work_flash       in "P8"


  Section            Kind         Address    Size  Object
  -------            ----         -------    ----  ------
"A0":                                        0x80
  .intvec            ro code  0x1028'0000    0x80  startup_cm7.o [30]
                            - 0x1028'0080    0x80

"P1":                                       0x93e
  .text              ro code  0x1028'0080   0x204  startup.o [30]
  .text              ro code  0x1028'0284    0x24  system_tviibh4m_cm7.o [21]
  .text              ro code  0x1028'02a8    0x86  ABImemcpy.o [51]
  .text              ro code  0x1028'032e    0x7e  lz77_init_single.o [51]
  .text              ro code  0x1028'03ac     0x8  startup_cm7.o [30]
  .text              ro code  0x1028'03b4     0x6  startup_cm7.o [30]
  .text              ro code  0x1028'03bc   0x198  cy_interrupt_map.o [22]
  .text              ro code  0x1028'0554    0xb0  startup_cm7.o [30]
  .text              ro code  0x1028'0604    0xa4  cy_syslib.o [35]
  .text              ro code  0x1028'06a8     0x2  cy_syslib.o [35]
  .text              ro code  0x1028'06aa    0x38  zero_init3.o [51]
  .text              ro code  0x1028'06e4    0x28  data_init.o [51]
  .text              ro code  0x1028'070c    0x22  fpinit_M.o [50]
  .iar.init_table    const    0x1028'0730    0x20  - Linker created -
  .text              ro code  0x1028'0750    0x20  startup_cm7.o [30]
  .text              ro code  0x1028'0770    0x1e  cy_syslib_iar.o [35]
  .text              ro code  0x1028'0790    0x1e  cmain.o [51]
  .text              ro code  0x1028'07b0     0x4  startup_cm7.o [30]
  .text              ro code  0x1028'07b4     0x2  main_cm7_1.o [44]
  .text              ro code  0x1028'07b6     0x4  exit.o [49]
  .text              ro code  0x1028'07bc     0xa  cexit.o [51]
  .text              ro code  0x1028'07c8    0x14  exit.o [52]
  .text              ro code  0x1028'07dc    0x1c  startup_cm7.o [30]
  .text              ro code  0x1028'07f8    0x1c  cstartup_M.o [51]
  .rodata            const    0x1028'0814    0x18  startup.o [30]
  .text              ro code  0x1028'082c     0xc  cy_syslib.o [35]
  .rodata            const    0x1028'0838     0x4  cy_interrupt_map.o [22]
  .rodata            const    0x1028'083c     0x4  cy_interrupt_map.o [22]
  .rodata            const    0x1028'0840     0x4  cy_interrupt_map.o [22]
  .rodata            const    0x1028'0844     0x4  cy_interrupt_map.o [22]
  .rodata            const    0x1028'0848     0x4  cy_interrupt_map.o [22]
  .rodata            const    0x1028'084c     0x4  cy_interrupt_map.o [22]
  .rodata            const    0x1028'0850     0x4  cy_interrupt_map.o [22]
  .rodata            const    0x1028'0854     0x4  cy_interrupt_map.o [22]
  .text              ro code  0x1028'0858     0x4  startup_cm7.o [30]
  .text              ro code  0x1028'085c     0x4  startup_cm7.o [30]
  .text              ro code  0x1028'0860     0x4  startup_cm7.o [30]
  .text              ro code  0x1028'0864     0x4  startup_cm7.o [30]
  .text              ro code  0x1028'0868     0x4  startup_cm7.o [30]
  .text              ro code  0x1028'086c     0x4  startup_cm7.o [30]
  .text              ro code  0x1028'0870     0x4  startup_cm7.o [30]
  .text              ro code  0x1028'0874     0x4  startup_cm7.o [30]
  .text              ro code  0x1028'0878     0x4  startup_cm7.o [30]
  .text              ro code  0x1028'087c     0x4  startup_cm7.o [30]
  .text              ro code  0x1028'0880     0x4  startup_cm7.o [30]
  .text              ro code  0x1028'0884     0x4  startup_cm7.o [30]
  .text              ro code  0x1028'0888     0x4  startup_cm7.o [30]
  .text              ro code  0x1028'088c     0x4  startup_cm7.o [30]
  .text              ro code  0x1028'0890     0x4  startup_cm7.o [30]
  .rodata            const    0x1028'0894     0x0  zero_init3.o [51]
  .rodata            const    0x1028'0894     0x0  lz77_init_single.o [51]
  Initializer bytes  const    0x1028'0894    0x1a  <for P2-1>
                            - 0x1028'08ae   0x82e

"P2", part 1 of 3:                          0x6ec
  P2-1                        0x2808'0000   0x6ec  <Init block>
    .data            inited   0x2808'0000   0x6ec  cy_interrupt_map.o [22]
                            - 0x2808'06ec   0x6ec

"P2", part 2 of 3:                           0x70
  .bss               zero     0x2808'06ec    0x70  cy_syslib.o [35]
                            - 0x2808'075c    0x70

"P2", part 3 of 3:                           0x80
  .intvec_ram        uninit   0x2808'0780    0x80  startup_cm7.o [30]
                            - 0x2808'0800    0x80

"A1":                                      0x2000
  HEAP_STACK                  0x280b'e000  0x2000  <Block>
    CSTACK                    0x280b'e000  0x2000  <Block>
      CSTACK         uninit   0x280b'e000  0x2000  <Block tail>
                            - 0x280c'0000  0x2000

Unused ranges:

         From           To       Size
         ----           --       ----
  0x1028'09be  0x1040'ffff  0x18'f642
  0x2808'075c  0x2808'077f       0x24
  0x2808'0800  0x280b'dfff   0x3'd800


*******************************************************************************
*** INIT TABLE
***

          Address      Size
          -------      ----
Zero (__iar_zero_init3)
    1 destination range, total size 0x70:
          0x2808'06ec   0x70

Copy/lz77 (__iar_lz77_init_single3)
    1 source range, total size 0x1a (1% of destination):
          0x1028'0894   0x1a
    1 destination range, total size 0x6ec:
          0x2808'0000  0x6ec



*******************************************************************************
*** MODULE SUMMARY
***

    Module                 ro code  ro data  rw data
    ------                 -------  -------  -------
command line/config:
    ------------------------------------------------
    Total:

C:\IAR\iar\Debug_m7_1\Obj\adc_11722776235721520015.dir: [1]
    ------------------------------------------------
    Total:

C:\IAR\iar\Debug_m7_1\Obj\audioss_1346650047966882938.dir: [2]
    ------------------------------------------------
    Total:

C:\IAR\iar\Debug_m7_1\Obj\button_4990804375159372270.dir: [3]
    ------------------------------------------------
    Total:

C:\IAR\iar\Debug_m7_1\Obj\canfd_1800690984773873875.dir: [4]
    ------------------------------------------------
    Total:

C:\IAR\iar\Debug_m7_1\Obj\cpu_15938736945165268644.dir: [5]
    ------------------------------------------------
    Total:

C:\IAR\iar\Debug_m7_1\Obj\crypto_1190170608956581615.dir: [6]
    ------------------------------------------------
    Total:

C:\IAR\iar\Debug_m7_1\Obj\dma_12106025507578611576.dir: [7]
    ------------------------------------------------
    Total:

C:\IAR\iar\Debug_m7_1\Obj\eth_phy_18133017486186456677.dir: [8]
    ------------------------------------------------
    Total:

C:\IAR\iar\Debug_m7_1\Obj\ethernet_6029839089178797009.dir: [9]
    ------------------------------------------------
    Total:

C:\IAR\iar\Debug_m7_1\Obj\evtgen_3404189088603873129.dir: [10]
    ------------------------------------------------
    Total:

C:\IAR\iar\Debug_m7_1\Obj\flash_8529866181315662935.dir: [11]
    ------------------------------------------------
    Total:

C:\IAR\iar\Debug_m7_1\Obj\flash_864493325053435817.dir: [12]
    ------------------------------------------------
    Total:

C:\IAR\iar\Debug_m7_1\Obj\gpio_3999404635324069351.dir: [13]
    ------------------------------------------------
    Total:

C:\IAR\iar\Debug_m7_1\Obj\ipc_10145506163450686023.dir: [14]
    ------------------------------------------------
    Total:

C:\IAR\iar\Debug_m7_1\Obj\lin_18429031207028094880.dir: [15]
    ------------------------------------------------
    Total:

C:\IAR\iar\Debug_m7_1\Obj\lvd_6353935867039560245.dir: [16]
    ------------------------------------------------
    Total:

C:\IAR\iar\Debug_m7_1\Obj\mcwdt_4052485907822033969.dir: [17]
    ------------------------------------------------
    Total:

C:\IAR\iar\Debug_m7_1\Obj\mpu_5663187252346826382.dir: [18]
    ------------------------------------------------
    Total:

C:\IAR\iar\Debug_m7_1\Obj\power_14453085144426420577.dir: [19]
    ------------------------------------------------
    Total:

C:\IAR\iar\Debug_m7_1\Obj\prot_10722960861768657883.dir: [20]
    ------------------------------------------------
    Total:

C:\IAR\iar\Debug_m7_1\Obj\rev_b_4986922561640112550.dir: [21]
    system_tviibh4m_cm7.o       36
    ------------------------------------------------
    Total:                      36

C:\IAR\iar\Debug_m7_1\Obj\rev_b_6162237342861132223.dir: [22]
    cy_interrupt_map.o         408       58    1'772
    ------------------------------------------------
    Total:                     408       58    1'772

C:\IAR\iar\Debug_m7_1\Obj\scb_15490842639181808494.dir: [23]
    ------------------------------------------------
    Total:

C:\IAR\iar\Debug_m7_1\Obj\sd_host_2982766354293506895.dir: [24]
    ------------------------------------------------
    Total:

C:\IAR\iar\Debug_m7_1\Obj\semihosting_143864889731838620.dir: [25]
    ------------------------------------------------
    Total:

C:\IAR\iar\Debug_m7_1\Obj\smartio_5451710003740070188.dir: [26]
    ------------------------------------------------
    Total:

C:\IAR\iar\Debug_m7_1\Obj\smif_427648126384146252.dir: [27]
    ------------------------------------------------
    Total:

C:\IAR\iar\Debug_m7_1\Obj\smif_mem_6470536964353725183.dir: [28]
    ------------------------------------------------
    Total:

C:\IAR\iar\Debug_m7_1\Obj\srom_13018798572330080582.dir: [29]
    ------------------------------------------------
    Total:

C:\IAR\iar\Debug_m7_1\Obj\startup_479057977785470282.dir: [30]
    startup.o                  516       24
    startup_cm7.o              442               128
    ------------------------------------------------
    Total:                     958       24      128

C:\IAR\iar\Debug_m7_1\Obj\sw_timer_4215635015939382130.dir: [31]
    ------------------------------------------------
    Total:

C:\IAR\iar\Debug_m7_1\Obj\sysclk_16149231235676103872.dir: [32]
    ------------------------------------------------
    Total:

C:\IAR\iar\Debug_m7_1\Obj\sysflt_12293435975120599261.dir: [33]
    ------------------------------------------------
    Total:

C:\IAR\iar\Debug_m7_1\Obj\sysint_7435970359207984181.dir: [34]
    ------------------------------------------------
    Total:

C:\IAR\iar\Debug_m7_1\Obj\syslib_16330585751512546975.dir: [35]
    cy_syslib.o                178               112
    cy_syslib_iar.o             30
    ------------------------------------------------
    Total:                     208               112

C:\IAR\iar\Debug_m7_1\Obj\syspm_10887939769544754770.dir: [36]
    ------------------------------------------------
    Total:

C:\IAR\iar\Debug_m7_1\Obj\sysreghc_17676636058511625587.dir: [37]
    ------------------------------------------------
    Total:

C:\IAR\iar\Debug_m7_1\Obj\sysreset_14586141425677365288.dir: [38]
    ------------------------------------------------
    Total:

C:\IAR\iar\Debug_m7_1\Obj\sysrtc_10747768817563771611.dir: [39]
    ------------------------------------------------
    Total:

C:\IAR\iar\Debug_m7_1\Obj\systick_16016591671695740695.dir: [40]
    ------------------------------------------------
    Total:

C:\IAR\iar\Debug_m7_1\Obj\syswdt_9118657615806274156.dir: [41]
    ------------------------------------------------
    Total:

C:\IAR\iar\Debug_m7_1\Obj\tcpwm_422923530147891246.dir: [42]
    ------------------------------------------------
    Total:

C:\IAR\iar\Debug_m7_1\Obj\trigmux_9729677290734583340.dir: [43]
    ------------------------------------------------
    Total:

C:\IAR\iar\Debug_m7_1\Obj\user_8514941877209965082.dir: [44]
    main_cm7_1.o                 2
    ------------------------------------------------
    Total:                       2

C:\IAR\iar\Debug_m7_1\Obj\zf_common_1201165462030747823.dir: [45]
    ------------------------------------------------
    Total:

C:\IAR\iar\Debug_m7_1\Obj\zf_components_14936052685886095442.dir: [46]
    ------------------------------------------------
    Total:

C:\IAR\iar\Debug_m7_1\Obj\zf_device_6570275422786408770.dir: [47]
    ------------------------------------------------
    Total:

C:\IAR\iar\Debug_m7_1\Obj\zf_driver_11922370083829174090.dir: [48]
    ------------------------------------------------
    Total:

dl7M_tln.a: [49]
    exit.o                       4
    ------------------------------------------------
    Total:                       4

m7M_tlv.a: [50]
    fpinit_M.o                  34
    ------------------------------------------------
    Total:                      34

rt7M_tl.a: [51]
    ABImemcpy.o                134
    cexit.o                     10
    cmain.o                     30
    cstartup_M.o                28
    data_init.o                 40
    lz77_init_single.o         126
    zero_init3.o                56
    ------------------------------------------------
    Total:                     424

shb_l.a: [52]
    exit.o                      20
    ------------------------------------------------
    Total:                      20

    Gaps                        12        2
    Linker created                       32    8'192
----------------------------------------------------
    Grand Total:             2'106      116   10'204


*******************************************************************************
*** ENTRY LIST
***

Entry                       Address   Size  Type      Object
-----                       -------   ----  ----      ------
.iar.init_table$$Base   0x1028'0730          --   Gb  - Linker created -
.iar.init_table$$Limit  0x1028'0750          --   Gb  - Linker created -
?main                   0x1028'0791         Code  Gb  cmain.o [51]
BusFault_Handler        0x1028'0861         Code  Wk  startup_cm7.o [30]
CSTACK$$Base            0x280b'e000          --   Gb  - Linker created -
CSTACK$$Limit           0x280c'0000          --   Gb  - Linker created -
CopyVectorTable         0x1028'0221   0x34  Code  Lc  startup.o [30]
CpuUserInt0_Handler     0x1028'03db   0x26  Code  Gb  cy_interrupt_map.o [22]
CpuUserInt10_Handler    0x1028'087d         Code  Wk  startup_cm7.o [30]
CpuUserInt11_Handler    0x1028'0881         Code  Wk  startup_cm7.o [30]
CpuUserInt12_Handler    0x1028'0885         Code  Wk  startup_cm7.o [30]
CpuUserInt13_Handler    0x1028'0889         Code  Wk  startup_cm7.o [30]
CpuUserInt14_Handler    0x1028'088d         Code  Wk  startup_cm7.o [30]
CpuUserInt15_Handler    0x1028'0891         Code  Wk  startup_cm7.o [30]
CpuUserInt1_Handler     0x1028'0401   0x26  Code  Gb  cy_interrupt_map.o [22]
CpuUserInt2_Handler     0x1028'0427   0x26  Code  Gb  cy_interrupt_map.o [22]
CpuUserInt3_Handler     0x1028'044d   0x26  Code  Gb  cy_interrupt_map.o [22]
CpuUserInt4_Handler     0x1028'0473   0x26  Code  Gb  cy_interrupt_map.o [22]
CpuUserInt5_Handler     0x1028'0499   0x26  Code  Gb  cy_interrupt_map.o [22]
CpuUserInt6_Handler     0x1028'04bf   0x26  Code  Gb  cy_interrupt_map.o [22]
CpuUserInt7_Handler     0x1028'04e5   0x26  Code  Gb  cy_interrupt_map.o [22]
CpuUserInt8_Handler     0x1028'0875         Code  Wk  startup_cm7.o [30]
CpuUserInt9_Handler     0x1028'0879         Code  Wk  startup_cm7.o [30]
Cy_DefaultUserHandler   0x1028'03d9    0x2  Code  Gb  cy_interrupt_map.o [22]
Cy_RestoreIRQ           0x1028'03b5         Code  Gb  startup_cm7.o [30]
Cy_SaveIRQ              0x1028'03ad         Code  Gb  startup_cm7.o [30]
Cy_SysLib_DelayCycles   0x1028'0771         Code  Gb  cy_syslib_iar.o [35]
Cy_SysLib_EnterCriticalSection
                        0x1028'0781         Code  Gb  cy_syslib_iar.o [35]
Cy_SysLib_ExitCriticalSection
                        0x1028'0789         Code  Gb  cy_syslib_iar.o [35]
Cy_SysLib_FaultHandler  0x1028'0605   0x90  Code  Gb  cy_syslib.o [35]
Cy_SysLib_ProcessingFault
                        0x1028'06a9    0x2  Code  Wk  cy_syslib.o [35]
Cy_SysLib_SvcHandler    0x1028'082d    0xc  Code  Wk  cy_syslib.o [35]
Cy_SystemInitFpuEnable  0x1028'0285   0x1e  Code  Gb  system_tviibh4m_cm7.o [21]
Cy_SystemIrqUserTable   0x2808'0000  0x6ec  Data  Gb  cy_interrupt_map.o [22]
Cy_u32StartupStackEndAddress
                        0x1028'0600         Data  Gb  startup_cm7.o [30]
Cy_u32StartupStackStartAddress
                        0x1028'05fc         Data  Gb  startup_cm7.o [30]
DebugMon_Handler        0x1028'0869         Code  Wk  startup_cm7.o [30]
HEAP_STACK$$Base        0x280b'e000          --   Gb  - Linker created -
HEAP_STACK$$Limit       0x280c'0000          --   Gb  - Linker created -
HardFault_Handler       0x1028'0751         Code  Wk  startup_cm7.o [30]
InitRamEcc              0x1028'010f  0x100  Code  Lc  startup.o [30]
InitRamEccClearArea     0x1028'020f   0x12  Code  Lc  startup.o [30]
MemManage_Handler       0x1028'085d         Code  Wk  startup_cm7.o [30]
NMI_Handler             0x1028'0859         Code  Wk  startup_cm7.o [30]
PendSV_Handler          0x1028'086d         Code  Wk  startup_cm7.o [30]
Region$$Table$$Base     0x1028'0730          --   Gb  - Linker created -
Region$$Table$$Limit    0x1028'0750          --   Gb  - Linker created -
Reset_Handler           0x1028'0555         Code  Wk  startup_cm7.o [30]
SVC_Handler             0x1028'07dd         Code  Wk  startup_cm7.o [30]
Startup_Init            0x1028'0081   0x8e  Code  Gb  startup.o [30]
SysTick_Handler         0x1028'0871         Code  Wk  startup_cm7.o [30]
UsageFault_Handler      0x1028'0865         Code  Wk  startup_cm7.o [30]
__NVIC_ClearPendingIRQ  0x1028'03bd   0x1c  Code  Lc  cy_interrupt_map.o [22]
__Vectors               0x1028'0000          --   Gb  startup_cm7.o [30]
__Vectors_End           0x1028'0080         Data  Gb  startup_cm7.o [30]
__Vectors_Size {Abs}           0x80          --   Gb  startup_cm7.o [30]
__aeabi_memcpy4         0x1028'02a9         Code  Gb  ABImemcpy.o [51]
__aeabi_memcpy8         0x1028'02a9         Code  Gb  ABImemcpy.o [51]
__cmain                 0x1028'0791         Code  Gb  cmain.o [51]
__ecc_init_dtcm_end_address {Abs}
                        0x2000'3fff         Data  Gb  <internal module>
__ecc_init_dtcm_start_address {Abs}
                        0x2000'0000         Data  Gb  <internal module>
__ecc_init_itcm_end_address {Abs}
                             0x3fff         Data  Gb  <internal module>
__ecc_init_itcm_start_address {Abs}
                                0x0         Data  Gb  <internal module>
__ecc_init_sram_end_address {Abs}
                        0x280b'ffff         Data  Gb  <internal module>
__ecc_init_sram_start_address {Abs}
                        0x2808'0000         Data  Gb  <internal module>
__exit                  0x1028'07c9   0x14  Code  Gb  exit.o [52]
__iar_data_init3        0x1028'06e5   0x28  Code  Gb  data_init.o [51]
__iar_init_vfp          0x1028'070d         Code  Gb  fpinit_M.o [50]
__iar_lz77_init_single3
                        0x1028'032f   0x7e  Code  Gb  lz77_init_single.o [51]
__iar_program_start     0x1028'07f9         Code  Gb  cstartup_M.o [51]
__iar_zero_init3        0x1028'06ab   0x38  Code  Gb  zero_init3.o [51]
__low_level_init        0x1028'07b1         Code  Gb  startup_cm7.o [30]
__ramVectors            0x2808'0780         Data  Gb  startup_cm7.o [30]
__vector_table          0x1028'0000         Data  Gb  startup_cm7.o [30]
__vector_table_0x1c     0x1028'001c         Data  Gb  startup_cm7.o [30]
_call_main              0x1028'079d         Code  Gb  cmain.o [51]
_exit                   0x1028'07bd         Code  Gb  cexit.o [51]
cy_faultFrame           0x2808'06ec   0x70  Data  Gb  cy_syslib.o [35]
exit                    0x1028'07b7    0x4  Code  Gb  exit.o [49]
main                    0x1028'07b5    0x2  Code  Gb  main_cm7_1.o [44]


[1] = C:\IAR\iar\Debug_m7_1\Obj\adc_11722776235721520015.dir
[2] = C:\IAR\iar\Debug_m7_1\Obj\audioss_1346650047966882938.dir
[3] = C:\IAR\iar\Debug_m7_1\Obj\button_4990804375159372270.dir
[4] = C:\IAR\iar\Debug_m7_1\Obj\canfd_1800690984773873875.dir
[5] = C:\IAR\iar\Debug_m7_1\Obj\cpu_15938736945165268644.dir
[6] = C:\IAR\iar\Debug_m7_1\Obj\crypto_1190170608956581615.dir
[7] = C:\IAR\iar\Debug_m7_1\Obj\dma_12106025507578611576.dir
[8] = C:\IAR\iar\Debug_m7_1\Obj\eth_phy_18133017486186456677.dir
[9] = C:\IAR\iar\Debug_m7_1\Obj\ethernet_6029839089178797009.dir
[10] = C:\IAR\iar\Debug_m7_1\Obj\evtgen_3404189088603873129.dir
[11] = C:\IAR\iar\Debug_m7_1\Obj\flash_8529866181315662935.dir
[12] = C:\IAR\iar\Debug_m7_1\Obj\flash_864493325053435817.dir
[13] = C:\IAR\iar\Debug_m7_1\Obj\gpio_3999404635324069351.dir
[14] = C:\IAR\iar\Debug_m7_1\Obj\ipc_10145506163450686023.dir
[15] = C:\IAR\iar\Debug_m7_1\Obj\lin_18429031207028094880.dir
[16] = C:\IAR\iar\Debug_m7_1\Obj\lvd_6353935867039560245.dir
[17] = C:\IAR\iar\Debug_m7_1\Obj\mcwdt_4052485907822033969.dir
[18] = C:\IAR\iar\Debug_m7_1\Obj\mpu_5663187252346826382.dir
[19] = C:\IAR\iar\Debug_m7_1\Obj\power_14453085144426420577.dir
[20] = C:\IAR\iar\Debug_m7_1\Obj\prot_10722960861768657883.dir
[21] = C:\IAR\iar\Debug_m7_1\Obj\rev_b_4986922561640112550.dir
[22] = C:\IAR\iar\Debug_m7_1\Obj\rev_b_6162237342861132223.dir
[23] = C:\IAR\iar\Debug_m7_1\Obj\scb_15490842639181808494.dir
[24] = C:\IAR\iar\Debug_m7_1\Obj\sd_host_2982766354293506895.dir
[25] = C:\IAR\iar\Debug_m7_1\Obj\semihosting_143864889731838620.dir
[26] = C:\IAR\iar\Debug_m7_1\Obj\smartio_5451710003740070188.dir
[27] = C:\IAR\iar\Debug_m7_1\Obj\smif_427648126384146252.dir
[28] = C:\IAR\iar\Debug_m7_1\Obj\smif_mem_6470536964353725183.dir
[29] = C:\IAR\iar\Debug_m7_1\Obj\srom_13018798572330080582.dir
[30] = C:\IAR\iar\Debug_m7_1\Obj\startup_479057977785470282.dir
[31] = C:\IAR\iar\Debug_m7_1\Obj\sw_timer_4215635015939382130.dir
[32] = C:\IAR\iar\Debug_m7_1\Obj\sysclk_16149231235676103872.dir
[33] = C:\IAR\iar\Debug_m7_1\Obj\sysflt_12293435975120599261.dir
[34] = C:\IAR\iar\Debug_m7_1\Obj\sysint_7435970359207984181.dir
[35] = C:\IAR\iar\Debug_m7_1\Obj\syslib_16330585751512546975.dir
[36] = C:\IAR\iar\Debug_m7_1\Obj\syspm_10887939769544754770.dir
[37] = C:\IAR\iar\Debug_m7_1\Obj\sysreghc_17676636058511625587.dir
[38] = C:\IAR\iar\Debug_m7_1\Obj\sysreset_14586141425677365288.dir
[39] = C:\IAR\iar\Debug_m7_1\Obj\sysrtc_10747768817563771611.dir
[40] = C:\IAR\iar\Debug_m7_1\Obj\systick_16016591671695740695.dir
[41] = C:\IAR\iar\Debug_m7_1\Obj\syswdt_9118657615806274156.dir
[42] = C:\IAR\iar\Debug_m7_1\Obj\tcpwm_422923530147891246.dir
[43] = C:\IAR\iar\Debug_m7_1\Obj\trigmux_9729677290734583340.dir
[44] = C:\IAR\iar\Debug_m7_1\Obj\user_8514941877209965082.dir
[45] = C:\IAR\iar\Debug_m7_1\Obj\zf_common_1201165462030747823.dir
[46] = C:\IAR\iar\Debug_m7_1\Obj\zf_components_14936052685886095442.dir
[47] = C:\IAR\iar\Debug_m7_1\Obj\zf_device_6570275422786408770.dir
[48] = C:\IAR\iar\Debug_m7_1\Obj\zf_driver_11922370083829174090.dir
[49] = dl7M_tln.a
[50] = m7M_tlv.a
[51] = rt7M_tl.a
[52] = shb_l.a
[53] = zf_device_config.a

   2'106 bytes of readonly  code memory
     116 bytes of readonly  data memory
  10'204 bytes of readwrite data memory

Errors: none
Warnings: none
